Archive member included to satisfy reference by file (symbol)

/home/saloutos/.eclipse/com.st.stm32cube.ide.mcu.rcp.product_1.10.1_492108868_linux_gtk_x86_64/plugins/com.st.stm32cube.ide.mcu.externaltools.gnu-tools-for-stm32.10.3-2021.10.linux64_1.0.100.202210260954/tools/bin/../lib/gcc/arm-none-eabi/10.3.1/../../../../arm-none-eabi/lib/thumb/v7e-m+fp/hard/libc_nano.a(lib_a-atof.o)
                              ./Core/Src/fsm.o (atof)
/home/saloutos/.eclipse/com.st.stm32cube.ide.mcu.rcp.product_1.10.1_492108868_linux_gtk_x86_64/plugins/com.st.stm32cube.ide.mcu.externaltools.gnu-tools-for-stm32.10.3-2021.10.linux64_1.0.100.202210260954/tools/bin/../lib/gcc/arm-none-eabi/10.3.1/../../../../arm-none-eabi/lib/thumb/v7e-m+fp/hard/libc_nano.a(lib_a-atoi.o)
                              ./Core/Src/fsm.o (atoi)
/home/saloutos/.eclipse/com.st.stm32cube.ide.mcu.rcp.product_1.10.1_492108868_linux_gtk_x86_64/plugins/com.st.stm32cube.ide.mcu.externaltools.gnu-tools-for-stm32.10.3-2021.10.linux64_1.0.100.202210260954/tools/bin/../lib/gcc/arm-none-eabi/10.3.1/../../../../arm-none-eabi/lib/thumb/v7e-m+fp/hard/libc_nano.a(lib_a-errno.o)
                              ./Core/Src/syscalls.o (__errno)
/home/saloutos/.eclipse/com.st.stm32cube.ide.mcu.rcp.product_1.10.1_492108868_linux_gtk_x86_64/plugins/com.st.stm32cube.ide.mcu.externaltools.gnu-tools-for-stm32.10.3-2021.10.linux64_1.0.100.202210260954/tools/bin/../lib/gcc/arm-none-eabi/10.3.1/../../../../arm-none-eabi/lib/thumb/v7e-m+fp/hard/libc_nano.a(lib_a-exit.o)
                              /home/saloutos/.eclipse/com.st.stm32cube.ide.mcu.rcp.product_1.10.1_492108868_linux_gtk_x86_64/plugins/com.st.stm32cube.ide.mcu.externaltools.gnu-tools-for-stm32.10.3-2021.10.linux64_1.0.100.202210260954/tools/bin/../lib/gcc/arm-none-eabi/10.3.1/../../../../arm-none-eabi/lib/thumb/v7e-m+fp/hard/crt0.o (exit)
/home/saloutos/.eclipse/com.st.stm32cube.ide.mcu.rcp.product_1.10.1_492108868_linux_gtk_x86_64/plugins/com.st.stm32cube.ide.mcu.externaltools.gnu-tools-for-stm32.10.3-2021.10.linux64_1.0.100.202210260954/tools/bin/../lib/gcc/arm-none-eabi/10.3.1/../../../../arm-none-eabi/lib/thumb/v7e-m+fp/hard/libc_nano.a(lib_a-impure.o)
                              /home/saloutos/.eclipse/com.st.stm32cube.ide.mcu.rcp.product_1.10.1_492108868_linux_gtk_x86_64/plugins/com.st.stm32cube.ide.mcu.externaltools.gnu-tools-for-stm32.10.3-2021.10.linux64_1.0.100.202210260954/tools/bin/../lib/gcc/arm-none-eabi/10.3.1/../../../../arm-none-eabi/lib/thumb/v7e-m+fp/hard/libc_nano.a(lib_a-exit.o) (_global_impure_ptr)
/home/saloutos/.eclipse/com.st.stm32cube.ide.mcu.rcp.product_1.10.1_492108868_linux_gtk_x86_64/plugins/com.st.stm32cube.ide.mcu.externaltools.gnu-tools-for-stm32.10.3-2021.10.linux64_1.0.100.202210260954/tools/bin/../lib/gcc/arm-none-eabi/10.3.1/../../../../arm-none-eabi/lib/thumb/v7e-m+fp/hard/libc_nano.a(lib_a-init.o)
                              /home/saloutos/.eclipse/com.st.stm32cube.ide.mcu.rcp.product_1.10.1_492108868_linux_gtk_x86_64/plugins/com.st.stm32cube.ide.mcu.externaltools.gnu-tools-for-stm32.10.3-2021.10.linux64_1.0.100.202210260954/tools/bin/../lib/gcc/arm-none-eabi/10.3.1/../../../../arm-none-eabi/lib/thumb/v7e-m+fp/hard/crt0.o (__libc_init_array)
/home/saloutos/.eclipse/com.st.stm32cube.ide.mcu.rcp.product_1.10.1_492108868_linux_gtk_x86_64/plugins/com.st.stm32cube.ide.mcu.externaltools.gnu-tools-for-stm32.10.3-2021.10.linux64_1.0.100.202210260954/tools/bin/../lib/gcc/arm-none-eabi/10.3.1/../../../../arm-none-eabi/lib/thumb/v7e-m+fp/hard/libc_nano.a(lib_a-memcpy-stub.o)
                              ./Core/Src/fsm.o (memcpy)
/home/saloutos/.eclipse/com.st.stm32cube.ide.mcu.rcp.product_1.10.1_492108868_linux_gtk_x86_64/plugins/com.st.stm32cube.ide.mcu.externaltools.gnu-tools-for-stm32.10.3-2021.10.linux64_1.0.100.202210260954/tools/bin/../lib/gcc/arm-none-eabi/10.3.1/../../../../arm-none-eabi/lib/thumb/v7e-m+fp/hard/libc_nano.a(lib_a-memset.o)
                              /home/saloutos/.eclipse/com.st.stm32cube.ide.mcu.rcp.product_1.10.1_492108868_linux_gtk_x86_64/plugins/com.st.stm32cube.ide.mcu.externaltools.gnu-tools-for-stm32.10.3-2021.10.linux64_1.0.100.202210260954/tools/bin/../lib/gcc/arm-none-eabi/10.3.1/../../../../arm-none-eabi/lib/thumb/v7e-m+fp/hard/crt0.o (memset)
/home/saloutos/.eclipse/com.st.stm32cube.ide.mcu.rcp.product_1.10.1_492108868_linux_gtk_x86_64/plugins/com.st.stm32cube.ide.mcu.externaltools.gnu-tools-for-stm32.10.3-2021.10.linux64_1.0.100.202210260954/tools/bin/../lib/gcc/arm-none-eabi/10.3.1/../../../../arm-none-eabi/lib/thumb/v7e-m+fp/hard/libc_nano.a(lib_a-nano-vfprintf_float.o)
                              (_printf_float)
[...]
Memory Configuration

Name             Origin             Length             Attributes
RAM              0x0000000020000000 0x0000000000020000 xrw
FLASH            0x0000000008000000 0x0000000000080000 xr
*default*        0x0000000000000000 0xffffffffffffffff

Linker script and memory map

LOAD /home/saloutos/.eclipse/com.st.stm32cube.ide.mcu.rcp.product_1.10.1_492108868_linux_gtk_x86_64/plugins/com.st.stm32cube.ide.mcu.externaltools.gnu-tools-for-stm32.10.3-2021.10.linux64_1.0.100.202210260954/tools/bin/../lib/gcc/arm-none-eabi/10.3.1/thumb/v7e-m+fp/hard/crti.o
LOAD /home/saloutos/.eclipse/com.st.stm32cube.ide.mcu.rcp.product_1.10.1_492108868_linux_gtk_x86_64/plugins/com.st.stm32cube.ide.mcu.externaltools.gnu-tools-for-stm32.10.3-2021.10.linux64_1.0.100.202210260954/tools/bin/../lib/gcc/arm-none-eabi/10.3.1/thumb/v7e-m+fp/hard/crtbegin.o
LOAD /home/saloutos/.eclipse/com.st.stm32cube.ide.mcu.rcp.product_1.10.1_492108868_linux_gtk_x86_64/plugins/com.st.stm32cube.ide.mcu.externaltools.gnu-tools-for-stm32.10.3-2021.10.linux64_1.0.100.202210260954/tools/bin/../lib/gcc/arm-none-eabi/10.3.1/../../../../arm-none-eabi/lib/thumb/v7e-m+fp/hard/crt0.o
LOAD ./Core/Src/adc.o
LOAD ./Core/Src/calibration.o
LOAD ./Core/Src/can.o
LOAD ./Core/Src/drv8323.o
LOAD ./Core/Src/flash_writer.o
LOAD ./Core/Src/foc.o
LOAD ./Core/Src/fsm.o
LOAD ./Core/Src/gpio.o
LOAD ./Core/Src/main.o
LOAD ./Core/Src/math_ops.o
LOAD ./Core/Src/position_sensor.o
LOAD ./Core/Src/preference_writer.o
LOAD ./Core/Src/spi.o
LOAD ./Core/Src/stm32f4xx_flash.o
LOAD ./Core/Src/stm32f4xx_hal_msp.o
LOAD ./Core/Src/stm32f4xx_it.o
LOAD ./Core/Src/syscalls.o
LOAD ./Core/Src/sysmem.o
LOAD ./Core/Src/system_stm32f4xx.o
LOAD ./Core/Src/tim.o
LOAD ./Core/Src/usart.o
LOAD ./Core/Startup/startup_stm32f446retx.o
LOAD ./Drivers/STM32F4xx_HAL_Driver/Src/stm32f4xx_hal.o
LOAD ./Drivers/STM32F4xx_HAL_Driver/Src/stm32f4xx_hal_adc.o
LOAD ./Drivers/STM32F4xx_HAL_Driver/Src/stm32f4xx_hal_adc_ex.o
LOAD ./Drivers/STM32F4xx_HAL_Driver/Src/stm32f4xx_hal_can.o
LOAD ./Drivers/STM32F4xx_HAL_Driver/Src/stm32f4xx_hal_cortex.o
LOAD ./Drivers/STM32F4xx_HAL_Driver/Src/stm32f4xx_hal_dma.o
LOAD ./Drivers/STM32F4xx_HAL_Driver/Src/stm32f4xx_hal_dma_ex.o
LOAD ./Drivers/STM32F4xx_HAL_Driver/Src/stm32f4xx_hal_exti.o
LOAD ./Drivers/STM32F4xx_HAL_Driver/Src/stm32f4xx_hal_flash.o
LOAD ./Drivers/STM32F4xx_HAL_Driver/Src/stm32f4xx_hal_flash_ex.o
LOAD ./Drivers/STM32F4xx_HAL_Driver/Src/stm32f4xx_hal_flash_ramfunc.o
LOAD ./Drivers/STM32F4xx_HAL_Driver/Src/stm32f4xx_hal_gpio.o
LOAD ./Drivers/STM32F4xx_HAL_Driver/Src/stm32f4xx_hal_pwr.o
LOAD ./Drivers/STM32F4xx_HAL_Driver/Src/stm32f4xx_hal_pwr_ex.o
LOAD ./Drivers/STM32F4xx_HAL_Driver/Src/stm32f4xx_hal_rcc.o
LOAD ./Drivers/STM32F4xx_HAL_Driver/Src/stm32f4xx_hal_rcc_ex.o
LOAD ./Drivers/STM32F4xx_HAL_Driver/Src/stm32f4xx_hal_spi.o
LOAD ./Drivers/STM32F4xx_HAL_Driver/Src/stm32f4xx_hal_tim.o
LOAD ./Drivers/STM32F4xx_HAL_Driver/Src/stm32f4xx_hal_tim_ex.o
LOAD ./Drivers/STM32F4xx_HAL_Driver/Src/stm32f4xx_hal_uart.o
LOAD ./Drivers/STM32F4xx_HAL_Driver/Src/stm32f4xx_ll_adc.o
START GROUP
LOAD /home/saloutos/.eclipse/com.st.stm32cube.ide.mcu.rcp.product_1.10.1_492108868_linux_gtk_x86_64/plugins/com.st.stm32cube.ide.mcu.externaltools.gnu-tools-for-stm32.10.3-2021.10.linux64_1.0.100.202210260954/tools/bin/../lib/gcc/arm-none-eabi/10.3.1/../../../../arm-none-eabi/lib/thumb/v7e-m+fp/hard/libc_nano.a
LOAD /home/saloutos/.eclipse/com.st.stm32cube.ide.mcu.rcp.product_1.10.1_492108868_linux_gtk_x86_64/plugins/com.st.stm32cube.ide.mcu.externaltools.gnu-tools-for-stm32.10.3-2021.10.linux64_1.0.100.202210260954/tools/bin/../lib/gcc/arm-none-eabi/10.3.1/../../../../arm-none-eabi/lib/thumb/v7e-m+fp/hard/libm.a
END GROUP
START GROUP
LOAD /home/saloutos/.eclipse/com.st.stm32cube.ide.mcu.rcp.product_1.10.1_492108868_linux_gtk_x86_64/plugins/com.st.stm32cube.ide.mcu.externaltools.gnu-tools-for-stm32.10.3-2021.10.linux64_1.0.100.202210260954/tools/bin/../lib/gcc/arm-none-eabi/10.3.1/thumb/v7e-m+fp/hard/libgcc.a
LOAD /home/saloutos/.eclipse/com.st.stm32cube.ide.mcu.rcp.product_1.10.1_492108868_linux_gtk_x86_64/plugins/com.st.stm32cube.ide.mcu.externaltools.gnu-tools-for-stm32.10.3-2021.10.linux64_1.0.100.202210260954/tools/bin/../lib/gcc/arm-none-eabi/10.3.1/../../../../arm-none-eabi/lib/thumb/v7e-m+fp/hard/libc_nano.a
END GROUP
START GROUP
LOAD /home/saloutos/.eclipse/com.st.stm32cube.ide.mcu.rcp.product_1.10.1_492108868_linux_gtk_x86_64/plugins/com.st.stm32cube.ide.mcu.externaltools.gnu-tools-for-stm32.10.3-2021.10.linux64_1.0.100.202210260954/tools/bin/../lib/gcc/arm-none-eabi/10.3.1/thumb/v7e-m+fp/hard/libgcc.a
LOAD /home/saloutos/.eclipse/com.st.stm32cube.ide.mcu.rcp.product_1.10.1_492108868_linux_gtk_x86_64/plugins/com.st.stm32cube.ide.mcu.externaltools.gnu-tools-for-stm32.10.3-2021.10.linux64_1.0.100.202210260954/tools/bin/../lib/gcc/arm-none-eabi/10.3.1/../../../../arm-none-eabi/lib/thumb/v7e-m+fp/hard/libc_nano.a
LOAD /home/saloutos/.eclipse/com.st.stm32cube.ide.mcu.rcp.product_1.10.1_492108868_linux_gtk_x86_64/plugins/com.st.stm32cube.ide.mcu.externaltools.gnu-tools-for-stm32.10.3-2021.10.linux64_1.0.100.202210260954/tools/bin/../lib/gcc/arm-none-eabi/10.3.1/../../../../arm-none-eabi/lib/thumb/v7e-m+fp/hard/libnosys.a
END GROUP
START GROUP
LOAD /home/saloutos/.eclipse/com.st.stm32cube.ide.mcu.rcp.product_1.10.1_492108868_linux_gtk_x86_64/plugins/com.st.stm32cube.ide.mcu.externaltools.gnu-tools-for-stm32.10.3-2021.10.linux64_1.0.100.202210260954/tools/bin/../lib/gcc/arm-none-eabi/10.3.1/thumb/v7e-m+fp/hard/libgcc.a
LOAD /home/saloutos/.eclipse/com.st.stm32cube.ide.mcu.rcp.product_1.10.1_492108868_linux_gtk_x86_64/plugins/com.st.stm32cube.ide.mcu.externaltools.gnu-tools-for-stm32.10.3-2021.10.linux64_1.0.100.202210260954/tools/bin/../lib/gcc/arm-none-eabi/10.3.1/../../../../arm-none-eabi/lib/thumb/v7e-m+fp/hard/libc_nano.a
LOAD /home/saloutos/.eclipse/com.st.stm32cube.ide.mcu.rcp.product_1.10.1_492108868_linux_gtk_x86_64/plugins/com.st.stm32cube.ide.mcu.externaltools.gnu-tools-for-stm32.10.3-2021.10.linux64_1.0.100.202210260954/tools/bin/../lib/gcc/arm-none-eabi/10.3.1/../../../../arm-none-eabi/lib/thumb/v7e-m+fp/hard/libnosys.a
END GROUP
LOAD /home/saloutos/.eclipse/com.st.stm32cube.ide.mcu.rcp.product_1.10.1_492108868_linux_gtk_x86_64/plugins/com.st.stm32cube.ide.mcu.externaltools.gnu-tools-for-stm32.10.3-2021.10.linux64_1.0.100.202210260954/tools/bin/../lib/gcc/arm-none-eabi/10.3.1/thumb/v7e-m+fp/hard/crtend.o
LOAD /home/saloutos/.eclipse/com.st.stm32cube.ide.mcu.rcp.product_1.10.1_492108868_linux_gtk_x86_64/plugins/com.st.stm32cube.ide.mcu.externaltools.gnu-tools-for-stm32.10.3-2021.10.linux64_1.0.100.202210260954/tools/bin/../lib/gcc/arm-none-eabi/10.3.1/thumb/v7e-m+fp/hard/crtn.o
                0x0000000020020000                _estack = (ORIGIN (RAM) + LENGTH (RAM))
                0x0000000000000200                _Min_Heap_Size = 0x200
                0x0000000000000400                _Min_Stack_Size = 0x400

.isr_vector     0x0000000008000000      0x1c4
                0x0000000008000000                . = ALIGN (0x4)
 *(.isr_vector)
 .isr_vector    0x0000000008000000      0x1c4 ./Core/Startup/startup_stm32f446retx.o
                0x0000000008000000                g_pfnVectors
                0x00000000080001c4                . = ALIGN (0x4)

.text           0x00000000080001d0    0x102ac
                0x00000000080001d0                . = ALIGN (0x4)
 *(.text)
 .text          0x00000000080001d0       0x40 /home/saloutos/.eclipse/com.st.stm32cube.ide.mcu.rcp.product_1.10.1_492108868_linux_gtk_x86_64/plugins/com.st.stm32cube.ide.mcu.externaltools.gnu-tools-for-stm32.10.3-2021.10.linux64_1.0.100.202210260954/tools/bin/../lib/gcc/arm-none-eabi/10.3.1/thumb/v7e-m+fp/hard/crtbegin.o
 .text          0x0000000008000210       0x10 /home/saloutos/.eclipse/com.st.stm32cube.ide.mcu.rcp.product_1.10.1_492108868_linux_gtk_x86_64/plugins/com.st.stm32cube.ide.mcu.externaltools.gnu-tools-for-stm32.10.3-2021.10.linux64_1.0.100.202210260954/tools/bin/../lib/gcc/arm-none-eabi/10.3.1/../../../../arm-none-eabi/lib/thumb/v7e-m+fp/hard/libc_nano.a(lib_a-strlen.o)
                0x0000000008000210                strlen
 .text          0x0000000008000220       0xa0 /home/saloutos/.eclipse/com.st.stm32cube.ide.mcu.rcp.product_1.10.1_492108868_linux_gtk_x86_64/plugins/com.st.stm32cube.ide.mcu.externaltools.gnu-tools-for-stm32.10.3-2021.10.linux64_1.0.100.202210260954/tools/bin/../lib/gcc/arm-none-eabi/10.3.1/../../../../arm-none-eabi/lib/thumb/v7e-m+fp/hard/libc_nano.a(lib_a-memchr.o)
                0x0000000008000220                memchr
 .text          0x00000000080002c0      0x378 /home/saloutos/.eclipse/com.st.stm32cube.ide.mcu.rcp.product_1.10.1_492108868_linux_gtk_x86_64/plugins/com.st.stm32cube.ide.mcu.externaltools.gnu-tools-for-stm32.10.3-2021.10.linux64_1.0.100.202210260954/tools/bin/../lib/gcc/arm-none-eabi/10.3.1/thumb/v7e-m+fp/hard/libgcc.a(_arm_addsubdf3.o)
                0x00000000080002c0                __aeabi_drsub
                0x00000000080002c8                __aeabi_dsub
                0x00000000080002c8                __subdf3
                0x00000000080002cc                __adddf3
                0x00000000080002cc                __aeabi_dadd
                0x0000000008000544                __aeabi_ui2d
                0x0000000008000544                __floatunsidf
                0x0000000008000564                __floatsidf
                0x0000000008000564                __aeabi_i2d
                0x0000000008000588                __extendsfdf2
                0x0000000008000588                __aeabi_f2d
                0x00000000080005cc                __aeabi_ul2d
                0x00000000080005cc                __floatundidf
                0x00000000080005dc                __floatdidf
                0x00000000080005dc                __aeabi_l2d
 .text          0x0000000008000638      0x424 /home/saloutos/.eclipse/com.st.stm32cube.ide.mcu.rcp.product_1.10.1_492108868_linux_gtk_x86_64/plugins/com.st.stm32cube.ide.mcu.externaltools.gnu-tools-for-stm32.10.3-2021.10.linux64_1.0.100.202210260954/tools/bin/../lib/gcc/arm-none-eabi/10.3.1/thumb/v7e-m+fp/hard/libgcc.a(_arm_muldivdf3.o)
                0x0000000008000638                __aeabi_dmul
                0x0000000008000638                __muldf3
                0x000000000800088c                __aeabi_ddiv
                0x000000000800088c                __divdf3
 .text          0x0000000008000a5c      0x110 /home/saloutos/.eclipse/com.st.stm32cube.ide.mcu.rcp.product_1.10.1_492108868_linux_gtk_x86_64/plugins/com.st.stm32cube.ide.mcu.externaltools.gnu-tools-for-stm32.10.3-2021.10.linux64_1.0.100.202210260954/tools/bin/../lib/gcc/arm-none-eabi/10.3.1/thumb/v7e-m+fp/hard/libgcc.a(_arm_cmpdf2.o)
                0x0000000008000a5c                __gtdf2
                0x0000000008000a5c                __gedf2
                0x0000000008000a64                __ltdf2
                0x0000000008000a64                __ledf2
                0x0000000008000a6c                __cmpdf2
                0x0000000008000a6c                __eqdf2
                0x0000000008000a6c                __nedf2
                0x0000000008000ae8                __aeabi_cdrcmple
                0x0000000008000af8                __aeabi_cdcmple
                0x0000000008000af8                __aeabi_cdcmpeq
                0x0000000008000b08                __aeabi_dcmpeq
                0x0000000008000b1c                __aeabi_dcmplt
                0x0000000008000b30                __aeabi_dcmple
                0x0000000008000b44                __aeabi_dcmpge
                0x0000000008000b58                __aeabi_dcmpgt
 .text          0x0000000008000b6c       0x2c /home/saloutos/.eclipse/com.st.stm32cube.ide.mcu.rcp.product_1.10.1_492108868_linux_gtk_x86_64/plugins/com.st.stm32cube.ide.mcu.externaltools.gnu-tools-for-stm32.10.3-2021.10.linux64_1.0.100.202210260954/tools/bin/../lib/gcc/arm-none-eabi/10.3.1/thumb/v7e-m+fp/hard/libgcc.a(_arm_unorddf2.o)
                0x0000000008000b6c                __aeabi_dcmpun
                0x0000000008000b6c                __unorddf2
 .text          0x0000000008000b98       0x50 /home/saloutos/.eclipse/com.st.stm32cube.ide.mcu.rcp.product_1.10.1_492108868_linux_gtk_x86_64/plugins/com.st.stm32cube.ide.mcu.externaltools.gnu-tools-for-stm32.10.3-2021.10.linux64_1.0.100.202210260954/tools/bin/../lib/gcc/arm-none-eabi/10.3.1/thumb/v7e-m+fp/hard/libgcc.a(_arm_fixdfsi.o)
                0x0000000008000b98                __fixdfsi
                0x0000000008000b98                __aeabi_d2iz
 .text          0x0000000008000be8       0x40 /home/saloutos/.eclipse/com.st.stm32cube.ide.mcu.rcp.product_1.10.1_492108868_linux_gtk_x86_64/plugins/com.st.stm32cube.ide.mcu.externaltools.gnu-tools-for-stm32.10.3-2021.10.linux64_1.0.100.202210260954/tools/bin/../lib/gcc/arm-none-eabi/10.3.1/thumb/v7e-m+fp/hard/libgcc.a(_arm_fixunsdfsi.o)
                0x0000000008000be8                __fixunsdfsi
                0x0000000008000be8                __aeabi_d2uiz
 .text          0x0000000008000c28       0xa0 /home/saloutos/.eclipse/com.st.stm32cube.ide.mcu.rcp.product_1.10.1_492108868_linux_gtk_x86_64/plugins/com.st.stm32cube.ide.mcu.externaltools.gnu-tools-for-stm32.10.3-2021.10.linux64_1.0.100.202210260954/tools/bin/../lib/gcc/arm-none-eabi/10.3.1/thumb/v7e-m+fp/hard/libgcc.a(_arm_truncdfsf2.o)
                0x0000000008000c28                __aeabi_d2f
                0x0000000008000c28                __truncdfsf2
 .text          0x0000000008000cc8       0x30 /home/saloutos/.eclipse/com.st.stm32cube.ide.mcu.rcp.product_1.10.1_492108868_linux_gtk_x86_64/plugins/com.st.stm32cube.ide.mcu.externaltools.gnu-tools-for-stm32.10.3-2021.10.linux64_1.0.100.202210260954/tools/bin/../lib/gcc/arm-none-eabi/10.3.1/thumb/v7e-m+fp/hard/libgcc.a(_aeabi_uldivmod.o)
                0x0000000008000cc8                __aeabi_uldivmod
 .text          0x0000000008000cf8       0x30 /home/saloutos/.eclipse/com.st.stm32cube.ide.mcu.rcp.product_1.10.1_492108868_linux_gtk_x86_64/plugins/com.st.stm32cube.ide.mcu.externaltools.gnu-tools-for-stm32.10.3-2021.10.linux64_1.0.100.202210260954/tools/bin/../lib/gcc/arm-none-eabi/10.3.1/thumb/v7e-m+fp/hard/libgcc.a(_fixdfdi.o)
                0x0000000008000cf8                __aeabi_d2lz
                0x0000000008000cf8                __fixdfdi
 .text          0x0000000008000d28       0x3c /home/saloutos/.eclipse/com.st.stm32cube.ide.mcu.rcp.product_1.10.1_492108868_linux_gtk_x86_64/plugins/com.st.stm32cube.ide.mcu.externaltools.gnu-tools-for-stm32.10.3-2021.10.linux64_1.0.100.202210260954/tools/bin/../lib/gcc/arm-none-eabi/10.3.1/thumb/v7e-m+fp/hard/libgcc.a(_fixunsdfdi.o)
                0x0000000008000d28                __aeabi_d2ulz
                0x0000000008000d28                __fixunsdfdi
 .text          0x0000000008000d64      0x2d0 /home/saloutos/.eclipse/com.st.stm32cube.ide.mcu.rcp.product_1.10.1_492108868_linux_gtk_x86_64/plugins/com.st.stm32cube.ide.mcu.externaltools.gnu-tools-for-stm32.10.3-2021.10.linux64_1.0.100.202210260954/tools/bin/../lib/gcc/arm-none-eabi/10.3.1/thumb/v7e-m+fp/hard/libgcc.a(_udivmoddi4.o)
                0x0000000008000d64                __udivmoddi4
 .text          0x0000000008001034        0x4 /home/saloutos/.eclipse/com.st.stm32cube.ide.mcu.rcp.product_1.10.1_492108868_linux_gtk_x86_64/plugins/com.st.stm32cube.ide.mcu.externaltools.gnu-tools-for-stm32.10.3-2021.10.linux64_1.0.100.202210260954/tools/bin/../lib/gcc/arm-none-eabi/10.3.1/thumb/v7e-m+fp/hard/libgcc.a(_dvmd_tls.o)
                0x0000000008001034                __aeabi_ldiv0
                0x0000000008001034                __aeabi_idiv0
 *(.text*)
 .text.MX_ADC1_Init
                0x0000000008001038       0xd4 ./Core/Src/adc.o
                0x0000000008001038                MX_ADC1_Init
 .text.MX_ADC2_Init
                0x000000000800110c       0x94 ./Core/Src/adc.o
                0x000000000800110c                MX_ADC2_Init
 .text.MX_ADC3_Init
                0x00000000080011a0       0x94 ./Core/Src/adc.o
                0x00000000080011a0                MX_ADC3_Init
 .text.HAL_ADC_MspInit
                0x0000000008001234      0x14c ./Core/Src/adc.o
                0x0000000008001234                HAL_ADC_MspInit
 .text.order_phases
                0x0000000008001380      0x210 ./Core/Src/calibration.o
                0x0000000008001380                order_phases
 .text.calibrate_encoder
                0x0000000008001590      0x5b4 ./Core/Src/calibration.o
                0x0000000008001590                calibrate_encoder
 .text.check_encoder_init
                0x0000000008001b44      0x288 ./Core/Src/calibration.o
                0x0000000008001b44                check_encoder_init
 .text.MX_CAN1_Init
                0x0000000008001dcc       0x6c ./Core/Src/can.o
                0x0000000008001dcc                MX_CAN1_Init
 .text.HAL_CAN_MspInit
                0x0000000008001e38       0x90 ./Core/Src/can.o
                0x0000000008001e38                HAL_CAN_MspInit
 .text.can_rx_init
                0x0000000008001ec8       0x5c ./Core/Src/can.o
                0x0000000008001ec8                can_rx_init
 .text.can_tx_init
                0x0000000008001f24       0x34 ./Core/Src/can.o
                0x0000000008001f24                can_tx_init
 .text.pack_reply
                0x0000000008001f58       0xf0 ./Core/Src/can.o
                0x0000000008001f58                pack_reply
 .text.unpack_cmd
                0x0000000008002048      0x168 ./Core/Src/can.o
                0x0000000008002048                unpack_cmd
 .text.drv_spi_write
                0x00000000080021b0       0x5c ./Core/Src/drv8323.o
                0x00000000080021b0                drv_spi_write
 .text.drv_read_FSR1
                0x000000000800220c       0x22 ./Core/Src/drv8323.o
                0x000000000800220c                drv_read_FSR1
 .text.drv_read_FSR2
                0x000000000800222e       0x22 ./Core/Src/drv8323.o
                0x000000000800222e                drv_read_FSR2
 .text.drv_read_register
                0x0000000008002250       0x38 ./Core/Src/drv8323.o
                0x0000000008002250                drv_read_register
 .text.drv_write_register
                0x0000000008002288       0x36 ./Core/Src/drv8323.o
                0x0000000008002288                drv_write_register
 .text.drv_write_DCR
                0x00000000080022be       0x84 ./Core/Src/drv8323.o
                0x00000000080022be                drv_write_DCR
 .text.drv_write_OCPCR
                0x0000000008002342       0x5c ./Core/Src/drv8323.o
                0x0000000008002342                drv_write_OCPCR
 .text.drv_write_CSACR
                0x000000000800239e       0x84 ./Core/Src/drv8323.o
                0x000000000800239e                drv_write_CSACR
 .text.drv_enable_gd
                0x0000000008002422       0x34 ./Core/Src/drv8323.o
                0x0000000008002422                drv_enable_gd
 .text.drv_disable_gd
                0x0000000008002456       0x34 ./Core/Src/drv8323.o
                0x0000000008002456                drv_disable_gd
 *fill*         0x000000000800248a        0x2 
 .text.drv_check_faults
                0x000000000800248c      0x200 ./Core/Src/drv8323.o
                0x000000000800248c                drv_check_faults
 .text.flash_writer_init
                0x000000000800268c       0x3c ./Core/Src/flash_writer.o
                0x000000000800268c                flash_writer_init
 .text.flash_writer_open
                0x00000000080026c8       0x38 ./Core/Src/flash_writer.o
                0x00000000080026c8                flash_writer_open
 .text.flash_writer_write_int
                0x0000000008002700       0x2c ./Core/Src/flash_writer.o
                0x0000000008002700                flash_writer_write_int
 .text.flash_writer_write_float
                0x000000000800272c       0x32 ./Core/Src/flash_writer.o
                0x000000000800272c                flash_writer_write_float
 .text.flash_writer_close
                0x000000000800275e       0x1a ./Core/Src/flash_writer.o
                0x000000000800275e                flash_writer_close
 .text.flash_read_int
                0x0000000008002778       0x2c ./Core/Src/flash_writer.o
                0x0000000008002778                flash_read_int
 .text.flash_read_float
                0x00000000080027a4       0x34 ./Core/Src/flash_writer.o
                0x00000000080027a4                flash_read_float
 .text.set_dtc  0x00000000080027d8      0x148 ./Core/Src/foc.o
                0x00000000080027d8                set_dtc
 .text.analog_sample
                0x0000000008002920      0x100 ./Core/Src/foc.o
                0x0000000008002920                analog_sample
 .text.abc      0x0000000008002a20      0x108 ./Core/Src/foc.o
                0x0000000008002a20                abc
 .text.dq0      0x0000000008002b28      0x120 ./Core/Src/foc.o
                0x0000000008002b28                dq0
 .text.svm      0x0000000008002c48      0x170 ./Core/Src/foc.o
                0x0000000008002c48                svm
 .text.zero_current
                0x0000000008002db8       0x86 ./Core/Src/foc.o
                0x0000000008002db8                zero_current
 *fill*         0x0000000008002e3e        0x2 
 .text.init_controller_params
                0x0000000008002e40      0x170 ./Core/Src/foc.o
                0x0000000008002e40                init_controller_params
 .text.reset_foc
                0x0000000008002fb0       0xe8 ./Core/Src/foc.o
                0x0000000008002fb0                reset_foc
 .text.commutate
                0x0000000008003098      0x428 ./Core/Src/foc.o
                0x0000000008003098                commutate
 .text.torque_control
                0x00000000080034c0       0xb4 ./Core/Src/foc.o
                0x00000000080034c0                torque_control
 .text.zero_commands
                0x0000000008003574       0x50 ./Core/Src/foc.o
                0x0000000008003574                zero_commands
 .text.run_fsm  0x00000000080035c4      0x264 ./Core/Src/fsm.o
                0x00000000080035c4                run_fsm
 .text.fsm_enter_state
                0x0000000008003828      0x104 ./Core/Src/fsm.o
                0x0000000008003828                fsm_enter_state
 .text.fsm_exit_state
                0x000000000800392c       0xe0 ./Core/Src/fsm.o
                0x000000000800392c                fsm_exit_state
 .text.update_fsm
                0x0000000008003a0c      0x1d8 ./Core/Src/fsm.o
                0x0000000008003a0c                update_fsm
 .text.enter_menu_state
                0x0000000008003be4       0x64 ./Core/Src/fsm.o
                0x0000000008003be4                enter_menu_state
 .text.enter_setup_state
                0x0000000008003c48      0x564 ./Core/Src/fsm.o
                0x0000000008003c48                enter_setup_state
 .text.process_user_input
                0x00000000080041ac      0x714 ./Core/Src/fsm.o
                0x00000000080041ac                process_user_input
 .text.reset_flash_values
                0x00000000080048c0      0x158 ./Core/Src/fsm.o
                0x00000000080048c0                reset_flash_values
 .text.MX_GPIO_Init
                0x0000000008004a18      0x108 ./Core/Src/gpio.o
                0x0000000008004a18                MX_GPIO_Init
 .text.main     0x0000000008004b20      0x800 ./Core/Src/main.o
                0x0000000008004b20                main
 .text.SystemClock_Config
                0x0000000008005320       0xe4 ./Core/Src/main.o
                0x0000000008005320                SystemClock_Config
 .text.Error_Handler
                0x0000000008005404        0xe ./Core/Src/main.o
                0x0000000008005404                Error_Handler
 .text.fast_fmaxf
                0x0000000008005412       0x38 ./Core/Src/math_ops.o
                0x0000000008005412                fast_fmaxf
 .text.fast_fminf
                0x000000000800544a       0x38 ./Core/Src/math_ops.o
                0x000000000800544a                fast_fminf
 .text.fmaxf3   0x0000000008005482       0x68 ./Core/Src/math_ops.o
                0x0000000008005482                fmaxf3
 .text.fminf3   0x00000000080054ea       0x68 ./Core/Src/math_ops.o
                0x00000000080054ea                fminf3
 .text.limit_norm
                0x0000000008005552       0x92 ./Core/Src/math_ops.o
                0x0000000008005552                limit_norm
 .text.float_to_uint
                0x00000000080055e4       0x66 ./Core/Src/math_ops.o
                0x00000000080055e4                float_to_uint
 .text.uint_to_float
                0x000000000800564a       0x64 ./Core/Src/math_ops.o
                0x000000000800564a                uint_to_float
 *fill*         0x00000000080056ae        0x2 
 .text.sin_lut  0x00000000080056b0       0x74 ./Core/Src/math_ops.o
                0x00000000080056b0                sin_lut
 .text.cos_lut  0x0000000008005724       0x30 ./Core/Src/math_ops.o
                0x0000000008005724                cos_lut
 .text.ps_warmup
                0x0000000008005754       0x8c ./Core/Src/position_sensor.o
                0x0000000008005754                ps_warmup
 .text.ps_sample
                0x00000000080057e0      0x460 ./Core/Src/position_sensor.o
                0x00000000080057e0                ps_sample
 .text.ps_print
                0x0000000008005c40       0xac ./Core/Src/position_sensor.o
                0x0000000008005c40                ps_print
 .text.ps_filter_init
                0x0000000008005cec       0x26 ./Core/Src/position_sensor.o
                0x0000000008005cec                ps_filter_init
 .text.preference_writer_init
                0x0000000008005d12       0x22 ./Core/Src/preference_writer.o
                0x0000000008005d12                preference_writer_init
 .text.preference_writer_open
                0x0000000008005d34       0x1e ./Core/Src/preference_writer.o
                0x0000000008005d34                preference_writer_open
 .text.preference_writer_ready
                0x0000000008005d52       0x1a ./Core/Src/preference_writer.o
                0x0000000008005d52                preference_writer_ready
 .text.preference_writer_flush
                0x0000000008005d6c       0x78 ./Core/Src/preference_writer.o
                0x0000000008005d6c                preference_writer_flush
 .text.preference_writer_load
                0x0000000008005de4       0x84 ./Core/Src/preference_writer.o
                0x0000000008005de4                preference_writer_load
 .text.preference_writer_close
                0x0000000008005e68       0x1e ./Core/Src/preference_writer.o
                0x0000000008005e68                preference_writer_close
 *fill*         0x0000000008005e86        0x2 
 .text.MX_SPI1_Init
                0x0000000008005e88       0x70 ./Core/Src/spi.o
                0x0000000008005e88                MX_SPI1_Init
 .text.MX_SPI3_Init
                0x0000000008005ef8       0x6c ./Core/Src/spi.o
                0x0000000008005ef8                MX_SPI3_Init
 .text.HAL_SPI_MspInit
                0x0000000008005f64       0xfc ./Core/Src/spi.o
                0x0000000008005f64                HAL_SPI_MspInit
 .text.FLASH_Unlock
                0x0000000008006060       0x30 ./Core/Src/stm32f4xx_flash.o
                0x0000000008006060                FLASH_Unlock
 .text.FLASH_Lock
                0x0000000008006090       0x20 ./Core/Src/stm32f4xx_flash.o
                0x0000000008006090                FLASH_Lock
 .text.FLASH_EraseSector
                0x00000000080060b0       0xc0 ./Core/Src/stm32f4xx_flash.o
                0x00000000080060b0                FLASH_EraseSector
 .text.FLASH_ProgramWord
                0x0000000008006170       0x68 ./Core/Src/stm32f4xx_flash.o
                0x0000000008006170                FLASH_ProgramWord
 .text.FLASH_ClearFlag
                0x00000000080061d8       0x20 ./Core/Src/stm32f4xx_flash.o
                0x00000000080061d8                FLASH_ClearFlag
 .text.FLASH_GetStatus
                0x00000000080061f8       0x7c ./Core/Src/stm32f4xx_flash.o
                0x00000000080061f8                FLASH_GetStatus
 .text.FLASH_WaitForLastOperation2
                0x0000000008006274       0x30 ./Core/Src/stm32f4xx_flash.o
                0x0000000008006274                FLASH_WaitForLastOperation2
 .text.HAL_MspInit
                0x00000000080062a4       0x50 ./Core/Src/stm32f4xx_hal_msp.o
                0x00000000080062a4                HAL_MspInit
 .text.NMI_Handler
                0x00000000080062f4        0xe ./Core/Src/stm32f4xx_it.o
                0x00000000080062f4                NMI_Handler
 .text.HardFault_Handler
                0x0000000008006302        0x6 ./Core/Src/stm32f4xx_it.o
                0x0000000008006302                HardFault_Handler
 .text.MemManage_Handler
                0x0000000008006308        0x6 ./Core/Src/stm32f4xx_it.o
                0x0000000008006308                MemManage_Handler
 .text.BusFault_Handler
                0x000000000800630e        0x6 ./Core/Src/stm32f4xx_it.o
                0x000000000800630e                BusFault_Handler
 .text.UsageFault_Handler
                0x0000000008006314        0x6 ./Core/Src/stm32f4xx_it.o
                0x0000000008006314                UsageFault_Handler
 .text.SVC_Handler
                0x000000000800631a        0xe ./Core/Src/stm32f4xx_it.o
                0x000000000800631a                SVC_Handler
 .text.DebugMon_Handler
                0x0000000008006328        0xe ./Core/Src/stm32f4xx_it.o
                0x0000000008006328                DebugMon_Handler
 .text.PendSV_Handler
                0x0000000008006336        0xe ./Core/Src/stm32f4xx_it.o
                0x0000000008006336                PendSV_Handler
 .text.SysTick_Handler
                0x0000000008006344        0xc ./Core/Src/stm32f4xx_it.o
                0x0000000008006344                SysTick_Handler
 .text.TIM1_UP_TIM10_IRQHandler
                0x0000000008006350       0x68 ./Core/Src/stm32f4xx_it.o
                0x0000000008006350                TIM1_UP_TIM10_IRQHandler
 .text.USART2_IRQHandler
                0x00000000080063b8       0x38 ./Core/Src/stm32f4xx_it.o
                0x00000000080063b8                USART2_IRQHandler
 .text.can_tx_rx
                0x00000000080063f0      0x24c ./Core/Src/stm32f4xx_it.o
                0x00000000080063f0                can_tx_rx
 .text._getpid  0x000000000800663c       0x10 ./Core/Src/syscalls.o
                0x000000000800663c                _getpid
 .text._kill    0x000000000800664c       0x20 ./Core/Src/syscalls.o
                0x000000000800664c                _kill
 .text._exit    0x000000000800666c       0x14 ./Core/Src/syscalls.o
                0x000000000800666c                _exit
 .text._read    0x0000000008006680       0x3a ./Core/Src/syscalls.o
                0x0000000008006680                _read
 .text._write   0x00000000080066ba       0x38 ./Core/Src/syscalls.o
                0x00000000080066ba                _write
 .text._close   0x00000000080066f2       0x18 ./Core/Src/syscalls.o
                0x00000000080066f2                _close
 .text._fstat   0x000000000800670a       0x20 ./Core/Src/syscalls.o
                0x000000000800670a                _fstat
 .text._isatty  0x000000000800672a       0x16 ./Core/Src/syscalls.o
                0x000000000800672a                _isatty
 .text._lseek   0x0000000008006740       0x1a ./Core/Src/syscalls.o
                0x0000000008006740                _lseek
 *fill*         0x000000000800675a        0x2 
 .text._sbrk    0x000000000800675c       0x58 ./Core/Src/sysmem.o
                0x000000000800675c                _sbrk
 .text.SystemInit
                0x00000000080067b4       0x2c ./Core/Src/system_stm32f4xx.o
                0x00000000080067b4                SystemInit
 .text.MX_TIM1_Init
                0x00000000080067e0      0x170 ./Core/Src/tim.o
                0x00000000080067e0                MX_TIM1_Init
 .text.MX_TIM2_Init
                0x0000000008006950       0x98 ./Core/Src/tim.o
                0x0000000008006950                MX_TIM2_Init
 .text.MX_TIM3_Init
                0x00000000080069e8       0x9c ./Core/Src/tim.o
                0x00000000080069e8                MX_TIM3_Init
 .text.HAL_TIM_Base_MspInit
                0x0000000008006a84       0xa4 ./Core/Src/tim.o
                0x0000000008006a84                HAL_TIM_Base_MspInit
 .text.HAL_TIM_MspPostInit
                0x0000000008006b28       0x74 ./Core/Src/tim.o
                0x0000000008006b28                HAL_TIM_MspPostInit
 .text.delay_us
                0x0000000008006b9c       0x34 ./Core/Src/tim.o
                0x0000000008006b9c                delay_us
 .text.MX_USART2_UART_Init
                0x0000000008006bd0       0x54 ./Core/Src/usart.o
                0x0000000008006bd0                MX_USART2_UART_Init
 .text.HAL_UART_MspInit
                0x0000000008006c24       0xa0 ./Core/Src/usart.o
                0x0000000008006c24                HAL_UART_MspInit
 .text.__io_putchar
                0x0000000008006cc4       0x24 ./Core/Src/usart.o
                0x0000000008006cc4                __io_putchar
 .text.HAL_UART_RxCpltCallback
                0x0000000008006ce8       0x24 ./Core/Src/usart.o
                0x0000000008006ce8                HAL_UART_RxCpltCallback
 .text.Reset_Handler
                0x0000000008006d0c       0x50 ./Core/Startup/startup_stm32f446retx.o
                0x0000000008006d0c                Reset_Handler
 .text.Default_Handler
                0x0000000008006d5c        0x2 ./Core/Startup/startup_stm32f446retx.o
                0x0000000008006d5c                RTC_Alarm_IRQHandler
                0x0000000008006d5c                EXTI2_IRQHandler
                0x0000000008006d5c                TIM8_CC_IRQHandler
                0x0000000008006d5c                FMPI2C1_EV_IRQHandler
                0x0000000008006d5c                SPI4_IRQHandler
                0x0000000008006d5c                TIM1_CC_IRQHandler
                0x0000000008006d5c                DMA2_Stream5_IRQHandler
                0x0000000008006d5c                DMA1_Stream5_IRQHandler
                0x0000000008006d5c                PVD_IRQHandler
                0x0000000008006d5c                SDIO_IRQHandler
                0x0000000008006d5c                TAMP_STAMP_IRQHandler
                0x0000000008006d5c                CAN2_RX1_IRQHandler
                0x0000000008006d5c                EXTI3_IRQHandler
                0x0000000008006d5c                TIM8_TRG_COM_TIM14_IRQHandler
                0x0000000008006d5c                TIM8_UP_TIM13_IRQHandler
                0x0000000008006d5c                I2C3_ER_IRQHandler
                0x0000000008006d5c                EXTI0_IRQHandler
                0x0000000008006d5c                I2C2_EV_IRQHandler
                0x0000000008006d5c                DMA1_Stream2_IRQHandler
                0x0000000008006d5c                CAN1_RX0_IRQHandler
                0x0000000008006d5c                FPU_IRQHandler
                0x0000000008006d5c                OTG_HS_WKUP_IRQHandler
                0x0000000008006d5c                CAN2_SCE_IRQHandler
                0x0000000008006d5c                DMA2_Stream2_IRQHandler
                0x0000000008006d5c                SPI1_IRQHandler
                0x0000000008006d5c                TIM6_DAC_IRQHandler
                0x0000000008006d5c                TIM1_BRK_TIM9_IRQHandler
                0x0000000008006d5c                DCMI_IRQHandler
                0x0000000008006d5c                CAN2_RX0_IRQHandler
                0x0000000008006d5c                DMA2_Stream3_IRQHandler
                0x0000000008006d5c                SAI2_IRQHandler
                0x0000000008006d5c                USART6_IRQHandler
                0x0000000008006d5c                USART3_IRQHandler
                0x0000000008006d5c                CAN1_RX1_IRQHandler
                0x0000000008006d5c                UART5_IRQHandler
                0x0000000008006d5c                DMA2_Stream0_IRQHandler
                0x0000000008006d5c                TIM4_IRQHandler
                0x0000000008006d5c                QUADSPI_IRQHandler
                0x0000000008006d5c                I2C1_EV_IRQHandler
                0x0000000008006d5c                DMA1_Stream6_IRQHandler
                0x0000000008006d5c                DMA1_Stream1_IRQHandler
                0x0000000008006d5c                UART4_IRQHandler
                0x0000000008006d5c                TIM3_IRQHandler
                0x0000000008006d5c                RCC_IRQHandler
                0x0000000008006d5c                TIM8_BRK_TIM12_IRQHandler
                0x0000000008006d5c                Default_Handler
                0x0000000008006d5c                CEC_IRQHandler
                0x0000000008006d5c                EXTI15_10_IRQHandler
                0x0000000008006d5c                ADC_IRQHandler
                0x0000000008006d5c                DMA1_Stream7_IRQHandler
                0x0000000008006d5c                TIM7_IRQHandler
                0x0000000008006d5c                CAN2_TX_IRQHandler
                0x0000000008006d5c                TIM5_IRQHandler
                0x0000000008006d5c                DMA2_Stream7_IRQHandler
                0x0000000008006d5c                I2C3_EV_IRQHandler
                0x0000000008006d5c                EXTI9_5_IRQHandler
                0x0000000008006d5c                RTC_WKUP_IRQHandler
                0x0000000008006d5c                SPDIF_RX_IRQHandler
                0x0000000008006d5c                SPI2_IRQHandler
                0x0000000008006d5c                OTG_HS_EP1_IN_IRQHandler
                0x0000000008006d5c                DMA1_Stream0_IRQHandler
                0x0000000008006d5c                CAN1_TX_IRQHandler
                0x0000000008006d5c                FMPI2C1_ER_IRQHandler
                0x0000000008006d5c                EXTI4_IRQHandler
                0x0000000008006d5c                OTG_HS_EP1_OUT_IRQHandler
                0x0000000008006d5c                WWDG_IRQHandler
                0x0000000008006d5c                TIM2_IRQHandler
                0x0000000008006d5c                OTG_FS_WKUP_IRQHandler
                0x0000000008006d5c                TIM1_TRG_COM_TIM11_IRQHandler
                0x0000000008006d5c                OTG_HS_IRQHandler
                0x0000000008006d5c                EXTI1_IRQHandler
                0x0000000008006d5c                I2C2_ER_IRQHandler
                0x0000000008006d5c                DMA2_Stream1_IRQHandler
                0x0000000008006d5c                CAN1_SCE_IRQHandler
                0x0000000008006d5c                FLASH_IRQHandler
                0x0000000008006d5c                DMA2_Stream4_IRQHandler
                0x0000000008006d5c                USART1_IRQHandler
                0x0000000008006d5c                OTG_FS_IRQHandler
                0x0000000008006d5c                SPI3_IRQHandler
                0x0000000008006d5c                DMA1_Stream4_IRQHandler
                0x0000000008006d5c                I2C1_ER_IRQHandler
                0x0000000008006d5c                FMC_IRQHandler
                0x0000000008006d5c                DMA2_Stream6_IRQHandler
                0x0000000008006d5c                SAI1_IRQHandler
                0x0000000008006d5c                DMA1_Stream3_IRQHandler
 *fill*         0x0000000008006d5e        0x2 
 .text.HAL_Init
                0x0000000008006d60       0x44 ./Drivers/STM32F4xx_HAL_Driver/Src/stm32f4xx_hal.o
                0x0000000008006d60                HAL_Init
 .text.HAL_InitTick
                0x0000000008006da4       0x60 ./Drivers/STM32F4xx_HAL_Driver/Src/stm32f4xx_hal.o
                0x0000000008006da4                HAL_InitTick
 .text.HAL_IncTick
                0x0000000008006e04       0x28 ./Drivers/STM32F4xx_HAL_Driver/Src/stm32f4xx_hal.o
                0x0000000008006e04                HAL_IncTick
 .text.HAL_GetTick
                0x0000000008006e2c       0x18 ./Drivers/STM32F4xx_HAL_Driver/Src/stm32f4xx_hal.o
                0x0000000008006e2c                HAL_GetTick
 .text.HAL_Delay
                0x0000000008006e44       0x48 ./Drivers/STM32F4xx_HAL_Driver/Src/stm32f4xx_hal.o
                0x0000000008006e44                HAL_Delay
 .text.HAL_ADC_Init
                0x0000000008006e8c       0x86 ./Drivers/STM32F4xx_HAL_Driver/Src/stm32f4xx_hal_adc.o
                0x0000000008006e8c                HAL_ADC_Init
 *fill*         0x0000000008006f12        0x2 
 .text.HAL_ADC_Start
                0x0000000008006f14      0x1a4 ./Drivers/STM32F4xx_HAL_Driver/Src/stm32f4xx_hal_adc.o
                0x0000000008006f14                HAL_ADC_Start
 .text.HAL_ADC_PollForConversion
                0x00000000080070b8      0x116 ./Drivers/STM32F4xx_HAL_Driver/Src/stm32f4xx_hal_adc.o
                0x00000000080070b8                HAL_ADC_PollForConversion
 .text.HAL_ADC_GetValue
                0x00000000080071ce       0x1a ./Drivers/STM32F4xx_HAL_Driver/Src/stm32f4xx_hal_adc.o
                0x00000000080071ce                HAL_ADC_GetValue
 .text.HAL_ADC_ConfigChannel
                0x00000000080071e8      0x264 ./Drivers/STM32F4xx_HAL_Driver/Src/stm32f4xx_hal_adc.o
                0x00000000080071e8                HAL_ADC_ConfigChannel
 .text.ADC_Init
                0x000000000800744c      0x1f8 ./Drivers/STM32F4xx_HAL_Driver/Src/stm32f4xx_hal_adc.o
 .text.HAL_ADCEx_MultiModeConfigChannel
                0x0000000008007644       0x8c ./Drivers/STM32F4xx_HAL_Driver/Src/stm32f4xx_hal_adc_ex.o
                0x0000000008007644                HAL_ADCEx_MultiModeConfigChannel
 .text.HAL_CAN_Init
                0x00000000080076d0      0x1f6 ./Drivers/STM32F4xx_HAL_Driver/Src/stm32f4xx_hal_can.o
                0x00000000080076d0                HAL_CAN_Init
 *fill*         0x00000000080078c6        0x2 
 .text.HAL_CAN_ConfigFilter
                0x00000000080078c8      0x1c0 ./Drivers/STM32F4xx_HAL_Driver/Src/stm32f4xx_hal_can.o
                0x00000000080078c8                HAL_CAN_ConfigFilter
 .text.HAL_CAN_Start
                0x0000000008007a88       0x88 ./Drivers/STM32F4xx_HAL_Driver/Src/stm32f4xx_hal_can.o
                0x0000000008007a88                HAL_CAN_Start
 .text.HAL_CAN_AddTxMessage
                0x0000000008007b10      0x1b6 ./Drivers/STM32F4xx_HAL_Driver/Src/stm32f4xx_hal_can.o
                0x0000000008007b10                HAL_CAN_AddTxMessage
 .text.HAL_CAN_GetRxMessage
                0x0000000008007cc6      0x224 ./Drivers/STM32F4xx_HAL_Driver/Src/stm32f4xx_hal_can.o
                0x0000000008007cc6                HAL_CAN_GetRxMessage
 *fill*         0x0000000008007eea        0x2 
 .text.__NVIC_SetPriorityGrouping
                0x0000000008007eec       0x48 ./Drivers/STM32F4xx_HAL_Driver/Src/stm32f4xx_hal_cortex.o
 .text.__NVIC_GetPriorityGrouping
                0x0000000008007f34       0x1c ./Drivers/STM32F4xx_HAL_Driver/Src/stm32f4xx_hal_cortex.o
 .text.__NVIC_EnableIRQ
                0x0000000008007f50       0x3c ./Drivers/STM32F4xx_HAL_Driver/Src/stm32f4xx_hal_cortex.o
 .text.__NVIC_SetPriority
                0x0000000008007f8c       0x54 ./Drivers/STM32F4xx_HAL_Driver/Src/stm32f4xx_hal_cortex.o
 .text.NVIC_EncodePriority
                0x0000000008007fe0       0x66 ./Drivers/STM32F4xx_HAL_Driver/Src/stm32f4xx_hal_cortex.o
 *fill*         0x0000000008008046        0x2 
 .text.SysTick_Config
                0x0000000008008048       0x44 ./Drivers/STM32F4xx_HAL_Driver/Src/stm32f4xx_hal_cortex.o
 .text.HAL_NVIC_SetPriorityGrouping
                0x000000000800808c       0x16 ./Drivers/STM32F4xx_HAL_Driver/Src/stm32f4xx_hal_cortex.o
                0x000000000800808c                HAL_NVIC_SetPriorityGrouping
 .text.HAL_NVIC_SetPriority
                0x00000000080080a2       0x38 ./Drivers/STM32F4xx_HAL_Driver/Src/stm32f4xx_hal_cortex.o
                0x00000000080080a2                HAL_NVIC_SetPriority
 .text.HAL_NVIC_EnableIRQ
                0x00000000080080da       0x1c ./Drivers/STM32F4xx_HAL_Driver/Src/stm32f4xx_hal_cortex.o
                0x00000000080080da                HAL_NVIC_EnableIRQ
 .text.HAL_SYSTICK_Config
                0x00000000080080f6       0x18 ./Drivers/STM32F4xx_HAL_Driver/Src/stm32f4xx_hal_cortex.o
                0x00000000080080f6                HAL_SYSTICK_Config
 .text.HAL_DMA_Abort
                0x000000000800810e       0xe0 ./Drivers/STM32F4xx_HAL_Driver/Src/stm32f4xx_hal_dma.o
                0x000000000800810e                HAL_DMA_Abort
 .text.HAL_DMA_Abort_IT
                0x00000000080081ee       0x44 ./Drivers/STM32F4xx_HAL_Driver/Src/stm32f4xx_hal_dma.o
                0x00000000080081ee                HAL_DMA_Abort_IT
 *fill*         0x0000000008008232        0x2 
 .text.HAL_GPIO_Init
                0x0000000008008234      0x328 ./Drivers/STM32F4xx_HAL_Driver/Src/stm32f4xx_hal_gpio.o
                0x0000000008008234                HAL_GPIO_Init
 .text.HAL_GPIO_WritePin
                0x000000000800855c       0x32 ./Drivers/STM32F4xx_HAL_Driver/Src/stm32f4xx_hal_gpio.o
                0x000000000800855c                HAL_GPIO_WritePin
 *fill*         0x000000000800858e        0x2 
 .text.HAL_PWREx_EnableOverDrive
                0x0000000008008590       0xa0 ./Drivers/STM32F4xx_HAL_Driver/Src/stm32f4xx_hal_pwr_ex.o
                0x0000000008008590                HAL_PWREx_EnableOverDrive
 .text.HAL_RCC_ClockConfig
                0x0000000008008630      0x1cc ./Drivers/STM32F4xx_HAL_Driver/Src/stm32f4xx_hal_rcc.o
                0x0000000008008630                HAL_RCC_ClockConfig
 .text.HAL_RCC_GetHCLKFreq
                0x00000000080087fc       0x18 ./Drivers/STM32F4xx_HAL_Driver/Src/stm32f4xx_hal_rcc.o
                0x00000000080087fc                HAL_RCC_GetHCLKFreq
 .text.HAL_RCC_GetPCLK1Freq
                0x0000000008008814       0x28 ./Drivers/STM32F4xx_HAL_Driver/Src/stm32f4xx_hal_rcc.o
                0x0000000008008814                HAL_RCC_GetPCLK1Freq
 .text.HAL_RCC_GetPCLK2Freq
                0x000000000800883c       0x28 ./Drivers/STM32F4xx_HAL_Driver/Src/stm32f4xx_hal_rcc.o
                0x000000000800883c                HAL_RCC_GetPCLK2Freq
 .text.HAL_RCC_GetSysClockFreq
                0x0000000008008864      0x460 ./Drivers/STM32F4xx_HAL_Driver/Src/stm32f4xx_hal_rcc_ex.o
                0x0000000008008864                HAL_RCC_GetSysClockFreq
 .text.HAL_RCC_OscConfig
                0x0000000008008cc4      0x53c ./Drivers/STM32F4xx_HAL_Driver/Src/stm32f4xx_hal_rcc_ex.o
                0x0000000008008cc4                HAL_RCC_OscConfig
 .text.HAL_SPI_Init
                0x0000000008009200      0x112 ./Drivers/STM32F4xx_HAL_Driver/Src/stm32f4xx_hal_spi.o
                0x0000000008009200                HAL_SPI_Init
 .text.HAL_SPI_TransmitReceive
                0x0000000008009312      0x344 ./Drivers/STM32F4xx_HAL_Driver/Src/stm32f4xx_hal_spi.o
                0x0000000008009312                HAL_SPI_TransmitReceive
 *fill*         0x0000000008009656        0x2 
 .text.SPI_WaitFlagStateUntilTimeout
                0x0000000008009658      0x110 ./Drivers/STM32F4xx_HAL_Driver/Src/stm32f4xx_hal_spi.o
 .text.SPI_EndRxTxTransaction
                0x0000000008009768       0x84 ./Drivers/STM32F4xx_HAL_Driver/Src/stm32f4xx_hal_spi.o
 .text.HAL_TIM_Base_Init
                0x00000000080097ec       0x9e ./Drivers/STM32F4xx_HAL_Driver/Src/stm32f4xx_hal_tim.o
                0x00000000080097ec                HAL_TIM_Base_Init
 *fill*         0x000000000800988a        0x2 
 .text.HAL_TIM_Base_Start
                0x000000000800988c       0xd0 ./Drivers/STM32F4xx_HAL_Driver/Src/stm32f4xx_hal_tim.o
                0x000000000800988c                HAL_TIM_Base_Start
 .text.HAL_TIM_Base_Start_IT
                0x000000000800995c       0xe0 ./Drivers/STM32F4xx_HAL_Driver/Src/stm32f4xx_hal_tim.o
                0x000000000800995c                HAL_TIM_Base_Start_IT
 .text.HAL_TIM_PWM_Init
                0x0000000008009a3c       0x9e ./Drivers/STM32F4xx_HAL_Driver/Src/stm32f4xx_hal_tim.o
                0x0000000008009a3c                HAL_TIM_PWM_Init
 .text.HAL_TIM_PWM_MspInit
                0x0000000008009ada       0x14 ./Drivers/STM32F4xx_HAL_Driver/Src/stm32f4xx_hal_tim.o
                0x0000000008009ada                HAL_TIM_PWM_MspInit
 *fill*         0x0000000008009aee        0x2 
 .text.HAL_TIM_PWM_Start
                0x0000000008009af0      0x190 ./Drivers/STM32F4xx_HAL_Driver/Src/stm32f4xx_hal_tim.o
                0x0000000008009af0                HAL_TIM_PWM_Start
 .text.HAL_TIM_IRQHandler
                0x0000000008009c80      0x210 ./Drivers/STM32F4xx_HAL_Driver/Src/stm32f4xx_hal_tim.o
                0x0000000008009c80                HAL_TIM_IRQHandler
 .text.HAL_TIM_PWM_ConfigChannel
                0x0000000008009e90      0x184 ./Drivers/STM32F4xx_HAL_Driver/Src/stm32f4xx_hal_tim.o
                0x0000000008009e90                HAL_TIM_PWM_ConfigChannel
 .text.HAL_TIM_ConfigClockSource
                0x000000000800a014      0x18e ./Drivers/STM32F4xx_HAL_Driver/Src/stm32f4xx_hal_tim.o
                0x000000000800a014                HAL_TIM_ConfigClockSource
 .text.HAL_TIM_PeriodElapsedCallback
                0x000000000800a1a2       0x14 ./Drivers/STM32F4xx_HAL_Driver/Src/stm32f4xx_hal_tim.o
                0x000000000800a1a2                HAL_TIM_PeriodElapsedCallback
 .text.HAL_TIM_OC_DelayElapsedCallback
                0x000000000800a1b6       0x14 ./Drivers/STM32F4xx_HAL_Driver/Src/stm32f4xx_hal_tim.o
                0x000000000800a1b6                HAL_TIM_OC_DelayElapsedCallback
 .text.HAL_TIM_IC_CaptureCallback
                0x000000000800a1ca       0x14 ./Drivers/STM32F4xx_HAL_Driver/Src/stm32f4xx_hal_tim.o
                0x000000000800a1ca                HAL_TIM_IC_CaptureCallback
 .text.HAL_TIM_PWM_PulseFinishedCallback
                0x000000000800a1de       0x14 ./Drivers/STM32F4xx_HAL_Driver/Src/stm32f4xx_hal_tim.o
                0x000000000800a1de                HAL_TIM_PWM_PulseFinishedCallback
 .text.HAL_TIM_TriggerCallback
                0x000000000800a1f2       0x14 ./Drivers/STM32F4xx_HAL_Driver/Src/stm32f4xx_hal_tim.o
                0x000000000800a1f2                HAL_TIM_TriggerCallback
 *fill*         0x000000000800a206        0x2 
 .text.TIM_Base_SetConfig
                0x000000000800a208      0x140 ./Drivers/STM32F4xx_HAL_Driver/Src/stm32f4xx_hal_tim.o
                0x000000000800a208                TIM_Base_SetConfig
 .text.TIM_OC1_SetConfig
                0x000000000800a348       0xe0 ./Drivers/STM32F4xx_HAL_Driver/Src/stm32f4xx_hal_tim.o
 .text.TIM_OC2_SetConfig
                0x000000000800a428       0xec ./Drivers/STM32F4xx_HAL_Driver/Src/stm32f4xx_hal_tim.o
                0x000000000800a428                TIM_OC2_SetConfig
 .text.TIM_OC3_SetConfig
                0x000000000800a514       0xe8 ./Drivers/STM32F4xx_HAL_Driver/Src/stm32f4xx_hal_tim.o
 .text.TIM_OC4_SetConfig
                0x000000000800a5fc       0xac ./Drivers/STM32F4xx_HAL_Driver/Src/stm32f4xx_hal_tim.o
 .text.TIM_TI1_ConfigInputStage
                0x000000000800a6a8       0x5e ./Drivers/STM32F4xx_HAL_Driver/Src/stm32f4xx_hal_tim.o
 .text.TIM_TI2_ConfigInputStage
                0x000000000800a706       0x60 ./Drivers/STM32F4xx_HAL_Driver/Src/stm32f4xx_hal_tim.o
 .text.TIM_ITRx_SetConfig
                0x000000000800a766       0x36 ./Drivers/STM32F4xx_HAL_Driver/Src/stm32f4xx_hal_tim.o
 .text.TIM_ETR_SetConfig
                0x000000000800a79c       0x40 ./Drivers/STM32F4xx_HAL_Driver/Src/stm32f4xx_hal_tim.o
                0x000000000800a79c                TIM_ETR_SetConfig
 .text.TIM_CCxChannelCmd
                0x000000000800a7dc       0x4a ./Drivers/STM32F4xx_HAL_Driver/Src/stm32f4xx_hal_tim.o
                0x000000000800a7dc                TIM_CCxChannelCmd
 *fill*         0x000000000800a826        0x2 
 .text.HAL_TIMEx_MasterConfigSynchronization
                0x000000000800a828       0xf8 ./Drivers/STM32F4xx_HAL_Driver/Src/stm32f4xx_hal_tim_ex.o
                0x000000000800a828                HAL_TIMEx_MasterConfigSynchronization
 .text.HAL_TIMEx_ConfigBreakDeadTime
                0x000000000800a920       0xa4 ./Drivers/STM32F4xx_HAL_Driver/Src/stm32f4xx_hal_tim_ex.o
                0x000000000800a920                HAL_TIMEx_ConfigBreakDeadTime
 .text.HAL_TIMEx_CommutCallback
                0x000000000800a9c4       0x14 ./Drivers/STM32F4xx_HAL_Driver/Src/stm32f4xx_hal_tim_ex.o
                0x000000000800a9c4                HAL_TIMEx_CommutCallback
 .text.HAL_TIMEx_BreakCallback
                0x000000000800a9d8       0x14 ./Drivers/STM32F4xx_HAL_Driver/Src/stm32f4xx_hal_tim_ex.o
                0x000000000800a9d8                HAL_TIMEx_BreakCallback
 .text.HAL_UART_Init
                0x000000000800a9ec       0x9a ./Drivers/STM32F4xx_HAL_Driver/Src/stm32f4xx_hal_uart.o
                0x000000000800a9ec                HAL_UART_Init
 .text.HAL_UART_Transmit
                0x000000000800aa86      0x124 ./Drivers/STM32F4xx_HAL_Driver/Src/stm32f4xx_hal_uart.o
                0x000000000800aa86                HAL_UART_Transmit
 .text.HAL_UART_Receive_IT
                0x000000000800abaa       0x60 ./Drivers/STM32F4xx_HAL_Driver/Src/stm32f4xx_hal_uart.o
                0x000000000800abaa                HAL_UART_Receive_IT
 *fill*         0x000000000800ac0a        0x2 
 .text.HAL_UART_IRQHandler
                0x000000000800ac0c      0x51c ./Drivers/STM32F4xx_HAL_Driver/Src/stm32f4xx_hal_uart.o
                0x000000000800ac0c                HAL_UART_IRQHandler
 .text.HAL_UART_TxCpltCallback
                0x000000000800b128       0x14 ./Drivers/STM32F4xx_HAL_Driver/Src/stm32f4xx_hal_uart.o
                0x000000000800b128                HAL_UART_TxCpltCallback
 .text.HAL_UART_ErrorCallback
                0x000000000800b13c       0x14 ./Drivers/STM32F4xx_HAL_Driver/Src/stm32f4xx_hal_uart.o
                0x000000000800b13c                HAL_UART_ErrorCallback
 .text.HAL_UARTEx_RxEventCallback
                0x000000000800b150       0x18 ./Drivers/STM32F4xx_HAL_Driver/Src/stm32f4xx_hal_uart.o
                0x000000000800b150                HAL_UARTEx_RxEventCallback
 .text.UART_WaitOnFlagUntilTimeout
                0x000000000800b168       0xdc ./Drivers/STM32F4xx_HAL_Driver/Src/stm32f4xx_hal_uart.o
 .text.UART_Start_Receive_IT
                0x000000000800b244       0x7c ./Drivers/STM32F4xx_HAL_Driver/Src/stm32f4xx_hal_uart.o
                0x000000000800b244                UART_Start_Receive_IT
 .text.UART_EndRxTransfer
                0x000000000800b2c0       0xc6 ./Drivers/STM32F4xx_HAL_Driver/Src/stm32f4xx_hal_uart.o
 .text.UART_DMAAbortOnError
                0x000000000800b386       0x28 ./Drivers/STM32F4xx_HAL_Driver/Src/stm32f4xx_hal_uart.o
 .text.UART_Transmit_IT
                0x000000000800b3ae       0xa0 ./Drivers/STM32F4xx_HAL_Driver/Src/stm32f4xx_hal_uart.o
 .text.UART_EndTransmit_IT
                0x000000000800b44e       0x30 ./Drivers/STM32F4xx_HAL_Driver/Src/stm32f4xx_hal_uart.o
 .text.UART_Receive_IT
                0x000000000800b47e      0x176 ./Drivers/STM32F4xx_HAL_Driver/Src/stm32f4xx_hal_uart.o
 .text.UART_SetConfig
                0x000000000800b5f4      0x4e8 ./Drivers/STM32F4xx_HAL_Driver/Src/stm32f4xx_hal_uart.o
 .text.atof     0x000000000800badc        0x6 /home/saloutos/.eclipse/com.st.stm32cube.ide.mcu.rcp.product_1.10.1_492108868_linux_gtk_x86_64/plugins/com.st.stm32cube.ide.mcu.externaltools.gnu-tools-for-stm32.10.3-2021.10.linux64_1.0.100.202210260954/tools/bin/../lib/gcc/arm-none-eabi/10.3.1/../../../../arm-none-eabi/lib/thumb/v7e-m+fp/hard/libc_nano.a(lib_a-atof.o)
                0x000000000800badc                atof
 .text.atoi     0x000000000800bae2        0x8 /home/saloutos/.eclipse/com.st.stm32cube.ide.mcu.rcp.product_1.10.1_492108868_linux_gtk_x86_64/plugins/com.st.stm32cube.ide.mcu.externaltools.gnu-tools-for-stm32.10.3-2021.10.linux64_1.0.100.202210260954/tools/bin/../lib/gcc/arm-none-eabi/10.3.1/../../../../arm-none-eabi/lib/thumb/v7e-m+fp/hard/libc_nano.a(lib_a-atoi.o)
                0x000000000800bae2                atoi
 *fill*         0x000000000800baea        0x2 
 .text.__errno  0x000000000800baec        0xc /home/saloutos/.eclipse/com.st.stm32cube.ide.mcu.rcp.product_1.10.1_492108868_linux_gtk_x86_64/plugins/com.st.stm32cube.ide.mcu.externaltools.gnu-tools-for-stm32.10.3-2021.10.linux64_1.0.100.202210260954/tools/bin/../lib/gcc/arm-none-eabi/10.3.1/../../../../arm-none-eabi/lib/thumb/v7e-m+fp/hard/libc_nano.a(lib_a-errno.o)
                0x000000000800baec                __errno
 .text.__libc_init_array
                0x000000000800baf8       0x48 /home/saloutos/.eclipse/com.st.stm32cube.ide.mcu.rcp.product_1.10.1_492108868_linux_gtk_x86_64/plugins/com.st.stm32cube.ide.mcu.externaltools.gnu-tools-for-stm32.10.3-2021.10.linux64_1.0.100.202210260954/tools/bin/../lib/gcc/arm-none-eabi/10.3.1/../../../../arm-none-eabi/lib/thumb/v7e-m+fp/hard/libc_nano.a(lib_a-init.o)
                0x000000000800baf8                __libc_init_array
 .text.memcpy   0x000000000800bb40       0x1c /home/saloutos/.eclipse/com.st.stm32cube.ide.mcu.rcp.product_1.10.1_492108868_linux_gtk_x86_64/plugins/com.st.stm32cube.ide.mcu.externaltools.gnu-tools-for-stm32.10.3-2021.10.linux64_1.0.100.202210260954/tools/bin/../lib/gcc/arm-none-eabi/10.3.1/../../../../arm-none-eabi/lib/thumb/v7e-m+fp/hard/libc_nano.a(lib_a-memcpy-stub.o)
                0x000000000800bb40                memcpy
 .text.memset   0x000000000800bb5c       0x10 /home/saloutos/.eclipse/com.st.stm32cube.ide.mcu.rcp.product_1.10.1_492108868_linux_gtk_x86_64/plugins/com.st.stm32cube.ide.mcu.externaltools.gnu-tools-for-stm32.10.3-2021.10.linux64_1.0.100.202210260954/tools/bin/../lib/gcc/arm-none-eabi/10.3.1/../../../../arm-none-eabi/lib/thumb/v7e-m+fp/hard/libc_nano.a(lib_a-memset.o)
                0x000000000800bb5c                memset
 .text.__cvt    0x000000000800bb6c       0xc4 /home/saloutos/.eclipse/com.st.stm32cube.ide.mcu.rcp.product_1.10.1_492108868_linux_gtk_x86_64/plugins/com.st.stm32cube.ide.mcu.externaltools.gnu-tools-for-stm32.10.3-2021.10.linux64_1.0.100.202210260954/tools/bin/../lib/gcc/arm-none-eabi/10.3.1/../../../../arm-none-eabi/lib/thumb/v7e-m+fp/hard/libc_nano.a(lib_a-nano-vfprintf_float.o)
                0x000000000800bb6c                __cvt
 .text.__exponent
                0x000000000800bc30       0x7c /home/saloutos/.eclipse/com.st.stm32cube.ide.mcu.rcp.product_1.10.1_492108868_linux_gtk_x86_64/plugins/com.st.stm32cube.ide.mcu.externaltools.gnu-tools-for-stm32.10.3-2021.10.linux64_1.0.100.202210260954/tools/bin/../lib/gcc/arm-none-eabi/10.3.1/../../../../arm-none-eabi/lib/thumb/v7e-m+fp/hard/libc_nano.a(lib_a-nano-vfprintf_float.o)
                0x000000000800bc30                __exponent
 .text._printf_float
                0x000000000800bcac      0x46c /home/saloutos/.eclipse/com.st.stm32cube.ide.mcu.rcp.product_1.10.1_492108868_linux_gtk_x86_64/plugins/com.st.stm32cube.ide.mcu.externaltools.gnu-tools-for-stm32.10.3-2021.10.linux64_1.0.100.202210260954/tools/bin/../lib/gcc/arm-none-eabi/10.3.1/../../../../arm-none-eabi/lib/thumb/v7e-m+fp/hard/libc_nano.a(lib_a-nano-vfprintf_float.o)
                0x000000000800bcac                _printf_float
 .text._printf_common
                0x000000000800c118       0xda /home/saloutos/.eclipse/com.st.stm32cube.ide.mcu.rcp.product_1.10.1_492108868_linux_gtk_x86_64/plugins/com.st.stm32cube.ide.mcu.externaltools.gnu-tools-for-stm32.10.3-2021.10.linux64_1.0.100.202210260954/tools/bin/../lib/gcc/arm-none-eabi/10.3.1/../../../../arm-none-eabi/lib/thumb/v7e-m+fp/hard/libc_nano.a(lib_a-nano-vfprintf_i.o)
                0x000000000800c118                _printf_common
 *fill*         0x000000000800c1f2        0x2 
 .text._printf_i
                0x000000000800c1f4      0x24c /home/saloutos/.eclipse/com.st.stm32cube.ide.mcu.rcp.product_1.10.1_492108868_linux_gtk_x86_64/plugins/com.st.stm32cube.ide.mcu.externaltools.gnu-tools-for-stm32.10.3-2021.10.linux64_1.0.100.202210260954/tools/bin/../lib/gcc/arm-none-eabi/10.3.1/../../../../arm-none-eabi/lib/thumb/v7e-m+fp/hard/libc_nano.a(lib_a-nano-vfprintf_i.o)
                0x000000000800c1f4                _printf_i
 .text.printf   0x000000000800c440       0x30 /home/saloutos/.eclipse/com.st.stm32cube.ide.mcu.rcp.product_1.10.1_492108868_linux_gtk_x86_64/plugins/com.st.stm32cube.ide.mcu.externaltools.gnu-tools-for-stm32.10.3-2021.10.linux64_1.0.100.202210260954/tools/bin/../lib/gcc/arm-none-eabi/10.3.1/../../../../arm-none-eabi/lib/thumb/v7e-m+fp/hard/libc_nano.a(lib_a-printf.o)
                0x000000000800c440                printf
                0x000000000800c440                iprintf
 .text._puts_r  0x000000000800c470       0xdc /home/saloutos/.eclipse/com.st.stm32cube.ide.mcu.rcp.product_1.10.1_492108868_linux_gtk_x86_64/plugins/com.st.stm32cube.ide.mcu.externaltools.gnu-tools-for-stm32.10.3-2021.10.linux64_1.0.100.202210260954/tools/bin/../lib/gcc/arm-none-eabi/10.3.1/../../../../arm-none-eabi/lib/thumb/v7e-m+fp/hard/libc_nano.a(lib_a-puts.o)
                0x000000000800c470                _puts_r
 .text.puts     0x000000000800c54c       0x10 /home/saloutos/.eclipse/com.st.stm32cube.ide.mcu.rcp.product_1.10.1_492108868_linux_gtk_x86_64/plugins/com.st.stm32cube.ide.mcu.externaltools.gnu-tools-for-stm32.10.3-2021.10.linux64_1.0.100.202210260954/tools/bin/../lib/gcc/arm-none-eabi/10.3.1/../../../../arm-none-eabi/lib/thumb/v7e-m+fp/hard/libc_nano.a(lib_a-puts.o)
                0x000000000800c54c                puts
 .text.sulp     0x000000000800c55c       0x38 /home/saloutos/.eclipse/com.st.stm32cube.ide.mcu.rcp.product_1.10.1_492108868_linux_gtk_x86_64/plugins/com.st.stm32cube.ide.mcu.externaltools.gnu-tools-for-stm32.10.3-2021.10.linux64_1.0.100.202210260954/tools/bin/../lib/gcc/arm-none-eabi/10.3.1/../../../../arm-none-eabi/lib/thumb/v7e-m+fp/hard/libc_nano.a(lib_a-strtod.o)
 *fill*         0x000000000800c594        0x4 
 .text._strtod_l
                0x000000000800c598      0xc0c /home/saloutos/.eclipse/com.st.stm32cube.ide.mcu.rcp.product_1.10.1_492108868_linux_gtk_x86_64/plugins/com.st.stm32cube.ide.mcu.externaltools.gnu-tools-for-stm32.10.3-2021.10.linux64_1.0.100.202210260954/tools/bin/../lib/gcc/arm-none-eabi/10.3.1/../../../../arm-none-eabi/lib/thumb/v7e-m+fp/hard/libc_nano.a(lib_a-strtod.o)
                0x000000000800c598                _strtod_l
 .text.strtod   0x000000000800d1a4       0x18 /home/saloutos/.eclipse/com.st.stm32cube.ide.mcu.rcp.product_1.10.1_492108868_linux_gtk_x86_64/plugins/com.st.stm32cube.ide.mcu.externaltools.gnu-tools-for-stm32.10.3-2021.10.linux64_1.0.100.202210260954/tools/bin/../lib/gcc/arm-none-eabi/10.3.1/../../../../arm-none-eabi/lib/thumb/v7e-m+fp/hard/libc_nano.a(lib_a-strtod.o)
                0x000000000800d1a4                strtod
 .text._strtol_l.constprop.0
                0x000000000800d1bc      0x104 /home/saloutos/.eclipse/com.st.stm32cube.ide.mcu.rcp.product_1.10.1_492108868_linux_gtk_x86_64/plugins/com.st.stm32cube.ide.mcu.externaltools.gnu-tools-for-stm32.10.3-2021.10.linux64_1.0.100.202210260954/tools/bin/../lib/gcc/arm-none-eabi/10.3.1/../../../../arm-none-eabi/lib/thumb/v7e-m+fp/hard/libc_nano.a(lib_a-strtol.o)
 .text.strtol   0x000000000800d2c0       0x14 /home/saloutos/.eclipse/com.st.stm32cube.ide.mcu.rcp.product_1.10.1_492108868_linux_gtk_x86_64/plugins/com.st.stm32cube.ide.mcu.externaltools.gnu-tools-for-stm32.10.3-2021.10.linux64_1.0.100.202210260954/tools/bin/../lib/gcc/arm-none-eabi/10.3.1/../../../../arm-none-eabi/lib/thumb/v7e-m+fp/hard/libc_nano.a(lib_a-strtol.o)
                0x000000000800d2c0                strtol
 .text.__swbuf_r
                0x000000000800d2d4       0xa4 /home/saloutos/.eclipse/com.st.stm32cube.ide.mcu.rcp.product_1.10.1_492108868_linux_gtk_x86_64/plugins/com.st.stm32cube.ide.mcu.externaltools.gnu-tools-for-stm32.10.3-2021.10.linux64_1.0.100.202210260954/tools/bin/../lib/gcc/arm-none-eabi/10.3.1/../../../../arm-none-eabi/lib/thumb/v7e-m+fp/hard/libc_nano.a(lib_a-wbuf.o)
                0x000000000800d2d4                __swbuf_r
 .text.__swsetup_r
                0x000000000800d378       0xdc /home/saloutos/.eclipse/com.st.stm32cube.ide.mcu.rcp.product_1.10.1_492108868_linux_gtk_x86_64/plugins/com.st.stm32cube.ide.mcu.externaltools.gnu-tools-for-stm32.10.3-2021.10.linux64_1.0.100.202210260954/tools/bin/../lib/gcc/arm-none-eabi/10.3.1/../../../../arm-none-eabi/lib/thumb/v7e-m+fp/hard/libc_nano.a(lib_a-wsetup.o)
                0x000000000800d378                __swsetup_r
 .text.quorem   0x000000000800d454      0x116 /home/saloutos/.eclipse/com.st.stm32cube.ide.mcu.rcp.product_1.10.1_492108868_linux_gtk_x86_64/plugins/com.st.stm32cube.ide.mcu.externaltools.gnu-tools-for-stm32.10.3-2021.10.linux64_1.0.100.202210260954/tools/bin/../lib/gcc/arm-none-eabi/10.3.1/../../../../arm-none-eabi/lib/thumb/v7e-m+fp/hard/libc_nano.a(lib_a-dtoa.o)
 *fill*         0x000000000800d56a        0x6 
 .text._dtoa_r  0x000000000800d570      0xbdc /home/saloutos/.eclipse/com.st.stm32cube.ide.mcu.rcp.product_1.10.1_492108868_linux_gtk_x86_64/plugins/com.st.stm32cube.ide.mcu.externaltools.gnu-tools-for-stm32.10.3-2021.10.linux64_1.0.100.202210260954/tools/bin/../lib/gcc/arm-none-eabi/10.3.1/../../../../arm-none-eabi/lib/thumb/v7e-m+fp/hard/libc_nano.a(lib_a-dtoa.o)
                0x000000000800d570                _dtoa_r
 .text.__sflush_r
                0x000000000800e14c      0x10c /home/saloutos/.eclipse/com.st.stm32cube.ide.mcu.rcp.product_1.10.1_492108868_linux_gtk_x86_64/plugins/com.st.stm32cube.ide.mcu.externaltools.gnu-tools-for-stm32.10.3-2021.10.linux64_1.0.100.202210260954/tools/bin/../lib/gcc/arm-none-eabi/10.3.1/../../../../arm-none-eabi/lib/thumb/v7e-m+fp/hard/libc_nano.a(lib_a-fflush.o)
                0x000000000800e14c                __sflush_r
 .text._fflush_r
                0x000000000800e258       0x78 /home/saloutos/.eclipse/com.st.stm32cube.ide.mcu.rcp.product_1.10.1_492108868_linux_gtk_x86_64/plugins/com.st.stm32cube.ide.mcu.externaltools.gnu-tools-for-stm32.10.3-2021.10.linux64_1.0.100.202210260954/tools/bin/../lib/gcc/arm-none-eabi/10.3.1/../../../../arm-none-eabi/lib/thumb/v7e-m+fp/hard/libc_nano.a(lib_a-fflush.o)
                0x000000000800e258                _fflush_r
 .text.std      0x000000000800e2d0       0x48 /home/saloutos/.eclipse/com.st.stm32cube.ide.mcu.rcp.product_1.10.1_492108868_linux_gtk_x86_64/plugins/com.st.stm32cube.ide.mcu.externaltools.gnu-tools-for-stm32.10.3-2021.10.linux64_1.0.100.202210260954/tools/bin/../lib/gcc/arm-none-eabi/10.3.1/../../../../arm-none-eabi/lib/thumb/v7e-m+fp/hard/libc_nano.a(lib_a-findfp.o)
 .text._cleanup_r
                0x000000000800e318        0xc /home/saloutos/.eclipse/com.st.stm32cube.ide.mcu.rcp.product_1.10.1_492108868_linux_gtk_x86_64/plugins/com.st.stm32cube.ide.mcu.externaltools.gnu-tools-for-stm32.10.3-2021.10.linux64_1.0.100.202210260954/tools/bin/../lib/gcc/arm-none-eabi/10.3.1/../../../../arm-none-eabi/lib/thumb/v7e-m+fp/hard/libc_nano.a(lib_a-findfp.o)
                0x000000000800e318                _cleanup_r
 .text.__sfmoreglue
                0x000000000800e324       0x2c /home/saloutos/.eclipse/com.st.stm32cube.ide.mcu.rcp.product_1.10.1_492108868_linux_gtk_x86_64/plugins/com.st.stm32cube.ide.mcu.externaltools.gnu-tools-for-stm32.10.3-2021.10.linux64_1.0.100.202210260954/tools/bin/../lib/gcc/arm-none-eabi/10.3.1/../../../../arm-none-eabi/lib/thumb/v7e-m+fp/hard/libc_nano.a(lib_a-findfp.o)
                0x000000000800e324                __sfmoreglue
 .text.__sfp_lock_acquire
                0x000000000800e350        0xc /home/saloutos/.eclipse/com.st.stm32cube.ide.mcu.rcp.product_1.10.1_492108868_linux_gtk_x86_64/plugins/com.st.stm32cube.ide.mcu.externaltools.gnu-tools-for-stm32.10.3-2021.10.linux64_1.0.100.202210260954/tools/bin/../lib/gcc/arm-none-eabi/10.3.1/../../../../arm-none-eabi/lib/thumb/v7e-m+fp/hard/libc_nano.a(lib_a-findfp.o)
                0x000000000800e350                __sfp_lock_acquire
 .text.__sfp_lock_release
                0x000000000800e35c        0xc /home/saloutos/.eclipse/com.st.stm32cube.ide.mcu.rcp.product_1.10.1_492108868_linux_gtk_x86_64/plugins/com.st.stm32cube.ide.mcu.externaltools.gnu-tools-for-stm32.10.3-2021.10.linux64_1.0.100.202210260954/tools/bin/../lib/gcc/arm-none-eabi/10.3.1/../../../../arm-none-eabi/lib/thumb/v7e-m+fp/hard/libc_nano.a(lib_a-findfp.o)
                0x000000000800e35c                __sfp_lock_release
 .text.__sinit_lock_acquire
                0x000000000800e368        0xc /home/saloutos/.eclipse/com.st.stm32cube.ide.mcu.rcp.product_1.10.1_492108868_linux_gtk_x86_64/plugins/com.st.stm32cube.ide.mcu.externaltools.gnu-tools-for-stm32.10.3-2021.10.linux64_1.0.100.202210260954/tools/bin/../lib/gcc/arm-none-eabi/10.3.1/../../../../arm-none-eabi/lib/thumb/v7e-m+fp/hard/libc_nano.a(lib_a-findfp.o)
                0x000000000800e368                __sinit_lock_acquire
 .text.__sinit_lock_release
                0x000000000800e374        0xc /home/saloutos/.eclipse/com.st.stm32cube.ide.mcu.rcp.product_1.10.1_492108868_linux_gtk_x86_64/plugins/com.st.stm32cube.ide.mcu.externaltools.gnu-tools-for-stm32.10.3-2021.10.linux64_1.0.100.202210260954/tools/bin/../lib/gcc/arm-none-eabi/10.3.1/../../../../arm-none-eabi/lib/thumb/v7e-m+fp/hard/libc_nano.a(lib_a-findfp.o)
                0x000000000800e374                __sinit_lock_release
 .text.__sinit  0x000000000800e380       0x70 /home/saloutos/.eclipse/com.st.stm32cube.ide.mcu.rcp.product_1.10.1_492108868_linux_gtk_x86_64/plugins/com.st.stm32cube.ide.mcu.externaltools.gnu-tools-for-stm32.10.3-2021.10.linux64_1.0.100.202210260954/tools/bin/../lib/gcc/arm-none-eabi/10.3.1/../../../../arm-none-eabi/lib/thumb/v7e-m+fp/hard/libc_nano.a(lib_a-findfp.o)
                0x000000000800e380                __sinit
 .text.__sfp    0x000000000800e3f0       0x8c /home/saloutos/.eclipse/com.st.stm32cube.ide.mcu.rcp.product_1.10.1_492108868_linux_gtk_x86_64/plugins/com.st.stm32cube.ide.mcu.externaltools.gnu-tools-for-stm32.10.3-2021.10.linux64_1.0.100.202210260954/tools/bin/../lib/gcc/arm-none-eabi/10.3.1/../../../../arm-none-eabi/lib/thumb/v7e-m+fp/hard/libc_nano.a(lib_a-findfp.o)
                0x000000000800e3f0                __sfp
 .text._fwalk_reent
                0x000000000800e47c       0x3e /home/saloutos/.eclipse/com.st.stm32cube.ide.mcu.rcp.product_1.10.1_492108868_linux_gtk_x86_64/plugins/com.st.stm32cube.ide.mcu.externaltools.gnu-tools-for-stm32.10.3-2021.10.linux64_1.0.100.202210260954/tools/bin/../lib/gcc/arm-none-eabi/10.3.1/../../../../arm-none-eabi/lib/thumb/v7e-m+fp/hard/libc_nano.a(lib_a-fwalk.o)
                0x000000000800e47c                _fwalk_reent
 .text.rshift   0x000000000800e4ba       0xa4 /home/saloutos/.eclipse/com.st.stm32cube.ide.mcu.rcp.product_1.10.1_492108868_linux_gtk_x86_64/plugins/com.st.stm32cube.ide.mcu.externaltools.gnu-tools-for-stm32.10.3-2021.10.linux64_1.0.100.202210260954/tools/bin/../lib/gcc/arm-none-eabi/10.3.1/../../../../arm-none-eabi/lib/thumb/v7e-m+fp/hard/libc_nano.a(lib_a-gdtoa-gethex.o)
 .text.__hexdig_fun
                0x000000000800e55e       0x2a /home/saloutos/.eclipse/com.st.stm32cube.ide.mcu.rcp.product_1.10.1_492108868_linux_gtk_x86_64/plugins/com.st.stm32cube.ide.mcu.externaltools.gnu-tools-for-stm32.10.3-2021.10.linux64_1.0.100.202210260954/tools/bin/../lib/gcc/arm-none-eabi/10.3.1/../../../../arm-none-eabi/lib/thumb/v7e-m+fp/hard/libc_nano.a(lib_a-gdtoa-gethex.o)
                0x000000000800e55e                __hexdig_fun
 .text.__gethex
                0x000000000800e588      0x48c /home/saloutos/.eclipse/com.st.stm32cube.ide.mcu.rcp.product_1.10.1_492108868_linux_gtk_x86_64/plugins/com.st.stm32cube.ide.mcu.externaltools.gnu-tools-for-stm32.10.3-2021.10.linux64_1.0.100.202210260954/tools/bin/../lib/gcc/arm-none-eabi/10.3.1/../../../../arm-none-eabi/lib/thumb/v7e-m+fp/hard/libc_nano.a(lib_a-gdtoa-gethex.o)
                0x000000000800e588                __gethex
 .text.L_shift  0x000000000800ea14       0x24 /home/saloutos/.eclipse/com.st.stm32cube.ide.mcu.rcp.product_1.10.1_492108868_linux_gtk_x86_64/plugins/com.st.stm32cube.ide.mcu.externaltools.gnu-tools-for-stm32.10.3-2021.10.linux64_1.0.100.202210260954/tools/bin/../lib/gcc/arm-none-eabi/10.3.1/../../../../arm-none-eabi/lib/thumb/v7e-m+fp/hard/libc_nano.a(lib_a-gdtoa-hexnan.o)
 .text.__match  0x000000000800ea38       0x28 /home/saloutos/.eclipse/com.st.stm32cube.ide.mcu.rcp.product_1.10.1_492108868_linux_gtk_x86_64/plugins/com.st.stm32cube.ide.mcu.externaltools.gnu-tools-for-stm32.10.3-2021.10.linux64_1.0.100.202210260954/tools/bin/../lib/gcc/arm-none-eabi/10.3.1/../../../../arm-none-eabi/lib/thumb/v7e-m+fp/hard/libc_nano.a(lib_a-gdtoa-hexnan.o)
                0x000000000800ea38                __match
 .text.__hexnan
                0x000000000800ea60      0x138 /home/saloutos/.eclipse/com.st.stm32cube.ide.mcu.rcp.product_1.10.1_492108868_linux_gtk_x86_64/plugins/com.st.stm32cube.ide.mcu.externaltools.gnu-tools-for-stm32.10.3-2021.10.linux64_1.0.100.202210260954/tools/bin/../lib/gcc/arm-none-eabi/10.3.1/../../../../arm-none-eabi/lib/thumb/v7e-m+fp/hard/libc_nano.a(lib_a-gdtoa-hexnan.o)
                0x000000000800ea60                __hexnan
 .text._localeconv_r
                0x000000000800eb98        0x8 /home/saloutos/.eclipse/com.st.stm32cube.ide.mcu.rcp.product_1.10.1_492108868_linux_gtk_x86_64/plugins/com.st.stm32cube.ide.mcu.externaltools.gnu-tools-for-stm32.10.3-2021.10.linux64_1.0.100.202210260954/tools/bin/../lib/gcc/arm-none-eabi/10.3.1/../../../../arm-none-eabi/lib/thumb/v7e-m+fp/hard/libc_nano.a(lib_a-localeconv.o)
                0x000000000800eb98                _localeconv_r
 .text.__retarget_lock_init_recursive
                0x000000000800eba0        0x2 /home/saloutos/.eclipse/com.st.stm32cube.ide.mcu.rcp.product_1.10.1_492108868_linux_gtk_x86_64/plugins/com.st.stm32cube.ide.mcu.externaltools.gnu-tools-for-stm32.10.3-2021.10.linux64_1.0.100.202210260954/tools/bin/../lib/gcc/arm-none-eabi/10.3.1/../../../../arm-none-eabi/lib/thumb/v7e-m+fp/hard/libc_nano.a(lib_a-lock.o)
                0x000000000800eba0                __retarget_lock_init_recursive
 .text.__retarget_lock_acquire_recursive
                0x000000000800eba2        0x2 /home/saloutos/.eclipse/com.st.stm32cube.ide.mcu.rcp.product_1.10.1_492108868_linux_gtk_x86_64/plugins/com.st.stm32cube.ide.mcu.externaltools.gnu-tools-for-stm32.10.3-2021.10.linux64_1.0.100.202210260954/tools/bin/../lib/gcc/arm-none-eabi/10.3.1/../../../../arm-none-eabi/lib/thumb/v7e-m+fp/hard/libc_nano.a(lib_a-lock.o)
                0x000000000800eba2                __retarget_lock_acquire_recursive
 .text.__retarget_lock_release_recursive
                0x000000000800eba4        0x2 /home/saloutos/.eclipse/com.st.stm32cube.ide.mcu.rcp.product_1.10.1_492108868_linux_gtk_x86_64/plugins/com.st.stm32cube.ide.mcu.externaltools.gnu-tools-for-stm32.10.3-2021.10.linux64_1.0.100.202210260954/tools/bin/../lib/gcc/arm-none-eabi/10.3.1/../../../../arm-none-eabi/lib/thumb/v7e-m+fp/hard/libc_nano.a(lib_a-lock.o)
                0x000000000800eba4                __retarget_lock_release_recursive
 .text.__swhatbuf_r
                0x000000000800eba6       0x4a /home/saloutos/.eclipse/com.st.stm32cube.ide.mcu.rcp.product_1.10.1_492108868_linux_gtk_x86_64/plugins/com.st.stm32cube.ide.mcu.externaltools.gnu-tools-for-stm32.10.3-2021.10.linux64_1.0.100.202210260954/tools/bin/../lib/gcc/arm-none-eabi/10.3.1/../../../../arm-none-eabi/lib/thumb/v7e-m+fp/hard/libc_nano.a(lib_a-makebuf.o)
                0x000000000800eba6                __swhatbuf_r
 .text.__smakebuf_r
                0x000000000800ebf0       0x80 /home/saloutos/.eclipse/com.st.stm32cube.ide.mcu.rcp.product_1.10.1_492108868_linux_gtk_x86_64/plugins/com.st.stm32cube.ide.mcu.externaltools.gnu-tools-for-stm32.10.3-2021.10.linux64_1.0.100.202210260954/tools/bin/../lib/gcc/arm-none-eabi/10.3.1/../../../../arm-none-eabi/lib/thumb/v7e-m+fp/hard/libc_nano.a(lib_a-makebuf.o)
                0x000000000800ebf0                __smakebuf_r
 .text.malloc   0x000000000800ec70       0x10 /home/saloutos/.eclipse/com.st.stm32cube.ide.mcu.rcp.product_1.10.1_492108868_linux_gtk_x86_64/plugins/com.st.stm32cube.ide.mcu.externaltools.gnu-tools-for-stm32.10.3-2021.10.linux64_1.0.100.202210260954/tools/bin/../lib/gcc/arm-none-eabi/10.3.1/../../../../arm-none-eabi/lib/thumb/v7e-m+fp/hard/libc_nano.a(lib_a-malloc.o)
                0x000000000800ec70                malloc
 .text.__ascii_mbtowc
                0x000000000800ec80       0x24 /home/saloutos/.eclipse/com.st.stm32cube.ide.mcu.rcp.product_1.10.1_492108868_linux_gtk_x86_64/plugins/com.st.stm32cube.ide.mcu.externaltools.gnu-tools-for-stm32.10.3-2021.10.linux64_1.0.100.202210260954/tools/bin/../lib/gcc/arm-none-eabi/10.3.1/../../../../arm-none-eabi/lib/thumb/v7e-m+fp/hard/libc_nano.a(lib_a-mbtowc_r.o)
                0x000000000800ec80                __ascii_mbtowc
 .text._Balloc  0x000000000800eca4       0x80 /home/saloutos/.eclipse/com.st.stm32cube.ide.mcu.rcp.product_1.10.1_492108868_linux_gtk_x86_64/plugins/com.st.stm32cube.ide.mcu.externaltools.gnu-tools-for-stm32.10.3-2021.10.linux64_1.0.100.202210260954/tools/bin/../lib/gcc/arm-none-eabi/10.3.1/../../../../arm-none-eabi/lib/thumb/v7e-m+fp/hard/libc_nano.a(lib_a-mprec.o)
                0x000000000800eca4                _Balloc
 .text._Bfree   0x000000000800ed24       0x44 /home/saloutos/.eclipse/com.st.stm32cube.ide.mcu.rcp.product_1.10.1_492108868_linux_gtk_x86_64/plugins/com.st.stm32cube.ide.mcu.externaltools.gnu-tools-for-stm32.10.3-2021.10.linux64_1.0.100.202210260954/tools/bin/../lib/gcc/arm-none-eabi/10.3.1/../../../../arm-none-eabi/lib/thumb/v7e-m+fp/hard/libc_nano.a(lib_a-mprec.o)
                0x000000000800ed24                _Bfree
 .text.__multadd
                0x000000000800ed68       0x8c /home/saloutos/.eclipse/com.st.stm32cube.ide.mcu.rcp.product_1.10.1_492108868_linux_gtk_x86_64/plugins/com.st.stm32cube.ide.mcu.externaltools.gnu-tools-for-stm32.10.3-2021.10.linux64_1.0.100.202210260954/tools/bin/../lib/gcc/arm-none-eabi/10.3.1/../../../../arm-none-eabi/lib/thumb/v7e-m+fp/hard/libc_nano.a(lib_a-mprec.o)
                0x000000000800ed68                __multadd
 .text.__s2b    0x000000000800edf4       0x94 /home/saloutos/.eclipse/com.st.stm32cube.ide.mcu.rcp.product_1.10.1_492108868_linux_gtk_x86_64/plugins/com.st.stm32cube.ide.mcu.externaltools.gnu-tools-for-stm32.10.3-2021.10.linux64_1.0.100.202210260954/tools/bin/../lib/gcc/arm-none-eabi/10.3.1/../../../../arm-none-eabi/lib/thumb/v7e-m+fp/hard/libc_nano.a(lib_a-mprec.o)
                0x000000000800edf4                __s2b
 .text.__hi0bits
                0x000000000800ee88       0x40 /home/saloutos/.eclipse/com.st.stm32cube.ide.mcu.rcp.product_1.10.1_492108868_linux_gtk_x86_64/plugins/com.st.stm32cube.ide.mcu.externaltools.gnu-tools-for-stm32.10.3-2021.10.linux64_1.0.100.202210260954/tools/bin/../lib/gcc/arm-none-eabi/10.3.1/../../../../arm-none-eabi/lib/thumb/v7e-m+fp/hard/libc_nano.a(lib_a-mprec.o)
                0x000000000800ee88                __hi0bits
 .text.__lo0bits
                0x000000000800eec8       0x5e /home/saloutos/.eclipse/com.st.stm32cube.ide.mcu.rcp.product_1.10.1_492108868_linux_gtk_x86_64/plugins/com.st.stm32cube.ide.mcu.externaltools.gnu-tools-for-stm32.10.3-2021.10.linux64_1.0.100.202210260954/tools/bin/../lib/gcc/arm-none-eabi/10.3.1/../../../../arm-none-eabi/lib/thumb/v7e-m+fp/hard/libc_nano.a(lib_a-mprec.o)
                0x000000000800eec8                __lo0bits
 *fill*         0x000000000800ef26        0x2 
 .text.__i2b    0x000000000800ef28       0x2c /home/saloutos/.eclipse/com.st.stm32cube.ide.mcu.rcp.product_1.10.1_492108868_linux_gtk_x86_64/plugins/com.st.stm32cube.ide.mcu.externaltools.gnu-tools-for-stm32.10.3-2021.10.linux64_1.0.100.202210260954/tools/bin/../lib/gcc/arm-none-eabi/10.3.1/../../../../arm-none-eabi/lib/thumb/v7e-m+fp/hard/libc_nano.a(lib_a-mprec.o)
                0x000000000800ef28                __i2b
 .text.__multiply
                0x000000000800ef54      0x154 /home/saloutos/.eclipse/com.st.stm32cube.ide.mcu.rcp.product_1.10.1_492108868_linux_gtk_x86_64/plugins/com.st.stm32cube.ide.mcu.externaltools.gnu-tools-for-stm32.10.3-2021.10.linux64_1.0.100.202210260954/tools/bin/../lib/gcc/arm-none-eabi/10.3.1/../../../../arm-none-eabi/lib/thumb/v7e-m+fp/hard/libc_nano.a(lib_a-mprec.o)
                0x000000000800ef54                __multiply
 .text.__pow5mult
                0x000000000800f0a8       0xb4 /home/saloutos/.eclipse/com.st.stm32cube.ide.mcu.rcp.product_1.10.1_492108868_linux_gtk_x86_64/plugins/com.st.stm32cube.ide.mcu.externaltools.gnu-tools-for-stm32.10.3-2021.10.linux64_1.0.100.202210260954/tools/bin/../lib/gcc/arm-none-eabi/10.3.1/../../../../arm-none-eabi/lib/thumb/v7e-m+fp/hard/libc_nano.a(lib_a-mprec.o)
                0x000000000800f0a8                __pow5mult
 .text.__lshift
                0x000000000800f15c       0xe0 /home/saloutos/.eclipse/com.st.stm32cube.ide.mcu.rcp.product_1.10.1_492108868_linux_gtk_x86_64/plugins/com.st.stm32cube.ide.mcu.externaltools.gnu-tools-for-stm32.10.3-2021.10.linux64_1.0.100.202210260954/tools/bin/../lib/gcc/arm-none-eabi/10.3.1/../../../../arm-none-eabi/lib/thumb/v7e-m+fp/hard/libc_nano.a(lib_a-mprec.o)
                0x000000000800f15c                __lshift
 .text.__mcmp   0x000000000800f23c       0x38 /home/saloutos/.eclipse/com.st.stm32cube.ide.mcu.rcp.product_1.10.1_492108868_linux_gtk_x86_64/plugins/com.st.stm32cube.ide.mcu.externaltools.gnu-tools-for-stm32.10.3-2021.10.linux64_1.0.100.202210260954/tools/bin/../lib/gcc/arm-none-eabi/10.3.1/../../../../arm-none-eabi/lib/thumb/v7e-m+fp/hard/libc_nano.a(lib_a-mprec.o)
                0x000000000800f23c                __mcmp
 .text.__mdiff  0x000000000800f274      0x114 /home/saloutos/.eclipse/com.st.stm32cube.ide.mcu.rcp.product_1.10.1_492108868_linux_gtk_x86_64/plugins/com.st.stm32cube.ide.mcu.externaltools.gnu-tools-for-stm32.10.3-2021.10.linux64_1.0.100.202210260954/tools/bin/../lib/gcc/arm-none-eabi/10.3.1/../../../../arm-none-eabi/lib/thumb/v7e-m+fp/hard/libc_nano.a(lib_a-mprec.o)
                0x000000000800f274                __mdiff
 .text.__ulp    0x000000000800f388       0x58 /home/saloutos/.eclipse/com.st.stm32cube.ide.mcu.rcp.product_1.10.1_492108868_linux_gtk_x86_64/plugins/com.st.stm32cube.ide.mcu.externaltools.gnu-tools-for-stm32.10.3-2021.10.linux64_1.0.100.202210260954/tools/bin/../lib/gcc/arm-none-eabi/10.3.1/../../../../arm-none-eabi/lib/thumb/v7e-m+fp/hard/libc_nano.a(lib_a-mprec.o)
                0x000000000800f388                __ulp
 .text.__b2d    0x000000000800f3e0       0xa0 /home/saloutos/.eclipse/com.st.stm32cube.ide.mcu.rcp.product_1.10.1_492108868_linux_gtk_x86_64/plugins/com.st.stm32cube.ide.mcu.externaltools.gnu-tools-for-stm32.10.3-2021.10.linux64_1.0.100.202210260954/tools/bin/../lib/gcc/arm-none-eabi/10.3.1/../../../../arm-none-eabi/lib/thumb/v7e-m+fp/hard/libc_nano.a(lib_a-mprec.o)
                0x000000000800f3e0                __b2d
 .text.__d2b    0x000000000800f480       0xb8 /home/saloutos/.eclipse/com.st.stm32cube.ide.mcu.rcp.product_1.10.1_492108868_linux_gtk_x86_64/plugins/com.st.stm32cube.ide.mcu.externaltools.gnu-tools-for-stm32.10.3-2021.10.linux64_1.0.100.202210260954/tools/bin/../lib/gcc/arm-none-eabi/10.3.1/../../../../arm-none-eabi/lib/thumb/v7e-m+fp/hard/libc_nano.a(lib_a-mprec.o)
                0x000000000800f480                __d2b
 .text.__ratio  0x000000000800f538       0x66 /home/saloutos/.eclipse/com.st.stm32cube.ide.mcu.rcp.product_1.10.1_492108868_linux_gtk_x86_64/plugins/com.st.stm32cube.ide.mcu.externaltools.gnu-tools-for-stm32.10.3-2021.10.linux64_1.0.100.202210260954/tools/bin/../lib/gcc/arm-none-eabi/10.3.1/../../../../arm-none-eabi/lib/thumb/v7e-m+fp/hard/libc_nano.a(lib_a-mprec.o)
                0x000000000800f538                __ratio
 .text.__copybits
                0x000000000800f59e       0x46 /home/saloutos/.eclipse/com.st.stm32cube.ide.mcu.rcp.product_1.10.1_492108868_linux_gtk_x86_64/plugins/com.st.stm32cube.ide.mcu.externaltools.gnu-tools-for-stm32.10.3-2021.10.linux64_1.0.100.202210260954/tools/bin/../lib/gcc/arm-none-eabi/10.3.1/../../../../arm-none-eabi/lib/thumb/v7e-m+fp/hard/libc_nano.a(lib_a-mprec.o)
                0x000000000800f59e                __copybits
 .text.__any_on
                0x000000000800f5e4       0x42 /home/saloutos/.eclipse/com.st.stm32cube.ide.mcu.rcp.product_1.10.1_492108868_linux_gtk_x86_64/plugins/com.st.stm32cube.ide.mcu.externaltools.gnu-tools-for-stm32.10.3-2021.10.linux64_1.0.100.202210260954/tools/bin/../lib/gcc/arm-none-eabi/10.3.1/../../../../arm-none-eabi/lib/thumb/v7e-m+fp/hard/libc_nano.a(lib_a-mprec.o)
                0x000000000800f5e4                __any_on
 .text._calloc_r
                0x000000000800f626       0x2c /home/saloutos/.eclipse/com.st.stm32cube.ide.mcu.rcp.product_1.10.1_492108868_linux_gtk_x86_64/plugins/com.st.stm32cube.ide.mcu.externaltools.gnu-tools-for-stm32.10.3-2021.10.linux64_1.0.100.202210260954/tools/bin/../lib/gcc/arm-none-eabi/10.3.1/../../../../arm-none-eabi/lib/thumb/v7e-m+fp/hard/libc_nano.a(lib_a-nano-callocr.o)
                0x000000000800f626                _calloc_r
 *fill*         0x000000000800f652        0x2 
 .text._free_r  0x000000000800f654       0x98 /home/saloutos/.eclipse/com.st.stm32cube.ide.mcu.rcp.product_1.10.1_492108868_linux_gtk_x86_64/plugins/com.st.stm32cube.ide.mcu.externaltools.gnu-tools-for-stm32.10.3-2021.10.linux64_1.0.100.202210260954/tools/bin/../lib/gcc/arm-none-eabi/10.3.1/../../../../arm-none-eabi/lib/thumb/v7e-m+fp/hard/libc_nano.a(lib_a-nano-freer.o)
                0x000000000800f654                _free_r
 .text.sbrk_aligned
                0x000000000800f6ec       0x40 /home/saloutos/.eclipse/com.st.stm32cube.ide.mcu.rcp.product_1.10.1_492108868_linux_gtk_x86_64/plugins/com.st.stm32cube.ide.mcu.externaltools.gnu-tools-for-stm32.10.3-2021.10.linux64_1.0.100.202210260954/tools/bin/../lib/gcc/arm-none-eabi/10.3.1/../../../../arm-none-eabi/lib/thumb/v7e-m+fp/hard/libc_nano.a(lib_a-nano-mallocr.o)
 .text._malloc_r
                0x000000000800f72c       0xe8 /home/saloutos/.eclipse/com.st.stm32cube.ide.mcu.rcp.product_1.10.1_492108868_linux_gtk_x86_64/plugins/com.st.stm32cube.ide.mcu.externaltools.gnu-tools-for-stm32.10.3-2021.10.linux64_1.0.100.202210260954/tools/bin/../lib/gcc/arm-none-eabi/10.3.1/../../../../arm-none-eabi/lib/thumb/v7e-m+fp/hard/libc_nano.a(lib_a-nano-mallocr.o)
                0x000000000800f72c                _malloc_r
 .text.__sfputc_r
                0x000000000800f814       0x2e /home/saloutos/.eclipse/com.st.stm32cube.ide.mcu.rcp.product_1.10.1_492108868_linux_gtk_x86_64/plugins/com.st.stm32cube.ide.mcu.externaltools.gnu-tools-for-stm32.10.3-2021.10.linux64_1.0.100.202210260954/tools/bin/../lib/gcc/arm-none-eabi/10.3.1/../../../../arm-none-eabi/lib/thumb/v7e-m+fp/hard/libc_nano.a(lib_a-nano-vfprintf.o)
 .text.__sfputs_r
                0x000000000800f842       0x24 /home/saloutos/.eclipse/com.st.stm32cube.ide.mcu.rcp.product_1.10.1_492108868_linux_gtk_x86_64/plugins/com.st.stm32cube.ide.mcu.externaltools.gnu-tools-for-stm32.10.3-2021.10.linux64_1.0.100.202210260954/tools/bin/../lib/gcc/arm-none-eabi/10.3.1/../../../../arm-none-eabi/lib/thumb/v7e-m+fp/hard/libc_nano.a(lib_a-nano-vfprintf.o)
                0x000000000800f842                __sfputs_r
 *fill*         0x000000000800f866        0x2 
 .text._vfprintf_r
                0x000000000800f868      0x260 /home/saloutos/.eclipse/com.st.stm32cube.ide.mcu.rcp.product_1.10.1_492108868_linux_gtk_x86_64/plugins/com.st.stm32cube.ide.mcu.externaltools.gnu-tools-for-stm32.10.3-2021.10.linux64_1.0.100.202210260954/tools/bin/../lib/gcc/arm-none-eabi/10.3.1/../../../../arm-none-eabi/lib/thumb/v7e-m+fp/hard/libc_nano.a(lib_a-nano-vfprintf.o)
                0x000000000800f868                _vfiprintf_r
                0x000000000800f868                _vfprintf_r
 .text.nan      0x000000000800fac8       0x10 /home/saloutos/.eclipse/com.st.stm32cube.ide.mcu.rcp.product_1.10.1_492108868_linux_gtk_x86_64/plugins/com.st.stm32cube.ide.mcu.externaltools.gnu-tools-for-stm32.10.3-2021.10.linux64_1.0.100.202210260954/tools/bin/../lib/gcc/arm-none-eabi/10.3.1/../../../../arm-none-eabi/lib/thumb/v7e-m+fp/hard/libc_nano.a(lib_a-s_nan.o)
                0x000000000800fac8                nan
 .text._sbrk_r  0x000000000800fad8       0x20 /home/saloutos/.eclipse/com.st.stm32cube.ide.mcu.rcp.product_1.10.1_492108868_linux_gtk_x86_64/plugins/com.st.stm32cube.ide.mcu.externaltools.gnu-tools-for-stm32.10.3-2021.10.linux64_1.0.100.202210260954/tools/bin/../lib/gcc/arm-none-eabi/10.3.1/../../../../arm-none-eabi/lib/thumb/v7e-m+fp/hard/libc_nano.a(lib_a-sbrkr.o)
                0x000000000800fad8                _sbrk_r
 .text.__sread  0x000000000800faf8       0x22 /home/saloutos/.eclipse/com.st.stm32cube.ide.mcu.rcp.product_1.10.1_492108868_linux_gtk_x86_64/plugins/com.st.stm32cube.ide.mcu.externaltools.gnu-tools-for-stm32.10.3-2021.10.linux64_1.0.100.202210260954/tools/bin/../lib/gcc/arm-none-eabi/10.3.1/../../../../arm-none-eabi/lib/thumb/v7e-m+fp/hard/libc_nano.a(lib_a-stdio.o)
                0x000000000800faf8                __sread
 .text.__swrite
                0x000000000800fb1a       0x38 /home/saloutos/.eclipse/com.st.stm32cube.ide.mcu.rcp.product_1.10.1_492108868_linux_gtk_x86_64/plugins/com.st.stm32cube.ide.mcu.externaltools.gnu-tools-for-stm32.10.3-2021.10.linux64_1.0.100.202210260954/tools/bin/../lib/gcc/arm-none-eabi/10.3.1/../../../../arm-none-eabi/lib/thumb/v7e-m+fp/hard/libc_nano.a(lib_a-stdio.o)
                0x000000000800fb1a                __swrite
 .text.__sseek  0x000000000800fb52       0x24 /home/saloutos/.eclipse/com.st.stm32cube.ide.mcu.rcp.product_1.10.1_492108868_linux_gtk_x86_64/plugins/com.st.stm32cube.ide.mcu.externaltools.gnu-tools-for-stm32.10.3-2021.10.linux64_1.0.100.202210260954/tools/bin/../lib/gcc/arm-none-eabi/10.3.1/../../../../arm-none-eabi/lib/thumb/v7e-m+fp/hard/libc_nano.a(lib_a-stdio.o)
                0x000000000800fb52                __sseek
 .text.__sclose
                0x000000000800fb76        0x8 /home/saloutos/.eclipse/com.st.stm32cube.ide.mcu.rcp.product_1.10.1_492108868_linux_gtk_x86_64/plugins/com.st.stm32cube.ide.mcu.externaltools.gnu-tools-for-stm32.10.3-2021.10.linux64_1.0.100.202210260954/tools/bin/../lib/gcc/arm-none-eabi/10.3.1/../../../../arm-none-eabi/lib/thumb/v7e-m+fp/hard/libc_nano.a(lib_a-stdio.o)
                0x000000000800fb76                __sclose
 .text.strncmp  0x000000000800fb7e       0x28 /home/saloutos/.eclipse/com.st.stm32cube.ide.mcu.rcp.product_1.10.1_492108868_linux_gtk_x86_64/plugins/com.st.stm32cube.ide.mcu.externaltools.gnu-tools-for-stm32.10.3-2021.10.linux64_1.0.100.202210260954/tools/bin/../lib/gcc/arm-none-eabi/10.3.1/../../../../arm-none-eabi/lib/thumb/v7e-m+fp/hard/libc_nano.a(lib_a-strncmp.o)
                0x000000000800fb7e                strncmp
 .text.__ascii_wctomb
                0x000000000800fba6       0x1a /home/saloutos/.eclipse/com.st.stm32cube.ide.mcu.rcp.product_1.10.1_492108868_linux_gtk_x86_64/plugins/com.st.stm32cube.ide.mcu.externaltools.gnu-tools-for-stm32.10.3-2021.10.linux64_1.0.100.202210260954/tools/bin/../lib/gcc/arm-none-eabi/10.3.1/../../../../arm-none-eabi/lib/thumb/v7e-m+fp/hard/libc_nano.a(lib_a-wctomb_r.o)
                0x000000000800fba6                __ascii_wctomb
 .text._write_r
                0x000000000800fbc0       0x24 /home/saloutos/.eclipse/com.st.stm32cube.ide.mcu.rcp.product_1.10.1_492108868_linux_gtk_x86_64/plugins/com.st.stm32cube.ide.mcu.externaltools.gnu-tools-for-stm32.10.3-2021.10.linux64_1.0.100.202210260954/tools/bin/../lib/gcc/arm-none-eabi/10.3.1/../../../../arm-none-eabi/lib/thumb/v7e-m+fp/hard/libc_nano.a(lib_a-writer.o)
                0x000000000800fbc0                _write_r
 .text.__assert_func
                0x000000000800fbe4       0x3c /home/saloutos/.eclipse/com.st.stm32cube.ide.mcu.rcp.product_1.10.1_492108868_linux_gtk_x86_64/plugins/com.st.stm32cube.ide.mcu.externaltools.gnu-tools-for-stm32.10.3-2021.10.linux64_1.0.100.202210260954/tools/bin/../lib/gcc/arm-none-eabi/10.3.1/../../../../arm-none-eabi/lib/thumb/v7e-m+fp/hard/libc_nano.a(lib_a-assert.o)
                0x000000000800fbe4                __assert_func
 .text._close_r
                0x000000000800fc20       0x20 /home/saloutos/.eclipse/com.st.stm32cube.ide.mcu.rcp.product_1.10.1_492108868_linux_gtk_x86_64/plugins/com.st.stm32cube.ide.mcu.externaltools.gnu-tools-for-stm32.10.3-2021.10.linux64_1.0.100.202210260954/tools/bin/../lib/gcc/arm-none-eabi/10.3.1/../../../../arm-none-eabi/lib/thumb/v7e-m+fp/hard/libc_nano.a(lib_a-closer.o)
                0x000000000800fc20                _close_r
 .text.fprintf  0x000000000800fc40       0x24 /home/saloutos/.eclipse/com.st.stm32cube.ide.mcu.rcp.product_1.10.1_492108868_linux_gtk_x86_64/plugins/com.st.stm32cube.ide.mcu.externaltools.gnu-tools-for-stm32.10.3-2021.10.linux64_1.0.100.202210260954/tools/bin/../lib/gcc/arm-none-eabi/10.3.1/../../../../arm-none-eabi/lib/thumb/v7e-m+fp/hard/libc_nano.a(lib_a-fprintf.o)
                0x000000000800fc40                fprintf
                0x000000000800fc40                fiprintf
 .text._fstat_r
                0x000000000800fc64       0x24 /home/saloutos/.eclipse/com.st.stm32cube.ide.mcu.rcp.product_1.10.1_492108868_linux_gtk_x86_64/plugins/com.st.stm32cube.ide.mcu.externaltools.gnu-tools-for-stm32.10.3-2021.10.linux64_1.0.100.202210260954/tools/bin/../lib/gcc/arm-none-eabi/10.3.1/../../../../arm-none-eabi/lib/thumb/v7e-m+fp/hard/libc_nano.a(lib_a-fstatr.o)
                0x000000000800fc64                _fstat_r
 .text._isatty_r
                0x000000000800fc88       0x20 /home/saloutos/.eclipse/com.st.stm32cube.ide.mcu.rcp.product_1.10.1_492108868_linux_gtk_x86_64/plugins/com.st.stm32cube.ide.mcu.externaltools.gnu-tools-for-stm32.10.3-2021.10.linux64_1.0.100.202210260954/tools/bin/../lib/gcc/arm-none-eabi/10.3.1/../../../../arm-none-eabi/lib/thumb/v7e-m+fp/hard/libc_nano.a(lib_a-isattyr.o)