Archive member included to satisfy reference by file (symbol)

/home/saloutos/.eclipse/com.st.stm32cube.ide.mcu.rcp.product_1.10.1_492108868_linux_gtk_x86_64/plugins/com.st.stm32cube.ide.mcu.externaltools.gnu-tools-for-stm32.10.3-2021.10.linux64_1.0.100.202210260954/tools/bin/../lib/gcc/arm-none-eabi/10.3.1/../../../../arm-none-eabi/lib/thumb/v7e-m+fp/hard/libc_nano.a(lib_a-atof.o)
                              ./Core/Src/fsm.o (atof)
/home/saloutos/.eclipse/com.st.stm32cube.ide.mcu.rcp.product_1.10.1_492108868_linux_gtk_x86_64/plugins/com.st.stm32cube.ide.mcu.externaltools.gnu-tools-for-stm32.10.3-2021.10.linux64_1.0.100.202210260954/tools/bin/../lib/gcc/arm-none-eabi/10.3.1/../../../../arm-none-eabi/lib/thumb/v7e-m+fp/hard/libc_nano.a(lib_a-atoi.o)
                              ./Core/Src/fsm.o (atoi)
/home/saloutos/.eclipse/com.st.stm32cube.ide.mcu.rcp.product_1.10.1_492108868_linux_gtk_x86_64/plugins/com.st.stm32cube.ide.mcu.externaltools.gnu-tools-for-stm32.10.3-2021.10.linux64_1.0.100.202210260954/tools/bin/../lib/gcc/arm-none-eabi/10.3.1/../../../../arm-none-eabi/lib/thumb/v7e-m+fp/hard/libc_nano.a(lib_a-errno.o)
                              ./Core/Src/syscalls.o (__errno)
/home/saloutos/.eclipse/com.st.stm32cube.ide.mcu.rcp.product_1.10.1_492108868_linux_gtk_x86_64/plugins/com.st.stm32cube.ide.mcu.externaltools.gnu-tools-for-stm32.10.3-2021.10.linux64_1.0.100.202210260954/tools/bin/../lib/gcc/arm-none-eabi/10.3.1/../../../../arm-none-eabi/lib/thumb/v7e-m+fp/hard/libc_nano.a(lib_a-exit.o)
                              /home/saloutos/.eclipse/com.st.stm32cube.ide.mcu.rcp.product_1.10.1_492108868_linux_gtk_x86_64/plugins/com.st.stm32cube.ide.mcu.externaltools.gnu-tools-for-stm32.10.3-2021.10.linux64_1.0.100.202210260954/tools/bin/../lib/gcc/arm-none-eabi/10.3.1/../../../../arm-none-eabi/lib/thumb/v7e-m+fp/hard/crt0.o (exit)
/home/saloutos/.eclipse/com.st.stm32cube.ide.mcu.rcp.product_1.10.1_492108868_linux_gtk_x86_64/plugins/com.st.stm32cube.ide.mcu.externaltools.gnu-tools-for-stm32.10.3-2021.10.linux64_1.0.100.202210260954/tools/bin/../lib/gcc/arm-none-eabi/10.3.1/../../../../arm-none-eabi/lib/thumb/v7e-m+fp/hard/libc_nano.a(lib_a-impure.o)
                              /home/saloutos/.eclipse/com.st.stm32cube.ide.mcu.rcp.product_1.10.1_492108868_linux_gtk_x86_64/plugins/com.st.stm32cube.ide.mcu.externaltools.gnu-tools-for-stm32.10.3-2021.10.linux64_1.0.100.202210260954/tools/bin/../lib/gcc/arm-none-eabi/10.3.1/../../../../arm-none-eabi/lib/thumb/v7e-m+fp/hard/libc_nano.a(lib_a-exit.o) (_global_impure_ptr)
/home/saloutos/.eclipse/com.st.stm32cube.ide.mcu.rcp.product_1.10.1_492108868_linux_gtk_x86_64/plugins/com.st.stm32cube.ide.mcu.externaltools.gnu-tools-for-stm32.10.3-2021.10.linux64_1.0.100.202210260954/tools/bin/../lib/gcc/arm-none-eabi/10.3.1/../../../../arm-none-eabi/lib/thumb/v7e-m+fp/hard/libc_nano.a(lib_a-init.o)
                              /home/saloutos/.eclipse/com.st.stm32cube.ide.mcu.rcp.product_1.10.1_492108868_linux_gtk_x86_64/plugins/com.st.stm32cube.ide.mcu.externaltools.gnu-tools-for-stm32.10.3-2021.10.linux64_1.0.100.202210260954/tools/bin/../lib/gcc/arm-none-eabi/10.3.1/../../../../arm-none-eabi/lib/thumb/v7e-m+fp/hard/crt0.o (__libc_init_array)
/home/saloutos/.eclipse/com.st.stm32cube.ide.mcu.rcp.product_1.10.1_492108868_linux_gtk_x86_64/plugins/com.st.stm32cube.ide.mcu.externaltools.gnu-tools-for-stm32.10.3-2021.10.linux64_1.0.100.202210260954/tools/bin/../lib/gcc/arm-none-eabi/10.3.1/../../../../arm-none-eabi/lib/thumb/v7e-m+fp/hard/libc_nano.a(lib_a-memcpy-stub.o)
                              ./Core/Src/fsm.o (memcpy)
/home/saloutos/.eclipse/com.st.stm32cube.ide.mcu.rcp.product_1.10.1_492108868_linux_gtk_x86_64/plugins/com.st.stm32cube.ide.mcu.externaltools.gnu-tools-for-stm32.10.3-2021.10.linux64_1.0.100.202210260954/tools/bin/../lib/gcc/arm-none-eabi/10.3.1/../../../../arm-none-eabi/lib/thumb/v7e-m+fp/hard/libc_nano.a(lib_a-memset.o)
                              /home/saloutos/.eclipse/com.st.stm32cube.ide.mcu.rcp.product_1.10.1_492108868_linux_gtk_x86_64/plugins/com.st.stm32cube.ide.mcu.externaltools.gnu-tools-for-stm32.10.3-2021.10.linux64_1.0.100.202210260954/tools/bin/../lib/gcc/arm-none-eabi/10.3.1/../../../../arm-none-eabi/lib/thumb/v7e-m+fp/hard/crt0.o (memset)
/home/saloutos/.eclipse/com.st.stm32cube.ide.mcu.rcp.product_1.10.1_492108868_linux_gtk_x86_64/plugins/com.st.stm32cube.ide.mcu.externaltools.gnu-tools-for-stm32.10.3-2021.10.linux64_1.0.100.202210260954/tools/bin/../lib/gcc/arm-none-eabi/10.3.1/../../../../arm-none-eabi/lib/thumb/v7e-m+fp/hard/libc_nano.a(lib_a-nano-vfprintf_float.o)
                              (_printf_float)
[...]
Memory Configuration

Name             Origin             Length             Attributes
RAM              0x0000000020000000 0x0000000000020000 xrw
FLASH            0x0000000008000000 0x0000000000080000 xr
*default*        0x0000000000000000 0xffffffffffffffff

Linker script and memory map

LOAD /home/saloutos/.eclipse/com.st.stm32cube.ide.mcu.rcp.product_1.10.1_492108868_linux_gtk_x86_64/plugins/com.st.stm32cube.ide.mcu.externaltools.gnu-tools-for-stm32.10.3-2021.10.linux64_1.0.100.202210260954/tools/bin/../lib/gcc/arm-none-eabi/10.3.1/thumb/v7e-m+fp/hard/crti.o
LOAD /home/saloutos/.eclipse/com.st.stm32cube.ide.mcu.rcp.product_1.10.1_492108868_linux_gtk_x86_64/plugins/com.st.stm32cube.ide.mcu.externaltools.gnu-tools-for-stm32.10.3-2021.10.linux64_1.0.100.202210260954/tools/bin/../lib/gcc/arm-none-eabi/10.3.1/thumb/v7e-m+fp/hard/crtbegin.o
LOAD /home/saloutos/.eclipse/com.st.stm32cube.ide.mcu.rcp.product_1.10.1_492108868_linux_gtk_x86_64/plugins/com.st.stm32cube.ide.mcu.externaltools.gnu-tools-for-stm32.10.3-2021.10.linux64_1.0.100.202210260954/tools/bin/../lib/gcc/arm-none-eabi/10.3.1/../../../../arm-none-eabi/lib/thumb/v7e-m+fp/hard/crt0.o
LOAD ./Core/Src/adc.o
LOAD ./Core/Src/calibration.o
LOAD ./Core/Src/can.o
LOAD ./Core/Src/drv8323.o
LOAD ./Core/Src/flash_writer.o
LOAD ./Core/Src/foc.o
LOAD ./Core/Src/fsm.o
LOAD ./Core/Src/gpio.o
LOAD ./Core/Src/main.o
LOAD ./Core/Src/math_ops.o
LOAD ./Core/Src/position_sensor.o
LOAD ./Core/Src/preference_writer.o
LOAD ./Core/Src/spi.o
LOAD ./Core/Src/stm32f4xx_flash.o
LOAD ./Core/Src/stm32f4xx_hal_msp.o
LOAD ./Core/Src/stm32f4xx_it.o
LOAD ./Core/Src/syscalls.o
LOAD ./Core/Src/sysmem.o
LOAD ./Core/Src/system_stm32f4xx.o
LOAD ./Core/Src/tim.o
LOAD ./Core/Src/usart.o
LOAD ./Core/Startup/startup_stm32f446retx.o
LOAD ./Drivers/STM32F4xx_HAL_Driver/Src/stm32f4xx_hal.o
LOAD ./Drivers/STM32F4xx_HAL_Driver/Src/stm32f4xx_hal_adc.o
LOAD ./Drivers/STM32F4xx_HAL_Driver/Src/stm32f4xx_hal_adc_ex.o
LOAD ./Drivers/STM32F4xx_HAL_Driver/Src/stm32f4xx_hal_can.o
LOAD ./Drivers/STM32F4xx_HAL_Driver/Src/stm32f4xx_hal_cortex.o
LOAD ./Drivers/STM32F4xx_HAL_Driver/Src/stm32f4xx_hal_dma.o
LOAD ./Drivers/STM32F4xx_HAL_Driver/Src/stm32f4xx_hal_dma_ex.o
LOAD ./Drivers/STM32F4xx_HAL_Driver/Src/stm32f4xx_hal_exti.o
LOAD ./Drivers/STM32F4xx_HAL_Driver/Src/stm32f4xx_hal_flash.o
LOAD ./Drivers/STM32F4xx_HAL_Driver/Src/stm32f4xx_hal_flash_ex.o
LOAD ./Drivers/STM32F4xx_HAL_Driver/Src/stm32f4xx_hal_flash_ramfunc.o
LOAD ./Drivers/STM32F4xx_HAL_Driver/Src/stm32f4xx_hal_gpio.o
LOAD ./Drivers/STM32F4xx_HAL_Driver/Src/stm32f4xx_hal_pwr.o
LOAD ./Drivers/STM32F4xx_HAL_Driver/Src/stm32f4xx_hal_pwr_ex.o
LOAD ./Drivers/STM32F4xx_HAL_Driver/Src/stm32f4xx_hal_rcc.o
LOAD ./Drivers/STM32F4xx_HAL_Driver/Src/stm32f4xx_hal_rcc_ex.o
LOAD ./Drivers/STM32F4xx_HAL_Driver/Src/stm32f4xx_hal_spi.o
LOAD ./Drivers/STM32F4xx_HAL_Driver/Src/stm32f4xx_hal_tim.o
LOAD ./Drivers/STM32F4xx_HAL_Driver/Src/stm32f4xx_hal_tim_ex.o
LOAD ./Drivers/STM32F4xx_HAL_Driver/Src/stm32f4xx_hal_uart.o
LOAD ./Drivers/STM32F4xx_HAL_Driver/Src/stm32f4xx_ll_adc.o
START GROUP
LOAD /home/saloutos/.eclipse/com.st.stm32cube.ide.mcu.rcp.product_1.10.1_492108868_linux_gtk_x86_64/plugins/com.st.stm32cube.ide.mcu.externaltools.gnu-tools-for-stm32.10.3-2021.10.linux64_1.0.100.202210260954/tools/bin/../lib/gcc/arm-none-eabi/10.3.1/../../../../arm-none-eabi/lib/thumb/v7e-m+fp/hard/libc_nano.a
LOAD /home/saloutos/.eclipse/com.st.stm32cube.ide.mcu.rcp.product_1.10.1_492108868_linux_gtk_x86_64/plugins/com.st.stm32cube.ide.mcu.externaltools.gnu-tools-for-stm32.10.3-2021.10.linux64_1.0.100.202210260954/tools/bin/../lib/gcc/arm-none-eabi/10.3.1/../../../../arm-none-eabi/lib/thumb/v7e-m+fp/hard/libm.a
END GROUP
START GROUP
LOAD /home/saloutos/.eclipse/com.st.stm32cube.ide.mcu.rcp.product_1.10.1_492108868_linux_gtk_x86_64/plugins/com.st.stm32cube.ide.mcu.externaltools.gnu-tools-for-stm32.10.3-2021.10.linux64_1.0.100.202210260954/tools/bin/../lib/gcc/arm-none-eabi/10.3.1/thumb/v7e-m+fp/hard/libgcc.a
LOAD /home/saloutos/.eclipse/com.st.stm32cube.ide.mcu.rcp.product_1.10.1_492108868_linux_gtk_x86_64/plugins/com.st.stm32cube.ide.mcu.externaltools.gnu-tools-for-stm32.10.3-2021.10.linux64_1.0.100.202210260954/tools/bin/../lib/gcc/arm-none-eabi/10.3.1/../../../../arm-none-eabi/lib/thumb/v7e-m+fp/hard/libc_nano.a
END GROUP
START GROUP
LOAD /home/saloutos/.eclipse/com.st.stm32cube.ide.mcu.rcp.product_1.10.1_492108868_linux_gtk_x86_64/plugins/com.st.stm32cube.ide.mcu.externaltools.gnu-tools-for-stm32.10.3-2021.10.linux64_1.0.100.202210260954/tools/bin/../lib/gcc/arm-none-eabi/10.3.1/thumb/v7e-m+fp/hard/libgcc.a
LOAD /home/saloutos/.eclipse/com.st.stm32cube.ide.mcu.rcp.product_1.10.1_492108868_linux_gtk_x86_64/plugins/com.st.stm32cube.ide.mcu.externaltools.gnu-tools-for-stm32.10.3-2021.10.linux64_1.0.100.202210260954/tools/bin/../lib/gcc/arm-none-eabi/10.3.1/../../../../arm-none-eabi/lib/thumb/v7e-m+fp/hard/libc_nano.a
LOAD /home/saloutos/.eclipse/com.st.stm32cube.ide.mcu.rcp.product_1.10.1_492108868_linux_gtk_x86_64/plugins/com.st.stm32cube.ide.mcu.externaltools.gnu-tools-for-stm32.10.3-2021.10.linux64_1.0.100.202210260954/tools/bin/../lib/gcc/arm-none-eabi/10.3.1/../../../../arm-none-eabi/lib/thumb/v7e-m+fp/hard/libnosys.a
END GROUP
START GROUP
LOAD /home/saloutos/.eclipse/com.st.stm32cube.ide.mcu.rcp.product_1.10.1_492108868_linux_gtk_x86_64/plugins/com.st.stm32cube.ide.mcu.externaltools.gnu-tools-for-stm32.10.3-2021.10.linux64_1.0.100.202210260954/tools/bin/../lib/gcc/arm-none-eabi/10.3.1/thumb/v7e-m+fp/hard/libgcc.a
LOAD /home/saloutos/.eclipse/com.st.stm32cube.ide.mcu.rcp.product_1.10.1_492108868_linux_gtk_x86_64/plugins/com.st.stm32cube.ide.mcu.externaltools.gnu-tools-for-stm32.10.3-2021.10.linux64_1.0.100.202210260954/tools/bin/../lib/gcc/arm-none-eabi/10.3.1/../../../../arm-none-eabi/lib/thumb/v7e-m+fp/hard/libc_nano.a
LOAD /home/saloutos/.eclipse/com.st.stm32cube.ide.mcu.rcp.product_1.10.1_492108868_linux_gtk_x86_64/plugins/com.st.stm32cube.ide.mcu.externaltools.gnu-tools-for-stm32.10.3-2021.10.linux64_1.0.100.202210260954/tools/bin/../lib/gcc/arm-none-eabi/10.3.1/../../../../arm-none-eabi/lib/thumb/v7e-m+fp/hard/libnosys.a
END GROUP
LOAD /home/saloutos/.eclipse/com.st.stm32cube.ide.mcu.rcp.product_1.10.1_492108868_linux_gtk_x86_64/plugins/com.st.stm32cube.ide.mcu.externaltools.gnu-tools-for-stm32.10.3-2021.10.linux64_1.0.100.202210260954/tools/bin/../lib/gcc/arm-none-eabi/10.3.1/thumb/v7e-m+fp/hard/crtend.o
LOAD /home/saloutos/.eclipse/com.st.stm32cube.ide.mcu.rcp.product_1.10.1_492108868_linux_gtk_x86_64/plugins/com.st.stm32cube.ide.mcu.externaltools.gnu-tools-for-stm32.10.3-2021.10.linux64_1.0.100.202210260954/tools/bin/../lib/gcc/arm-none-eabi/10.3.1/thumb/v7e-m+fp/hard/crtn.o
                0x0000000020020000                _estack = (ORIGIN (RAM) + LENGTH (RAM))
                0x0000000000000200                _Min_Heap_Size = 0x200
                0x0000000000000400                _Min_Stack_Size = 0x400

.isr_vector     0x0000000008000000      0x1c4
                0x0000000008000000                . = ALIGN (0x4)
 *(.isr_vector)
 .isr_vector    0x0000000008000000      0x1c4 ./Core/Startup/startup_stm32f446retx.o
                0x0000000008000000                g_pfnVectors
                0x00000000080001c4                . = ALIGN (0x4)

.text           0x00000000080001d0    0x1031c
                0x00000000080001d0                . = ALIGN (0x4)
 *(.text)
 .text          0x00000000080001d0       0x40 /home/saloutos/.eclipse/com.st.stm32cube.ide.mcu.rcp.product_1.10.1_492108868_linux_gtk_x86_64/plugins/com.st.stm32cube.ide.mcu.externaltools.gnu-tools-for-stm32.10.3-2021.10.linux64_1.0.100.202210260954/tools/bin/../lib/gcc/arm-none-eabi/10.3.1/thumb/v7e-m+fp/hard/crtbegin.o
 .text          0x0000000008000210       0x10 /home/saloutos/.eclipse/com.st.stm32cube.ide.mcu.rcp.product_1.10.1_492108868_linux_gtk_x86_64/plugins/com.st.stm32cube.ide.mcu.externaltools.gnu-tools-for-stm32.10.3-2021.10.linux64_1.0.100.202210260954/tools/bin/../lib/gcc/arm-none-eabi/10.3.1/../../../../arm-none-eabi/lib/thumb/v7e-m+fp/hard/libc_nano.a(lib_a-strlen.o)
                0x0000000008000210                strlen
 .text          0x0000000008000220       0xa0 /home/saloutos/.eclipse/com.st.stm32cube.ide.mcu.rcp.product_1.10.1_492108868_linux_gtk_x86_64/plugins/com.st.stm32cube.ide.mcu.externaltools.gnu-tools-for-stm32.10.3-2021.10.linux64_1.0.100.202210260954/tools/bin/../lib/gcc/arm-none-eabi/10.3.1/../../../../arm-none-eabi/lib/thumb/v7e-m+fp/hard/libc_nano.a(lib_a-memchr.o)
                0x0000000008000220                memchr
 .text          0x00000000080002c0      0x378 /home/saloutos/.eclipse/com.st.stm32cube.ide.mcu.rcp.product_1.10.1_492108868_linux_gtk_x86_64/plugins/com.st.stm32cube.ide.mcu.externaltools.gnu-tools-for-stm32.10.3-2021.10.linux64_1.0.100.202210260954/tools/bin/../lib/gcc/arm-none-eabi/10.3.1/thumb/v7e-m+fp/hard/libgcc.a(_arm_addsubdf3.o)
                0x00000000080002c0                __aeabi_drsub
                0x00000000080002c8                __aeabi_dsub
                0x00000000080002c8                __subdf3
                0x00000000080002cc                __adddf3
                0x00000000080002cc                __aeabi_dadd
                0x0000000008000544                __aeabi_ui2d
                0x0000000008000544                __floatunsidf
                0x0000000008000564                __floatsidf
                0x0000000008000564                __aeabi_i2d
                0x0000000008000588                __extendsfdf2
                0x0000000008000588                __aeabi_f2d
                0x00000000080005cc                __aeabi_ul2d
                0x00000000080005cc                __floatundidf
                0x00000000080005dc                __floatdidf
                0x00000000080005dc                __aeabi_l2d
 .text          0x0000000008000638      0x424 /home/saloutos/.eclipse/com.st.stm32cube.ide.mcu.rcp.product_1.10.1_492108868_linux_gtk_x86_64/plugins/com.st.stm32cube.ide.mcu.externaltools.gnu-tools-for-stm32.10.3-2021.10.linux64_1.0.100.202210260954/tools/bin/../lib/gcc/arm-none-eabi/10.3.1/thumb/v7e-m+fp/hard/libgcc.a(_arm_muldivdf3.o)
                0x0000000008000638                __aeabi_dmul
                0x0000000008000638                __muldf3
                0x000000000800088c                __aeabi_ddiv
                0x000000000800088c                __divdf3
 .text          0x0000000008000a5c      0x110 /home/saloutos/.eclipse/com.st.stm32cube.ide.mcu.rcp.product_1.10.1_492108868_linux_gtk_x86_64/plugins/com.st.stm32cube.ide.mcu.externaltools.gnu-tools-for-stm32.10.3-2021.10.linux64_1.0.100.202210260954/tools/bin/../lib/gcc/arm-none-eabi/10.3.1/thumb/v7e-m+fp/hard/libgcc.a(_arm_cmpdf2.o)
                0x0000000008000a5c                __gtdf2
                0x0000000008000a5c                __gedf2
                0x0000000008000a64                __ltdf2
                0x0000000008000a64                __ledf2
                0x0000000008000a6c                __cmpdf2
                0x0000000008000a6c                __eqdf2
                0x0000000008000a6c                __nedf2
                0x0000000008000ae8                __aeabi_cdrcmple
                0x0000000008000af8                __aeabi_cdcmple
                0x0000000008000af8                __aeabi_cdcmpeq
                0x0000000008000b08                __aeabi_dcmpeq
                0x0000000008000b1c                __aeabi_dcmplt
                0x0000000008000b30                __aeabi_dcmple
                0x0000000008000b44                __aeabi_dcmpge
                0x0000000008000b58                __aeabi_dcmpgt
 .text          0x0000000008000b6c       0x2c /home/saloutos/.eclipse/com.st.stm32cube.ide.mcu.rcp.product_1.10.1_492108868_linux_gtk_x86_64/plugins/com.st.stm32cube.ide.mcu.externaltools.gnu-tools-for-stm32.10.3-2021.10.linux64_1.0.100.202210260954/tools/bin/../lib/gcc/arm-none-eabi/10.3.1/thumb/v7e-m+fp/hard/libgcc.a(_arm_unorddf2.o)
                0x0000000008000b6c                __aeabi_dcmpun
                0x0000000008000b6c                __unorddf2
 .text          0x0000000008000b98       0x50 /home/saloutos/.eclipse/com.st.stm32cube.ide.mcu.rcp.product_1.10.1_492108868_linux_gtk_x86_64/plugins/com.st.stm32cube.ide.mcu.externaltools.gnu-tools-for-stm32.10.3-2021.10.linux64_1.0.100.202210260954/tools/bin/../lib/gcc/arm-none-eabi/10.3.1/thumb/v7e-m+fp/hard/libgcc.a(_arm_fixdfsi.o)
                0x0000000008000b98                __fixdfsi
                0x0000000008000b98                __aeabi_d2iz
 .text          0x0000000008000be8       0x40 /home/saloutos/.eclipse/com.st.stm32cube.ide.mcu.rcp.product_1.10.1_492108868_linux_gtk_x86_64/plugins/com.st.stm32cube.ide.mcu.externaltools.gnu-tools-for-stm32.10.3-2021.10.linux64_1.0.100.202210260954/tools/bin/../lib/gcc/arm-none-eabi/10.3.1/thumb/v7e-m+fp/hard/libgcc.a(_arm_fixunsdfsi.o)
                0x0000000008000be8                __fixunsdfsi
                0x0000000008000be8                __aeabi_d2uiz
 .text          0x0000000008000c28       0xa0 /home/saloutos/.eclipse/com.st.stm32cube.ide.mcu.rcp.product_1.10.1_492108868_linux_gtk_x86_64/plugins/com.st.stm32cube.ide.mcu.externaltools.gnu-tools-for-stm32.10.3-2021.10.linux64_1.0.100.202210260954/tools/bin/../lib/gcc/arm-none-eabi/10.3.1/thumb/v7e-m+fp/hard/libgcc.a(_arm_truncdfsf2.o)
                0x0000000008000c28                __aeabi_d2f
                0x0000000008000c28                __truncdfsf2
 .text          0x0000000008000cc8       0x30 /home/saloutos/.eclipse/com.st.stm32cube.ide.mcu.rcp.product_1.10.1_492108868_linux_gtk_x86_64/plugins/com.st.stm32cube.ide.mcu.externaltools.gnu-tools-for-stm32.10.3-2021.10.linux64_1.0.100.202210260954/tools/bin/../lib/gcc/arm-none-eabi/10.3.1/thumb/v7e-m+fp/hard/libgcc.a(_aeabi_uldivmod.o)
                0x0000000008000cc8                __aeabi_uldivmod
 .text          0x0000000008000cf8       0x30 /home/saloutos/.eclipse/com.st.stm32cube.ide.mcu.rcp.product_1.10.1_492108868_linux_gtk_x86_64/plugins/com.st.stm32cube.ide.mcu.externaltools.gnu-tools-for-stm32.10.3-2021.10.linux64_1.0.100.202210260954/tools/bin/../lib/gcc/arm-none-eabi/10.3.1/thumb/v7e-m+fp/hard/libgcc.a(_fixdfdi.o)
                0x0000000008000cf8                __aeabi_d2lz
                0x0000000008000cf8                __fixdfdi
 .text          0x0000000008000d28       0x3c /home/saloutos/.eclipse/com.st.stm32cube.ide.mcu.rcp.product_1.10.1_492108868_linux_gtk_x86_64/plugins/com.st.stm32cube.ide.mcu.externaltools.gnu-tools-for-stm32.10.3-2021.10.linux64_1.0.100.202210260954/tools/bin/../lib/gcc/arm-none-eabi/10.3.1/thumb/v7e-m+fp/hard/libgcc.a(_fixunsdfdi.o)
                0x0000000008000d28                __aeabi_d2ulz
                0x0000000008000d28                __fixunsdfdi
 .text          0x0000000008000d64      0x2d0 /home/saloutos/.eclipse/com.st.stm32cube.ide.mcu.rcp.product_1.10.1_492108868_linux_gtk_x86_64/plugins/com.st.stm32cube.ide.mcu.externaltools.gnu-tools-for-stm32.10.3-2021.10.linux64_1.0.100.202210260954/tools/bin/../lib/gcc/arm-none-eabi/10.3.1/thumb/v7e-m+fp/hard/libgcc.a(_udivmoddi4.o)
                0x0000000008000d64                __udivmoddi4
 .text          0x0000000008001034        0x4 /home/saloutos/.eclipse/com.st.stm32cube.ide.mcu.rcp.product_1.10.1_492108868_linux_gtk_x86_64/plugins/com.st.stm32cube.ide.mcu.externaltools.gnu-tools-for-stm32.10.3-2021.10.linux64_1.0.100.202210260954/tools/bin/../lib/gcc/arm-none-eabi/10.3.1/thumb/v7e-m+fp/hard/libgcc.a(_dvmd_tls.o)
                0x0000000008001034                __aeabi_ldiv0
                0x0000000008001034                __aeabi_idiv0
 *(.text*)
 .text.MX_ADC1_Init
                0x0000000008001038       0xd4 ./Core/Src/adc.o
                0x0000000008001038                MX_ADC1_Init
 .text.MX_ADC2_Init
                0x000000000800110c       0x94 ./Core/Src/adc.o
                0x000000000800110c                MX_ADC2_Init
 .text.MX_ADC3_Init
                0x00000000080011a0       0x94 ./Core/Src/adc.o
                0x00000000080011a0                MX_ADC3_Init
 .text.HAL_ADC_MspInit
                0x0000000008001234      0x14c ./Core/Src/adc.o
                0x0000000008001234                HAL_ADC_MspInit
 .text.order_phases
                0x0000000008001380      0x210 ./Core/Src/calibration.o
                0x0000000008001380                order_phases
 .text.calibrate_encoder
                0x0000000008001590      0x5b4 ./Core/Src/calibration.o
                0x0000000008001590                calibrate_encoder
 .text.check_encoder_init
                0x0000000008001b44      0x288 ./Core/Src/calibration.o
                0x0000000008001b44                check_encoder_init
 .text.MX_CAN1_Init
                0x0000000008001dcc       0x70 ./Core/Src/can.o
                0x0000000008001dcc                MX_CAN1_Init
 .text.HAL_CAN_MspInit
                0x0000000008001e3c       0x90 ./Core/Src/can.o
                0x0000000008001e3c                HAL_CAN_MspInit
 .text.can_rx_init
                0x0000000008001ecc       0x5c ./Core/Src/can.o
                0x0000000008001ecc                can_rx_init
 .text.can_tx_init
                0x0000000008001f28       0x34 ./Core/Src/can.o
                0x0000000008001f28                can_tx_init
 .text.pack_reply
                0x0000000008001f5c       0xf0 ./Core/Src/can.o
                0x0000000008001f5c                pack_reply
 .text.unpack_cmd
                0x000000000800204c      0x168 ./Core/Src/can.o
                0x000000000800204c                unpack_cmd
 .text.drv_spi_write
                0x00000000080021b4       0x5c ./Core/Src/drv8323.o
                0x00000000080021b4                drv_spi_write
 .text.drv_read_FSR1
                0x0000000008002210       0x22 ./Core/Src/drv8323.o
                0x0000000008002210                drv_read_FSR1
 .text.drv_read_FSR2
                0x0000000008002232       0x22 ./Core/Src/drv8323.o
                0x0000000008002232                drv_read_FSR2
 .text.drv_read_register
                0x0000000008002254       0x38 ./Core/Src/drv8323.o
                0x0000000008002254                drv_read_register
 .text.drv_write_register
                0x000000000800228c       0x36 ./Core/Src/drv8323.o
                0x000000000800228c                drv_write_register
 .text.drv_write_DCR
                0x00000000080022c2       0x84 ./Core/Src/drv8323.o
                0x00000000080022c2                drv_write_DCR
 .text.drv_write_OCPCR
                0x0000000008002346       0x5c ./Core/Src/drv8323.o
                0x0000000008002346                drv_write_OCPCR
 .text.drv_write_CSACR
                0x00000000080023a2       0x84 ./Core/Src/drv8323.o
                0x00000000080023a2                drv_write_CSACR
 .text.drv_enable_gd
                0x0000000008002426       0x34 ./Core/Src/drv8323.o
                0x0000000008002426                drv_enable_gd
 .text.drv_disable_gd
                0x000000000800245a       0x34 ./Core/Src/drv8323.o
                0x000000000800245a                drv_disable_gd
 *fill*         0x000000000800248e        0x2 
 .text.drv_check_faults
                0x0000000008002490      0x200 ./Core/Src/drv8323.o
                0x0000000008002490                drv_check_faults
 .text.flash_writer_init
                0x0000000008002690       0x3c ./Core/Src/flash_writer.o
                0x0000000008002690                flash_writer_init
 .text.flash_writer_open
                0x00000000080026cc       0x38 ./Core/Src/flash_writer.o
                0x00000000080026cc                flash_writer_open
 .text.flash_writer_write_int
                0x0000000008002704       0x2c ./Core/Src/flash_writer.o
                0x0000000008002704                flash_writer_write_int
 .text.flash_writer_write_float
                0x0000000008002730       0x32 ./Core/Src/flash_writer.o
                0x0000000008002730                flash_writer_write_float
 .text.flash_writer_close
                0x0000000008002762       0x1a ./Core/Src/flash_writer.o
                0x0000000008002762                flash_writer_close
 .text.flash_read_int
                0x000000000800277c       0x2c ./Core/Src/flash_writer.o
                0x000000000800277c                flash_read_int
 .text.flash_read_float
                0x00000000080027a8       0x34 ./Core/Src/flash_writer.o
                0x00000000080027a8                flash_read_float
 .text.set_dtc  0x00000000080027dc      0x148 ./Core/Src/foc.o
                0x00000000080027dc                set_dtc
 .text.analog_sample
                0x0000000008002924      0x100 ./Core/Src/foc.o
                0x0000000008002924                analog_sample
 .text.abc      0x0000000008002a24      0x108 ./Core/Src/foc.o
                0x0000000008002a24                abc
 .text.dq0      0x0000000008002b2c      0x120 ./Core/Src/foc.o
                0x0000000008002b2c                dq0
 .text.svm      0x0000000008002c4c      0x170 ./Core/Src/foc.o
                0x0000000008002c4c                svm
 .text.zero_current
                0x0000000008002dbc       0x86 ./Core/Src/foc.o
                0x0000000008002dbc                zero_current
 *fill*         0x0000000008002e42        0x2 
 .text.init_controller_params
                0x0000000008002e44      0x170 ./Core/Src/foc.o
                0x0000000008002e44                init_controller_params
 .text.reset_foc
                0x0000000008002fb4       0xe8 ./Core/Src/foc.o
                0x0000000008002fb4                reset_foc
 .text.commutate
                0x000000000800309c      0x428 ./Core/Src/foc.o
                0x000000000800309c                commutate
 .text.torque_control
                0x00000000080034c4       0xb4 ./Core/Src/foc.o
                0x00000000080034c4                torque_control
 .text.zero_commands
                0x0000000008003578       0x50 ./Core/Src/foc.o
                0x0000000008003578                zero_commands
 .text.run_fsm  0x00000000080035c8      0x264 ./Core/Src/fsm.o
                0x00000000080035c8                run_fsm
 .text.fsm_enter_state
                0x000000000800382c      0x104 ./Core/Src/fsm.o
                0x000000000800382c                fsm_enter_state
 .text.fsm_exit_state
                0x0000000008003930       0xe0 ./Core/Src/fsm.o
                0x0000000008003930                fsm_exit_state
 .text.update_fsm
                0x0000000008003a10      0x1d8 ./Core/Src/fsm.o
                0x0000000008003a10                update_fsm
 .text.enter_menu_state
                0x0000000008003be8       0x64 ./Core/Src/fsm.o
                0x0000000008003be8                enter_menu_state
 *fill*         0x0000000008003c4c        0x4 
 .text.enter_setup_state
                0x0000000008003c50      0x56c ./Core/Src/fsm.o
                0x0000000008003c50                enter_setup_state
 .text.process_user_input
                0x00000000080041bc      0x76c ./Core/Src/fsm.o
                0x00000000080041bc                process_user_input
 .text.reset_flash_values
                0x0000000008004928      0x15c ./Core/Src/fsm.o
                0x0000000008004928                reset_flash_values
 .text.MX_GPIO_Init
                0x0000000008004a84      0x108 ./Core/Src/gpio.o
                0x0000000008004a84                MX_GPIO_Init
 *fill*         0x0000000008004b8c        0x4 
 .text.main     0x0000000008004b90      0x800 ./Core/Src/main.o
                0x0000000008004b90                main
 .text.SystemClock_Config
                0x0000000008005390       0xe4 ./Core/Src/main.o
                0x0000000008005390                SystemClock_Config
 .text.Error_Handler
                0x0000000008005474        0xe ./Core/Src/main.o
                0x0000000008005474                Error_Handler
 .text.fast_fmaxf
                0x0000000008005482       0x38 ./Core/Src/math_ops.o
                0x0000000008005482                fast_fmaxf
 .text.fast_fminf
                0x00000000080054ba       0x38 ./Core/Src/math_ops.o
                0x00000000080054ba                fast_fminf
 .text.fmaxf3   0x00000000080054f2       0x68 ./Core/Src/math_ops.o
                0x00000000080054f2                fmaxf3
 .text.fminf3   0x000000000800555a       0x68 ./Core/Src/math_ops.o
                0x000000000800555a                fminf3
 .text.limit_norm
                0x00000000080055c2       0x92 ./Core/Src/math_ops.o
                0x00000000080055c2                limit_norm
 .text.float_to_uint
                0x0000000008005654       0x66 ./Core/Src/math_ops.o
                0x0000000008005654                float_to_uint
 .text.uint_to_float
                0x00000000080056ba       0x64 ./Core/Src/math_ops.o
                0x00000000080056ba                uint_to_float
 *fill*         0x000000000800571e        0x2 
 .text.sin_lut  0x0000000008005720       0x74 ./Core/Src/math_ops.o
                0x0000000008005720                sin_lut
 .text.cos_lut  0x0000000008005794       0x30 ./Core/Src/math_ops.o
                0x0000000008005794                cos_lut
 .text.ps_warmup
                0x00000000080057c4       0x8c ./Core/Src/position_sensor.o
                0x00000000080057c4                ps_warmup
 .text.ps_sample
                0x0000000008005850      0x460 ./Core/Src/position_sensor.o
                0x0000000008005850                ps_sample
 .text.ps_print
                0x0000000008005cb0       0xac ./Core/Src/position_sensor.o
                0x0000000008005cb0                ps_print
 .text.ps_filter_init
                0x0000000008005d5c       0x26 ./Core/Src/position_sensor.o
                0x0000000008005d5c                ps_filter_init
 .text.preference_writer_init
                0x0000000008005d82       0x22 ./Core/Src/preference_writer.o
                0x0000000008005d82                preference_writer_init
 .text.preference_writer_open
                0x0000000008005da4       0x1e ./Core/Src/preference_writer.o
                0x0000000008005da4                preference_writer_open
 .text.preference_writer_ready
                0x0000000008005dc2       0x1a ./Core/Src/preference_writer.o
                0x0000000008005dc2                preference_writer_ready
 .text.preference_writer_flush
                0x0000000008005ddc       0x78 ./Core/Src/preference_writer.o
                0x0000000008005ddc                preference_writer_flush
 .text.preference_writer_load
                0x0000000008005e54       0x84 ./Core/Src/preference_writer.o
                0x0000000008005e54                preference_writer_load
 .text.preference_writer_close
                0x0000000008005ed8       0x1e ./Core/Src/preference_writer.o
                0x0000000008005ed8                preference_writer_close
 *fill*         0x0000000008005ef6        0x2 
 .text.MX_SPI1_Init
                0x0000000008005ef8       0x70 ./Core/Src/spi.o
                0x0000000008005ef8                MX_SPI1_Init
 .text.MX_SPI3_Init
                0x0000000008005f68       0x6c ./Core/Src/spi.o
                0x0000000008005f68                MX_SPI3_Init
 .text.HAL_SPI_MspInit
                0x0000000008005fd4       0xfc ./Core/Src/spi.o
                0x0000000008005fd4                HAL_SPI_MspInit
 .text.FLASH_Unlock
                0x00000000080060d0       0x30 ./Core/Src/stm32f4xx_flash.o
                0x00000000080060d0                FLASH_Unlock
 .text.FLASH_Lock
                0x0000000008006100       0x20 ./Core/Src/stm32f4xx_flash.o
                0x0000000008006100                FLASH_Lock
 .text.FLASH_EraseSector
                0x0000000008006120       0xc0 ./Core/Src/stm32f4xx_flash.o
                0x0000000008006120                FLASH_EraseSector
 .text.FLASH_ProgramWord
                0x00000000080061e0       0x68 ./Core/Src/stm32f4xx_flash.o
                0x00000000080061e0                FLASH_ProgramWord
 .text.FLASH_ClearFlag
                0x0000000008006248       0x20 ./Core/Src/stm32f4xx_flash.o
                0x0000000008006248                FLASH_ClearFlag
 .text.FLASH_GetStatus
                0x0000000008006268       0x7c ./Core/Src/stm32f4xx_flash.o
                0x0000000008006268                FLASH_GetStatus
 .text.FLASH_WaitForLastOperation2
                0x00000000080062e4       0x30 ./Core/Src/stm32f4xx_flash.o
                0x00000000080062e4                FLASH_WaitForLastOperation2
 .text.HAL_MspInit
                0x0000000008006314       0x50 ./Core/Src/stm32f4xx_hal_msp.o
                0x0000000008006314                HAL_MspInit
 .text.NMI_Handler
                0x0000000008006364        0xe ./Core/Src/stm32f4xx_it.o
                0x0000000008006364                NMI_Handler
 .text.HardFault_Handler
                0x0000000008006372        0x6 ./Core/Src/stm32f4xx_it.o
                0x0000000008006372                HardFault_Handler
 .text.MemManage_Handler
                0x0000000008006378        0x6 ./Core/Src/stm32f4xx_it.o
                0x0000000008006378                MemManage_Handler
 .text.BusFault_Handler
                0x000000000800637e        0x6 ./Core/Src/stm32f4xx_it.o
                0x000000000800637e                BusFault_Handler
 .text.UsageFault_Handler
                0x0000000008006384        0x6 ./Core/Src/stm32f4xx_it.o
                0x0000000008006384                UsageFault_Handler
 .text.SVC_Handler
                0x000000000800638a        0xe ./Core/Src/stm32f4xx_it.o
                0x000000000800638a                SVC_Handler
 .text.DebugMon_Handler
                0x0000000008006398        0xe ./Core/Src/stm32f4xx_it.o
                0x0000000008006398                DebugMon_Handler
 .text.PendSV_Handler
                0x00000000080063a6        0xe ./Core/Src/stm32f4xx_it.o
                0x00000000080063a6                PendSV_Handler
 .text.SysTick_Handler
                0x00000000080063b4        0xc ./Core/Src/stm32f4xx_it.o
                0x00000000080063b4                SysTick_Handler
 .text.TIM1_UP_TIM10_IRQHandler
                0x00000000080063c0       0x68 ./Core/Src/stm32f4xx_it.o
                0x00000000080063c0                TIM1_UP_TIM10_IRQHandler
 .text.USART2_IRQHandler
                0x0000000008006428       0x38 ./Core/Src/stm32f4xx_it.o
                0x0000000008006428                USART2_IRQHandler
 .text.can_tx_rx
                0x0000000008006460      0x24c ./Core/Src/stm32f4xx_it.o
                0x0000000008006460                can_tx_rx
 .text._getpid  0x00000000080066ac       0x10 ./Core/Src/syscalls.o
                0x00000000080066ac                _getpid
 .text._kill    0x00000000080066bc       0x20 ./Core/Src/syscalls.o
                0x00000000080066bc                _kill
 .text._exit    0x00000000080066dc       0x14 ./Core/Src/syscalls.o
                0x00000000080066dc                _exit
 .text._read    0x00000000080066f0       0x3a ./Core/Src/syscalls.o
                0x00000000080066f0                _read
 .text._write   0x000000000800672a       0x38 ./Core/Src/syscalls.o
                0x000000000800672a                _write
 .text._close   0x0000000008006762       0x18 ./Core/Src/syscalls.o
                0x0000000008006762                _close
 .text._fstat   0x000000000800677a       0x20 ./Core/Src/syscalls.o
                0x000000000800677a                _fstat
 .text._isatty  0x000000000800679a       0x16 ./Core/Src/syscalls.o
                0x000000000800679a                _isatty
 .text._lseek   0x00000000080067b0       0x1a ./Core/Src/syscalls.o
                0x00000000080067b0                _lseek
 *fill*         0x00000000080067ca        0x2 
 .text._sbrk    0x00000000080067cc       0x58 ./Core/Src/sysmem.o
                0x00000000080067cc                _sbrk
 .text.SystemInit
                0x0000000008006824       0x2c ./Core/Src/system_stm32f4xx.o
                0x0000000008006824                SystemInit
 .text.MX_TIM1_Init
                0x0000000008006850      0x170 ./Core/Src/tim.o
                0x0000000008006850                MX_TIM1_Init
 .text.MX_TIM2_Init
                0x00000000080069c0       0x98 ./Core/Src/tim.o
                0x00000000080069c0                MX_TIM2_Init
 .text.MX_TIM3_Init
                0x0000000008006a58       0x9c ./Core/Src/tim.o
                0x0000000008006a58                MX_TIM3_Init
 .text.HAL_TIM_Base_MspInit
                0x0000000008006af4       0xa4 ./Core/Src/tim.o
                0x0000000008006af4                HAL_TIM_Base_MspInit
 .text.HAL_TIM_MspPostInit
                0x0000000008006b98       0x74 ./Core/Src/tim.o
                0x0000000008006b98                HAL_TIM_MspPostInit
 .text.delay_us
                0x0000000008006c0c       0x34 ./Core/Src/tim.o
                0x0000000008006c0c                delay_us
 .text.MX_USART2_UART_Init
                0x0000000008006c40       0x54 ./Core/Src/usart.o
                0x0000000008006c40                MX_USART2_UART_Init
 .text.HAL_UART_MspInit
                0x0000000008006c94       0xa0 ./Core/Src/usart.o
                0x0000000008006c94                HAL_UART_MspInit
 .text.__io_putchar
                0x0000000008006d34       0x24 ./Core/Src/usart.o
                0x0000000008006d34                __io_putchar
 .text.HAL_UART_RxCpltCallback
                0x0000000008006d58       0x24 ./Core/Src/usart.o
                0x0000000008006d58                HAL_UART_RxCpltCallback
 .text.Reset_Handler
                0x0000000008006d7c       0x50 ./Core/Startup/startup_stm32f446retx.o
                0x0000000008006d7c                Reset_Handler
 .text.Default_Handler
                0x0000000008006dcc        0x2 ./Core/Startup/startup_stm32f446retx.o
                0x0000000008006dcc                RTC_Alarm_IRQHandler
                0x0000000008006dcc                EXTI2_IRQHandler
                0x0000000008006dcc                TIM8_CC_IRQHandler
                0x0000000008006dcc                FMPI2C1_EV_IRQHandler
                0x0000000008006dcc                SPI4_IRQHandler
                0x0000000008006dcc                TIM1_CC_IRQHandler
                0x0000000008006dcc                DMA2_Stream5_IRQHandler
                0x0000000008006dcc                DMA1_Stream5_IRQHandler
                0x0000000008006dcc                PVD_IRQHandler
                0x0000000008006dcc                SDIO_IRQHandler
                0x0000000008006dcc                TAMP_STAMP_IRQHandler
                0x0000000008006dcc                CAN2_RX1_IRQHandler
                0x0000000008006dcc                EXTI3_IRQHandler
                0x0000000008006dcc                TIM8_TRG_COM_TIM14_IRQHandler
                0x0000000008006dcc                TIM8_UP_TIM13_IRQHandler
                0x0000000008006dcc                I2C3_ER_IRQHandler
                0x0000000008006dcc                EXTI0_IRQHandler
                0x0000000008006dcc                I2C2_EV_IRQHandler
                0x0000000008006dcc                DMA1_Stream2_IRQHandler
                0x0000000008006dcc                CAN1_RX0_IRQHandler
                0x0000000008006dcc                FPU_IRQHandler
                0x0000000008006dcc                OTG_HS_WKUP_IRQHandler
                0x0000000008006dcc                CAN2_SCE_IRQHandler
                0x0000000008006dcc                DMA2_Stream2_IRQHandler
                0x0000000008006dcc                SPI1_IRQHandler
                0x0000000008006dcc                TIM6_DAC_IRQHandler
                0x0000000008006dcc                TIM1_BRK_TIM9_IRQHandler
                0x0000000008006dcc                DCMI_IRQHandler
                0x0000000008006dcc                CAN2_RX0_IRQHandler
                0x0000000008006dcc                DMA2_Stream3_IRQHandler
                0x0000000008006dcc                SAI2_IRQHandler
                0x0000000008006dcc                USART6_IRQHandler
                0x0000000008006dcc                USART3_IRQHandler
                0x0000000008006dcc                CAN1_RX1_IRQHandler
                0x0000000008006dcc                UART5_IRQHandler
                0x0000000008006dcc                DMA2_Stream0_IRQHandler
                0x0000000008006dcc                TIM4_IRQHandler
                0x0000000008006dcc                QUADSPI_IRQHandler
                0x0000000008006dcc                I2C1_EV_IRQHandler
                0x0000000008006dcc                DMA1_Stream6_IRQHandler
                0x0000000008006dcc                DMA1_Stream1_IRQHandler
                0x0000000008006dcc                UART4_IRQHandler
                0x0000000008006dcc                TIM3_IRQHandler
                0x0000000008006dcc                RCC_IRQHandler
                0x0000000008006dcc                TIM8_BRK_TIM12_IRQHandler
                0x0000000008006dcc                Default_Handler
                0x0000000008006dcc                CEC_IRQHandler
                0x0000000008006dcc                EXTI15_10_IRQHandler
                0x0000000008006dcc                ADC_IRQHandler
                0x0000000008006dcc                DMA1_Stream7_IRQHandler
                0x0000000008006dcc                TIM7_IRQHandler
                0x0000000008006dcc                CAN2_TX_IRQHandler
                0x0000000008006dcc                TIM5_IRQHandler
                0x0000000008006dcc                DMA2_Stream7_IRQHandler
                0x0000000008006dcc                I2C3_EV_IRQHandler
                0x0000000008006dcc                EXTI9_5_IRQHandler
                0x0000000008006dcc                RTC_WKUP_IRQHandler
                0x0000000008006dcc                SPDIF_RX_IRQHandler
                0x0000000008006dcc                SPI2_IRQHandler
                0x0000000008006dcc                OTG_HS_EP1_IN_IRQHandler
                0x0000000008006dcc                DMA1_Stream0_IRQHandler
                0x0000000008006dcc                CAN1_TX_IRQHandler
                0x0000000008006dcc                FMPI2C1_ER_IRQHandler
                0x0000000008006dcc                EXTI4_IRQHandler
                0x0000000008006dcc                OTG_HS_EP1_OUT_IRQHandler
                0x0000000008006dcc                WWDG_IRQHandler
                0x0000000008006dcc                TIM2_IRQHandler
                0x0000000008006dcc                OTG_FS_WKUP_IRQHandler
                0x0000000008006dcc                TIM1_TRG_COM_TIM11_IRQHandler
                0x0000000008006dcc                OTG_HS_IRQHandler
                0x0000000008006dcc                EXTI1_IRQHandler
                0x0000000008006dcc                I2C2_ER_IRQHandler
                0x0000000008006dcc                DMA2_Stream1_IRQHandler
                0x0000000008006dcc                CAN1_SCE_IRQHandler
                0x0000000008006dcc                FLASH_IRQHandler
                0x0000000008006dcc                DMA2_Stream4_IRQHandler
                0x0000000008006dcc                USART1_IRQHandler
                0x0000000008006dcc                OTG_FS_IRQHandler
                0x0000000008006dcc                SPI3_IRQHandler
                0x0000000008006dcc                DMA1_Stream4_IRQHandler
                0x0000000008006dcc                I2C1_ER_IRQHandler
                0x0000000008006dcc                FMC_IRQHandler
                0x0000000008006dcc                DMA2_Stream6_IRQHandler
                0x0000000008006dcc                SAI1_IRQHandler
                0x0000000008006dcc                DMA1_Stream3_IRQHandler
 *fill*         0x0000000008006dce        0x2 
 .text.HAL_Init
                0x0000000008006dd0       0x44 ./Drivers/STM32F4xx_HAL_Driver/Src/stm32f4xx_hal.o
                0x0000000008006dd0                HAL_Init
 .text.HAL_InitTick
                0x0000000008006e14       0x60 ./Drivers/STM32F4xx_HAL_Driver/Src/stm32f4xx_hal.o
                0x0000000008006e14                HAL_InitTick
 .text.HAL_IncTick
                0x0000000008006e74       0x28 ./Drivers/STM32F4xx_HAL_Driver/Src/stm32f4xx_hal.o
                0x0000000008006e74                HAL_IncTick
 .text.HAL_GetTick
                0x0000000008006e9c       0x18 ./Drivers/STM32F4xx_HAL_Driver/Src/stm32f4xx_hal.o
                0x0000000008006e9c                HAL_GetTick
 .text.HAL_Delay
                0x0000000008006eb4       0x48 ./Drivers/STM32F4xx_HAL_Driver/Src/stm32f4xx_hal.o
                0x0000000008006eb4                HAL_Delay
 .text.HAL_ADC_Init
                0x0000000008006efc       0x86 ./Drivers/STM32F4xx_HAL_Driver/Src/stm32f4xx_hal_adc.o
                0x0000000008006efc                HAL_ADC_Init
 *fill*         0x0000000008006f82        0x2 
 .text.HAL_ADC_Start
                0x0000000008006f84      0x1a4 ./Drivers/STM32F4xx_HAL_Driver/Src/stm32f4xx_hal_adc.o
                0x0000000008006f84                HAL_ADC_Start
 .text.HAL_ADC_PollForConversion
                0x0000000008007128      0x116 ./Drivers/STM32F4xx_HAL_Driver/Src/stm32f4xx_hal_adc.o
                0x0000000008007128                HAL_ADC_PollForConversion
 .text.HAL_ADC_GetValue
                0x000000000800723e       0x1a ./Drivers/STM32F4xx_HAL_Driver/Src/stm32f4xx_hal_adc.o
                0x000000000800723e                HAL_ADC_GetValue
 .text.HAL_ADC_ConfigChannel
                0x0000000008007258      0x264 ./Drivers/STM32F4xx_HAL_Driver/Src/stm32f4xx_hal_adc.o
                0x0000000008007258                HAL_ADC_ConfigChannel
 .text.ADC_Init
                0x00000000080074bc      0x1f8 ./Drivers/STM32F4xx_HAL_Driver/Src/stm32f4xx_hal_adc.o
 .text.HAL_ADCEx_MultiModeConfigChannel
                0x00000000080076b4       0x8c ./Drivers/STM32F4xx_HAL_Driver/Src/stm32f4xx_hal_adc_ex.o
                0x00000000080076b4                HAL_ADCEx_MultiModeConfigChannel
 .text.HAL_CAN_Init
                0x0000000008007740      0x1f6 ./Drivers/STM32F4xx_HAL_Driver/Src/stm32f4xx_hal_can.o
                0x0000000008007740                HAL_CAN_Init
 *fill*         0x0000000008007936        0x2 
 .text.HAL_CAN_ConfigFilter
                0x0000000008007938      0x1c0 ./Drivers/STM32F4xx_HAL_Driver/Src/stm32f4xx_hal_can.o
                0x0000000008007938                HAL_CAN_ConfigFilter
 .text.HAL_CAN_Start
                0x0000000008007af8       0x88 ./Drivers/STM32F4xx_HAL_Driver/Src/stm32f4xx_hal_can.o
                0x0000000008007af8                HAL_CAN_Start
 .text.HAL_CAN_AddTxMessage
                0x0000000008007b80      0x1b6 ./Drivers/STM32F4xx_HAL_Driver/Src/stm32f4xx_hal_can.o
                0x0000000008007b80                HAL_CAN_AddTxMessage
 .text.HAL_CAN_GetRxMessage
                0x0000000008007d36      0x224 ./Drivers/STM32F4xx_HAL_Driver/Src/stm32f4xx_hal_can.o
                0x0000000008007d36                HAL_CAN_GetRxMessage
 *fill*         0x0000000008007f5a        0x2 
 .text.__NVIC_SetPriorityGrouping
                0x0000000008007f5c       0x48 ./Drivers/STM32F4xx_HAL_Driver/Src/stm32f4xx_hal_cortex.o
 .text.__NVIC_GetPriorityGrouping
                0x0000000008007fa4       0x1c ./Drivers/STM32F4xx_HAL_Driver/Src/stm32f4xx_hal_cortex.o
 .text.__NVIC_EnableIRQ
                0x0000000008007fc0       0x3c ./Drivers/STM32F4xx_HAL_Driver/Src/stm32f4xx_hal_cortex.o
 .text.__NVIC_SetPriority
                0x0000000008007ffc       0x54 ./Drivers/STM32F4xx_HAL_Driver/Src/stm32f4xx_hal_cortex.o
 .text.NVIC_EncodePriority
                0x0000000008008050       0x66 ./Drivers/STM32F4xx_HAL_Driver/Src/stm32f4xx_hal_cortex.o
 *fill*         0x00000000080080b6        0x2 
 .text.SysTick_Config
                0x00000000080080b8       0x44 ./Drivers/STM32F4xx_HAL_Driver/Src/stm32f4xx_hal_cortex.o
 .text.HAL_NVIC_SetPriorityGrouping
                0x00000000080080fc       0x16 ./Drivers/STM32F4xx_HAL_Driver/Src/stm32f4xx_hal_cortex.o
                0x00000000080080fc                HAL_NVIC_SetPriorityGrouping
 .text.HAL_NVIC_SetPriority
                0x0000000008008112       0x38 ./Drivers/STM32F4xx_HAL_Driver/Src/stm32f4xx_hal_cortex.o
                0x0000000008008112                HAL_NVIC_SetPriority
 .text.HAL_NVIC_EnableIRQ
                0x000000000800814a       0x1c ./Drivers/STM32F4xx_HAL_Driver/Src/stm32f4xx_hal_cortex.o
                0x000000000800814a                HAL_NVIC_EnableIRQ
 .text.HAL_SYSTICK_Config
                0x0000000008008166       0x18 ./Drivers/STM32F4xx_HAL_Driver/Src/stm32f4xx_hal_cortex.o
                0x0000000008008166                HAL_SYSTICK_Config
 .text.HAL_DMA_Abort
                0x000000000800817e       0xe0 ./Drivers/STM32F4xx_HAL_Driver/Src/stm32f4xx_hal_dma.o
                0x000000000800817e                HAL_DMA_Abort
 .text.HAL_DMA_Abort_IT
                0x000000000800825e       0x44 ./Drivers/STM32F4xx_HAL_Driver/Src/stm32f4xx_hal_dma.o
                0x000000000800825e                HAL_DMA_Abort_IT
 *fill*         0x00000000080082a2        0x2 
 .text.HAL_GPIO_Init
                0x00000000080082a4      0x328 ./Drivers/STM32F4xx_HAL_Driver/Src/stm32f4xx_hal_gpio.o
                0x00000000080082a4                HAL_GPIO_Init
 .text.HAL_GPIO_WritePin
                0x00000000080085cc       0x32 ./Drivers/STM32F4xx_HAL_Driver/Src/stm32f4xx_hal_gpio.o
                0x00000000080085cc                HAL_GPIO_WritePin
 *fill*         0x00000000080085fe        0x2 
 .text.HAL_PWREx_EnableOverDrive
                0x0000000008008600       0xa0 ./Drivers/STM32F4xx_HAL_Driver/Src/stm32f4xx_hal_pwr_ex.o
                0x0000000008008600                HAL_PWREx_EnableOverDrive
 .text.HAL_RCC_ClockConfig
                0x00000000080086a0      0x1cc ./Drivers/STM32F4xx_HAL_Driver/Src/stm32f4xx_hal_rcc.o
                0x00000000080086a0                HAL_RCC_ClockConfig
 .text.HAL_RCC_GetHCLKFreq
                0x000000000800886c       0x18 ./Drivers/STM32F4xx_HAL_Driver/Src/stm32f4xx_hal_rcc.o
                0x000000000800886c                HAL_RCC_GetHCLKFreq
 .text.HAL_RCC_GetPCLK1Freq
                0x0000000008008884       0x28 ./Drivers/STM32F4xx_HAL_Driver/Src/stm32f4xx_hal_rcc.o
                0x0000000008008884                HAL_RCC_GetPCLK1Freq
 .text.HAL_RCC_GetPCLK2Freq
                0x00000000080088ac       0x28 ./Drivers/STM32F4xx_HAL_Driver/Src/stm32f4xx_hal_rcc.o
                0x00000000080088ac                HAL_RCC_GetPCLK2Freq
 .text.HAL_RCC_GetSysClockFreq
                0x00000000080088d4      0x460 ./Drivers/STM32F4xx_HAL_Driver/Src/stm32f4xx_hal_rcc_ex.o
                0x00000000080088d4                HAL_RCC_GetSysClockFreq
 .text.HAL_RCC_OscConfig
                0x0000000008008d34      0x53c ./Drivers/STM32F4xx_HAL_Driver/Src/stm32f4xx_hal_rcc_ex.o
                0x0000000008008d34                HAL_RCC_OscConfig
 .text.HAL_SPI_Init
                0x0000000008009270      0x112 ./Drivers/STM32F4xx_HAL_Driver/Src/stm32f4xx_hal_spi.o
                0x0000000008009270                HAL_SPI_Init
 .text.HAL_SPI_TransmitReceive
                0x0000000008009382      0x344 ./Drivers/STM32F4xx_HAL_Driver/Src/stm32f4xx_hal_spi.o
                0x0000000008009382                HAL_SPI_TransmitReceive
 *fill*         0x00000000080096c6        0x2 
 .text.SPI_WaitFlagStateUntilTimeout
                0x00000000080096c8      0x110 ./Drivers/STM32F4xx_HAL_Driver/Src/stm32f4xx_hal_spi.o
 .text.SPI_EndRxTxTransaction
                0x00000000080097d8       0x84 ./Drivers/STM32F4xx_HAL_Driver/Src/stm32f4xx_hal_spi.o
 .text.HAL_TIM_Base_Init
                0x000000000800985c       0x9e ./Drivers/STM32F4xx_HAL_Driver/Src/stm32f4xx_hal_tim.o
                0x000000000800985c                HAL_TIM_Base_Init
 *fill*         0x00000000080098fa        0x2 
 .text.HAL_TIM_Base_Start
                0x00000000080098fc       0xd0 ./Drivers/STM32F4xx_HAL_Driver/Src/stm32f4xx_hal_tim.o
                0x00000000080098fc                HAL_TIM_Base_Start
 .text.HAL_TIM_Base_Start_IT
                0x00000000080099cc       0xe0 ./Drivers/STM32F4xx_HAL_Driver/Src/stm32f4xx_hal_tim.o
                0x00000000080099cc                HAL_TIM_Base_Start_IT
 .text.HAL_TIM_PWM_Init
                0x0000000008009aac       0x9e ./Drivers/STM32F4xx_HAL_Driver/Src/stm32f4xx_hal_tim.o
                0x0000000008009aac                HAL_TIM_PWM_Init
 .text.HAL_TIM_PWM_MspInit
                0x0000000008009b4a       0x14 ./Drivers/STM32F4xx_HAL_Driver/Src/stm32f4xx_hal_tim.o
                0x0000000008009b4a                HAL_TIM_PWM_MspInit
 *fill*         0x0000000008009b5e        0x2 
 .text.HAL_TIM_PWM_Start
                0x0000000008009b60      0x190 ./Drivers/STM32F4xx_HAL_Driver/Src/stm32f4xx_hal_tim.o
                0x0000000008009b60                HAL_TIM_PWM_Start
 .text.HAL_TIM_IRQHandler
                0x0000000008009cf0      0x210 ./Drivers/STM32F4xx_HAL_Driver/Src/stm32f4xx_hal_tim.o
                0x0000000008009cf0                HAL_TIM_IRQHandler
 .text.HAL_TIM_PWM_ConfigChannel
                0x0000000008009f00      0x184 ./Drivers/STM32F4xx_HAL_Driver/Src/stm32f4xx_hal_tim.o
                0x0000000008009f00                HAL_TIM_PWM_ConfigChannel
 .text.HAL_TIM_ConfigClockSource
                0x000000000800a084      0x18e ./Drivers/STM32F4xx_HAL_Driver/Src/stm32f4xx_hal_tim.o
                0x000000000800a084                HAL_TIM_ConfigClockSource
 .text.HAL_TIM_PeriodElapsedCallback
                0x000000000800a212       0x14 ./Drivers/STM32F4xx_HAL_Driver/Src/stm32f4xx_hal_tim.o
                0x000000000800a212                HAL_TIM_PeriodElapsedCallback
 .text.HAL_TIM_OC_DelayElapsedCallback
                0x000000000800a226       0x14 ./Drivers/STM32F4xx_HAL_Driver/Src/stm32f4xx_hal_tim.o
                0x000000000800a226                HAL_TIM_OC_DelayElapsedCallback
 .text.HAL_TIM_IC_CaptureCallback
                0x000000000800a23a       0x14 ./Drivers/STM32F4xx_HAL_Driver/Src/stm32f4xx_hal_tim.o
                0x000000000800a23a                HAL_TIM_IC_CaptureCallback
 .text.HAL_TIM_PWM_PulseFinishedCallback
                0x000000000800a24e       0x14 ./Drivers/STM32F4xx_HAL_Driver/Src/stm32f4xx_hal_tim.o
                0x000000000800a24e                HAL_TIM_PWM_PulseFinishedCallback
 .text.HAL_TIM_TriggerCallback
                0x000000000800a262       0x14 ./Drivers/STM32F4xx_HAL_Driver/Src/stm32f4xx_hal_tim.o
                0x000000000800a262                HAL_TIM_TriggerCallback
 *fill*         0x000000000800a276        0x2 
 .text.TIM_Base_SetConfig
                0x000000000800a278      0x140 ./Drivers/STM32F4xx_HAL_Driver/Src/stm32f4xx_hal_tim.o
                0x000000000800a278                TIM_Base_SetConfig
 .text.TIM_OC1_SetConfig
                0x000000000800a3b8       0xe0 ./Drivers/STM32F4xx_HAL_Driver/Src/stm32f4xx_hal_tim.o
 .text.TIM_OC2_SetConfig
                0x000000000800a498       0xec ./Drivers/STM32F4xx_HAL_Driver/Src/stm32f4xx_hal_tim.o
                0x000000000800a498                TIM_OC2_SetConfig
 .text.TIM_OC3_SetConfig
                0x000000000800a584       0xe8 ./Drivers/STM32F4xx_HAL_Driver/Src/stm32f4xx_hal_tim.o
 .text.TIM_OC4_SetConfig
                0x000000000800a66c       0xac ./Drivers/STM32F4xx_HAL_Driver/Src/stm32f4xx_hal_tim.o
 .text.TIM_TI1_ConfigInputStage
                0x000000000800a718       0x5e ./Drivers/STM32F4xx_HAL_Driver/Src/stm32f4xx_hal_tim.o
 .text.TIM_TI2_ConfigInputStage
                0x000000000800a776       0x60 ./Drivers/STM32F4xx_HAL_Driver/Src/stm32f4xx_hal_tim.o
 .text.TIM_ITRx_SetConfig
                0x000000000800a7d6       0x36 ./Drivers/STM32F4xx_HAL_Driver/Src/stm32f4xx_hal_tim.o
 .text.TIM_ETR_SetConfig
                0x000000000800a80c       0x40 ./Drivers/STM32F4xx_HAL_Driver/Src/stm32f4xx_hal_tim.o
                0x000000000800a80c                TIM_ETR_SetConfig
 .text.TIM_CCxChannelCmd
                0x000000000800a84c       0x4a ./Drivers/STM32F4xx_HAL_Driver/Src/stm32f4xx_hal_tim.o
                0x000000000800a84c                TIM_CCxChannelCmd
 *fill*         0x000000000800a896        0x2 
 .text.HAL_TIMEx_MasterConfigSynchronization
                0x000000000800a898       0xf8 ./Drivers/STM32F4xx_HAL_Driver/Src/stm32f4xx_hal_tim_ex.o
                0x000000000800a898                HAL_TIMEx_MasterConfigSynchronization
 .text.HAL_TIMEx_ConfigBreakDeadTime
                0x000000000800a990       0xa4 ./Drivers/STM32F4xx_HAL_Driver/Src/stm32f4xx_hal_tim_ex.o
                0x000000000800a990                HAL_TIMEx_ConfigBreakDeadTime
 .text.HAL_TIMEx_CommutCallback
                0x000000000800aa34       0x14 ./Drivers/STM32F4xx_HAL_Driver/Src/stm32f4xx_hal_tim_ex.o
                0x000000000800aa34                HAL_TIMEx_CommutCallback
 .text.HAL_TIMEx_BreakCallback
                0x000000000800aa48       0x14 ./Drivers/STM32F4xx_HAL_Driver/Src/stm32f4xx_hal_tim_ex.o
                0x000000000800aa48                HAL_TIMEx_BreakCallback
 .text.HAL_UART_Init
                0x000000000800aa5c       0x9a ./Drivers/STM32F4xx_HAL_Driver/Src/stm32f4xx_hal_uart.o
                0x000000000800aa5c                HAL_UART_Init
 .text.HAL_UART_Transmit
                0x000000000800aaf6      0x124 ./Drivers/STM32F4xx_HAL_Driver/Src/stm32f4xx_hal_uart.o
                0x000000000800aaf6                HAL_UART_Transmit
 .text.HAL_UART_Receive_IT
                0x000000000800ac1a       0x60 ./Drivers/STM32F4xx_HAL_Driver/Src/stm32f4xx_hal_uart.o
                0x000000000800ac1a                HAL_UART_Receive_IT
 *fill*         0x000000000800ac7a        0x2 
 .text.HAL_UART_IRQHandler
                0x000000000800ac7c      0x51c ./Drivers/STM32F4xx_HAL_Driver/Src/stm32f4xx_hal_uart.o
                0x000000000800ac7c                HAL_UART_IRQHandler
 .text.HAL_UART_TxCpltCallback
                0x000000000800b198       0x14 ./Drivers/STM32F4xx_HAL_Driver/Src/stm32f4xx_hal_uart.o
                0x000000000800b198                HAL_UART_TxCpltCallback
 .text.HAL_UART_ErrorCallback
                0x000000000800b1ac       0x14 ./Drivers/STM32F4xx_HAL_Driver/Src/stm32f4xx_hal_uart.o
                0x000000000800b1ac                HAL_UART_ErrorCallback
 .text.HAL_UARTEx_RxEventCallback
                0x000000000800b1c0       0x18 ./Drivers/STM32F4xx_HAL_Driver/Src/stm32f4xx_hal_uart.o
                0x000000000800b1c0                HAL_UARTEx_RxEventCallback
 .text.UART_WaitOnFlagUntilTimeout
                0x000000000800b1d8       0xdc ./Drivers/STM32F4xx_HAL_Driver/Src/stm32f4xx_hal_uart.o
 .text.UART_Start_Receive_IT
                0x000000000800b2b4       0x7c ./Drivers/STM32F4xx_HAL_Driver/Src/stm32f4xx_hal_uart.o
                0x000000000800b2b4                UART_Start_Receive_IT
 .text.UART_EndRxTransfer
                0x000000000800b330       0xc6 ./Drivers/STM32F4xx_HAL_Driver/Src/stm32f4xx_hal_uart.o
 .text.UART_DMAAbortOnError
                0x000000000800b3f6       0x28 ./Drivers/STM32F4xx_HAL_Driver/Src/stm32f4xx_hal_uart.o
 .text.UART_Transmit_IT
                0x000000000800b41e       0xa0 ./Drivers/STM32F4xx_HAL_Driver/Src/stm32f4xx_hal_uart.o
 .text.UART_EndTransmit_IT
                0x000000000800b4be       0x30 ./Drivers/STM32F4xx_HAL_Driver/Src/stm32f4xx_hal_uart.o
 .text.UART_Receive_IT
                0x000000000800b4ee      0x176 ./Drivers/STM32F4xx_HAL_Driver/Src/stm32f4xx_hal_uart.o
 .text.UART_SetConfig
                0x000000000800b664      0x4e8 ./Drivers/STM32F4xx_HAL_Driver/Src/stm32f4xx_hal_uart.o
 .text.atof     0x000000000800bb4c        0x6 /home/saloutos/.eclipse/com.st.stm32cube.ide.mcu.rcp.product_1.10.1_492108868_linux_gtk_x86_64/plugins/com.st.stm32cube.ide.mcu.externaltools.gnu-tools-for-stm32.10.3-2021.10.linux64_1.0.100.202210260954/tools/bin/../lib/gcc/arm-none-eabi/10.3.1/../../../../arm-none-eabi/lib/thumb/v7e-m+fp/hard/libc_nano.a(lib_a-atof.o)
                0x000000000800bb4c                atof
 .text.atoi     0x000000000800bb52        0x8 /home/saloutos/.eclipse/com.st.stm32cube.ide.mcu.rcp.product_1.10.1_492108868_linux_gtk_x86_64/plugins/com.st.stm32cube.ide.mcu.externaltools.gnu-tools-for-stm32.10.3-2021.10.linux64_1.0.100.202210260954/tools/bin/../lib/gcc/arm-none-eabi/10.3.1/../../../../arm-none-eabi/lib/thumb/v7e-m+fp/hard/libc_nano.a(lib_a-atoi.o)
                0x000000000800bb52                atoi
 *fill*         0x000000000800bb5a        0x2 
 .text.__errno  0x000000000800bb5c        0xc /home/saloutos/.eclipse/com.st.stm32cube.ide.mcu.rcp.product_1.10.1_492108868_linux_gtk_x86_64/plugins/com.st.stm32cube.ide.mcu.externaltools.gnu-tools-for-stm32.10.3-2021.10.linux64_1.0.100.202210260954/tools/bin/../lib/gcc/arm-none-eabi/10.3.1/../../../../arm-none-eabi/lib/thumb/v7e-m+fp/hard/libc_nano.a(lib_a-errno.o)
                0x000000000800bb5c                __errno
 .text.__libc_init_array
                0x000000000800bb68       0x48 /home/saloutos/.eclipse/com.st.stm32cube.ide.mcu.rcp.product_1.10.1_492108868_linux_gtk_x86_64/plugins/com.st.stm32cube.ide.mcu.externaltools.gnu-tools-for-stm32.10.3-2021.10.linux64_1.0.100.202210260954/tools/bin/../lib/gcc/arm-none-eabi/10.3.1/../../../../arm-none-eabi/lib/thumb/v7e-m+fp/hard/libc_nano.a(lib_a-init.o)
                0x000000000800bb68                __libc_init_array
 .text.memcpy   0x000000000800bbb0       0x1c /home/saloutos/.eclipse/com.st.stm32cube.ide.mcu.rcp.product_1.10.1_492108868_linux_gtk_x86_64/plugins/com.st.stm32cube.ide.mcu.externaltools.gnu-tools-for-stm32.10.3-2021.10.linux64_1.0.100.202210260954/tools/bin/../lib/gcc/arm-none-eabi/10.3.1/../../../../arm-none-eabi/lib/thumb/v7e-m+fp/hard/libc_nano.a(lib_a-memcpy-stub.o)
                0x000000000800bbb0                memcpy
 .text.memset   0x000000000800bbcc       0x10 /home/saloutos/.eclipse/com.st.stm32cube.ide.mcu.rcp.product_1.10.1_492108868_linux_gtk_x86_64/plugins/com.st.stm32cube.ide.mcu.externaltools.gnu-tools-for-stm32.10.3-2021.10.linux64_1.0.100.202210260954/tools/bin/../lib/gcc/arm-none-eabi/10.3.1/../../../../arm-none-eabi/lib/thumb/v7e-m+fp/hard/libc_nano.a(lib_a-memset.o)
                0x000000000800bbcc                memset
 .text.__cvt    0x000000000800bbdc       0xc4 /home/saloutos/.eclipse/com.st.stm32cube.ide.mcu.rcp.product_1.10.1_492108868_linux_gtk_x86_64/plugins/com.st.stm32cube.ide.mcu.externaltools.gnu-tools-for-stm32.10.3-2021.10.linux64_1.0.100.202210260954/tools/bin/../lib/gcc/arm-none-eabi/10.3.1/../../../../arm-none-eabi/lib/thumb/v7e-m+fp/hard/libc_nano.a(lib_a-nano-vfprintf_float.o)
                0x000000000800bbdc                __cvt
 .text.__exponent
                0x000000000800bca0       0x7c /home/saloutos/.eclipse/com.st.stm32cube.ide.mcu.rcp.product_1.10.1_492108868_linux_gtk_x86_64/plugins/com.st.stm32cube.ide.mcu.externaltools.gnu-tools-for-stm32.10.3-2021.10.linux64_1.0.100.202210260954/tools/bin/../lib/gcc/arm-none-eabi/10.3.1/../../../../arm-none-eabi/lib/thumb/v7e-m+fp/hard/libc_nano.a(lib_a-nano-vfprintf_float.o)
                0x000000000800bca0                __exponent
 .text._printf_float
                0x000000000800bd1c      0x46c /home/saloutos/.eclipse/com.st.stm32cube.ide.mcu.rcp.product_1.10.1_492108868_linux_gtk_x86_64/plugins/com.st.stm32cube.ide.mcu.externaltools.gnu-tools-for-stm32.10.3-2021.10.linux64_1.0.100.202210260954/tools/bin/../lib/gcc/arm-none-eabi/10.3.1/../../../../arm-none-eabi/lib/thumb/v7e-m+fp/hard/libc_nano.a(lib_a-nano-vfprintf_float.o)
                0x000000000800bd1c                _printf_float
 .text._printf_common
                0x000000000800c188       0xda /home/saloutos/.eclipse/com.st.stm32cube.ide.mcu.rcp.product_1.10.1_492108868_linux_gtk_x86_64/plugins/com.st.stm32cube.ide.mcu.externaltools.gnu-tools-for-stm32.10.3-2021.10.linux64_1.0.100.202210260954/tools/bin/../lib/gcc/arm-none-eabi/10.3.1/../../../../arm-none-eabi/lib/thumb/v7e-m+fp/hard/libc_nano.a(lib_a-nano-vfprintf_i.o)
                0x000000000800c188                _printf_common
 *fill*         0x000000000800c262        0x2 
 .text._printf_i
                0x000000000800c264      0x24c /home/saloutos/.eclipse/com.st.stm32cube.ide.mcu.rcp.product_1.10.1_492108868_linux_gtk_x86_64/plugins/com.st.stm32cube.ide.mcu.externaltools.gnu-tools-for-stm32.10.3-2021.10.linux64_1.0.100.202210260954/tools/bin/../lib/gcc/arm-none-eabi/10.3.1/../../../../arm-none-eabi/lib/thumb/v7e-m+fp/hard/libc_nano.a(lib_a-nano-vfprintf_i.o)
                0x000000000800c264                _printf_i
 .text.printf   0x000000000800c4b0       0x30 /home/saloutos/.eclipse/com.st.stm32cube.ide.mcu.rcp.product_1.10.1_492108868_linux_gtk_x86_64/plugins/com.st.stm32cube.ide.mcu.externaltools.gnu-tools-for-stm32.10.3-2021.10.linux64_1.0.100.202210260954/tools/bin/../lib/gcc/arm-none-eabi/10.3.1/../../../../arm-none-eabi/lib/thumb/v7e-m+fp/hard/libc_nano.a(lib_a-printf.o)
                0x000000000800c4b0                printf
                0x000000000800c4b0                iprintf
 .text._puts_r  0x000000000800c4e0       0xdc /home/saloutos/.eclipse/com.st.stm32cube.ide.mcu.rcp.product_1.10.1_492108868_linux_gtk_x86_64/plugins/com.st.stm32cube.ide.mcu.externaltools.gnu-tools-for-stm32.10.3-2021.10.linux64_1.0.100.202210260954/tools/bin/../lib/gcc/arm-none-eabi/10.3.1/../../../../arm-none-eabi/lib/thumb/v7e-m+fp/hard/libc_nano.a(lib_a-puts.o)
                0x000000000800c4e0                _puts_r
 .text.puts     0x000000000800c5bc       0x10 /home/saloutos/.eclipse/com.st.stm32cube.ide.mcu.rcp.product_1.10.1_492108868_linux_gtk_x86_64/plugins/com.st.stm32cube.ide.mcu.externaltools.gnu-tools-for-stm32.10.3-2021.10.linux64_1.0.100.202210260954/tools/bin/../lib/gcc/arm-none-eabi/10.3.1/../../../../arm-none-eabi/lib/thumb/v7e-m+fp/hard/libc_nano.a(lib_a-puts.o)
                0x000000000800c5bc                puts
 .text.sulp     0x000000000800c5cc       0x38 /home/saloutos/.eclipse/com.st.stm32cube.ide.mcu.rcp.product_1.10.1_492108868_linux_gtk_x86_64/plugins/com.st.stm32cube.ide.mcu.externaltools.gnu-tools-for-stm32.10.3-2021.10.linux64_1.0.100.202210260954/tools/bin/../lib/gcc/arm-none-eabi/10.3.1/../../../../arm-none-eabi/lib/thumb/v7e-m+fp/hard/libc_nano.a(lib_a-strtod.o)
 *fill*         0x000000000800c604        0x4 
 .text._strtod_l
                0x000000000800c608      0xc0c /home/saloutos/.eclipse/com.st.stm32cube.ide.mcu.rcp.product_1.10.1_492108868_linux_gtk_x86_64/plugins/com.st.stm32cube.ide.mcu.externaltools.gnu-tools-for-stm32.10.3-2021.10.linux64_1.0.100.202210260954/tools/bin/../lib/gcc/arm-none-eabi/10.3.1/../../../../arm-none-eabi/lib/thumb/v7e-m+fp/hard/libc_nano.a(lib_a-strtod.o)
                0x000000000800c608                _strtod_l
 .text.strtod   0x000000000800d214       0x18 /home/saloutos/.eclipse/com.st.stm32cube.ide.mcu.rcp.product_1.10.1_492108868_linux_gtk_x86_64/plugins/com.st.stm32cube.ide.mcu.externaltools.gnu-tools-for-stm32.10.3-2021.10.linux64_1.0.100.202210260954/tools/bin/../lib/gcc/arm-none-eabi/10.3.1/../../../../arm-none-eabi/lib/thumb/v7e-m+fp/hard/libc_nano.a(lib_a-strtod.o)
                0x000000000800d214                strtod
 .text._strtol_l.constprop.0
                0x000000000800d22c      0x104 /home/saloutos/.eclipse/com.st.stm32cube.ide.mcu.rcp.product_1.10.1_492108868_linux_gtk_x86_64/plugins/com.st.stm32cube.ide.mcu.externaltools.gnu-tools-for-stm32.10.3-2021.10.linux64_1.0.100.202210260954/tools/bin/../lib/gcc/arm-none-eabi/10.3.1/../../../../arm-none-eabi/lib/thumb/v7e-m+fp/hard/libc_nano.a(lib_a-strtol.o)
 .text.strtol   0x000000000800d330       0x14 /home/saloutos/.eclipse/com.st.stm32cube.ide.mcu.rcp.product_1.10.1_492108868_linux_gtk_x86_64/plugins/com.st.stm32cube.ide.mcu.externaltools.gnu-tools-for-stm32.10.3-2021.10.linux64_1.0.100.202210260954/tools/bin/../lib/gcc/arm-none-eabi/10.3.1/../../../../arm-none-eabi/lib/thumb/v7e-m+fp/hard/libc_nano.a(lib_a-strtol.o)
                0x000000000800d330                strtol
 .text.__swbuf_r
                0x000000000800d344       0xa4 /home/saloutos/.eclipse/com.st.stm32cube.ide.mcu.rcp.product_1.10.1_492108868_linux_gtk_x86_64/plugins/com.st.stm32cube.ide.mcu.externaltools.gnu-tools-for-stm32.10.3-2021.10.linux64_1.0.100.202210260954/tools/bin/../lib/gcc/arm-none-eabi/10.3.1/../../../../arm-none-eabi/lib/thumb/v7e-m+fp/hard/libc_nano.a(lib_a-wbuf.o)
                0x000000000800d344                __swbuf_r
 .text.__swsetup_r
                0x000000000800d3e8       0xdc /home/saloutos/.eclipse/com.st.stm32cube.ide.mcu.rcp.product_1.10.1_492108868_linux_gtk_x86_64/plugins/com.st.stm32cube.ide.mcu.externaltools.gnu-tools-for-stm32.10.3-2021.10.linux64_1.0.100.202210260954/tools/bin/../lib/gcc/arm-none-eabi/10.3.1/../../../../arm-none-eabi/lib/thumb/v7e-m+fp/hard/libc_nano.a(lib_a-wsetup.o)
                0x000000000800d3e8                __swsetup_r
 .text.quorem   0x000000000800d4c4      0x116 /home/saloutos/.eclipse/com.st.stm32cube.ide.mcu.rcp.product_1.10.1_492108868_linux_gtk_x86_64/plugins/com.st.stm32cube.ide.mcu.externaltools.gnu-tools-for-stm32.10.3-2021.10.linux64_1.0.100.202210260954/tools/bin/../lib/gcc/arm-none-eabi/10.3.1/../../../../arm-none-eabi/lib/thumb/v7e-m+fp/hard/libc_nano.a(lib_a-dtoa.o)
 *fill*         0x000000000800d5da        0x6 
 .text._dtoa_r  0x000000000800d5e0      0xbdc /home/saloutos/.eclipse/com.st.stm32cube.ide.mcu.rcp.product_1.10.1_492108868_linux_gtk_x86_64/plugins/com.st.stm32cube.ide.mcu.externaltools.gnu-tools-for-stm32.10.3-2021.10.linux64_1.0.100.202210260954/tools/bin/../lib/gcc/arm-none-eabi/10.3.1/../../../../arm-none-eabi/lib/thumb/v7e-m+fp/hard/libc_nano.a(lib_a-dtoa.o)
                0x000000000800d5e0                _dtoa_r
 .text.__sflush_r
                0x000000000800e1bc      0x10c /home/saloutos/.eclipse/com.st.stm32cube.ide.mcu.rcp.product_1.10.1_492108868_linux_gtk_x86_64/plugins/com.st.stm32cube.ide.mcu.externaltools.gnu-tools-for-stm32.10.3-2021.10.linux64_1.0.100.202210260954/tools/bin/../lib/gcc/arm-none-eabi/10.3.1/../../../../arm-none-eabi/lib/thumb/v7e-m+fp/hard/libc_nano.a(lib_a-fflush.o)
                0x000000000800e1bc                __sflush_r
 .text._fflush_r
                0x000000000800e2c8       0x78 /home/saloutos/.eclipse/com.st.stm32cube.ide.mcu.rcp.product_1.10.1_492108868_linux_gtk_x86_64/plugins/com.st.stm32cube.ide.mcu.externaltools.gnu-tools-for-stm32.10.3-2021.10.linux64_1.0.100.202210260954/tools/bin/../lib/gcc/arm-none-eabi/10.3.1/../../../../arm-none-eabi/lib/thumb/v7e-m+fp/hard/libc_nano.a(lib_a-fflush.o)
                0x000000000800e2c8                _fflush_r
 .text.std      0x000000000800e340       0x48 /home/saloutos/.eclipse/com.st.stm32cube.ide.mcu.rcp.product_1.10.1_492108868_linux_gtk_x86_64/plugins/com.st.stm32cube.ide.mcu.externaltools.gnu-tools-for-stm32.10.3-2021.10.linux64_1.0.100.202210260954/tools/bin/../lib/gcc/arm-none-eabi/10.3.1/../../../../arm-none-eabi/lib/thumb/v7e-m+fp/hard/libc_nano.a(lib_a-findfp.o)
 .text._cleanup_r
                0x000000000800e388        0xc /home/saloutos/.eclipse/com.st.stm32cube.ide.mcu.rcp.product_1.10.1_492108868_linux_gtk_x86_64/plugins/com.st.stm32cube.ide.mcu.externaltools.gnu-tools-for-stm32.10.3-2021.10.linux64_1.0.100.202210260954/tools/bin/../lib/gcc/arm-none-eabi/10.3.1/../../../../arm-none-eabi/lib/thumb/v7e-m+fp/hard/libc_nano.a(lib_a-findfp.o)
                0x000000000800e388                _cleanup_r
 .text.__sfmoreglue
                0x000000000800e394       0x2c /home/saloutos/.eclipse/com.st.stm32cube.ide.mcu.rcp.product_1.10.1_492108868_linux_gtk_x86_64/plugins/com.st.stm32cube.ide.mcu.externaltools.gnu-tools-for-stm32.10.3-2021.10.linux64_1.0.100.202210260954/tools/bin/../lib/gcc/arm-none-eabi/10.3.1/../../../../arm-none-eabi/lib/thumb/v7e-m+fp/hard/libc_nano.a(lib_a-findfp.o)
                0x000000000800e394                __sfmoreglue
 .text.__sfp_lock_acquire
                0x000000000800e3c0        0xc /home/saloutos/.eclipse/com.st.stm32cube.ide.mcu.rcp.product_1.10.1_492108868_linux_gtk_x86_64/plugins/com.st.stm32cube.ide.mcu.externaltools.gnu-tools-for-stm32.10.3-2021.10.linux64_1.0.100.202210260954/tools/bin/../lib/gcc/arm-none-eabi/10.3.1/../../../../arm-none-eabi/lib/thumb/v7e-m+fp/hard/libc_nano.a(lib_a-findfp.o)
                0x000000000800e3c0                __sfp_lock_acquire
 .text.__sfp_lock_release
                0x000000000800e3cc        0xc /home/saloutos/.eclipse/com.st.stm32cube.ide.mcu.rcp.product_1.10.1_492108868_linux_gtk_x86_64/plugins/com.st.stm32cube.ide.mcu.externaltools.gnu-tools-for-stm32.10.3-2021.10.linux64_1.0.100.202210260954/tools/bin/../lib/gcc/arm-none-eabi/10.3.1/../../../../arm-none-eabi/lib/thumb/v7e-m+fp/hard/libc_nano.a(lib_a-findfp.o)
                0x000000000800e3cc                __sfp_lock_release
 .text.__sinit_lock_acquire
                0x000000000800e3d8        0xc /home/saloutos/.eclipse/com.st.stm32cube.ide.mcu.rcp.product_1.10.1_492108868_linux_gtk_x86_64/plugins/com.st.stm32cube.ide.mcu.externaltools.gnu-tools-for-stm32.10.3-2021.10.linux64_1.0.100.202210260954/tools/bin/../lib/gcc/arm-none-eabi/10.3.1/../../../../arm-none-eabi/lib/thumb/v7e-m+fp/hard/libc_nano.a(lib_a-findfp.o)
                0x000000000800e3d8                __sinit_lock_acquire
 .text.__sinit_lock_release
                0x000000000800e3e4        0xc /home/saloutos/.eclipse/com.st.stm32cube.ide.mcu.rcp.product_1.10.1_492108868_linux_gtk_x86_64/plugins/com.st.stm32cube.ide.mcu.externaltools.gnu-tools-for-stm32.10.3-2021.10.linux64_1.0.100.202210260954/tools/bin/../lib/gcc/arm-none-eabi/10.3.1/../../../../arm-none-eabi/lib/thumb/v7e-m+fp/hard/libc_nano.a(lib_a-findfp.o)
                0x000000000800e3e4                __sinit_lock_release
 .text.__sinit  0x000000000800e3f0       0x70 /home/saloutos/.eclipse/com.st.stm32cube.ide.mcu.rcp.product_1.10.1_492108868_linux_gtk_x86_64/plugins/com.st.stm32cube.ide.mcu.externaltools.gnu-tools-for-stm32.10.3-2021.10.linux64_1.0.100.202210260954/tools/bin/../lib/gcc/arm-none-eabi/10.3.1/../../../../arm-none-eabi/lib/thumb/v7e-m+fp/hard/libc_nano.a(lib_a-findfp.o)
                0x000000000800e3f0                __sinit
 .text.__sfp    0x000000000800e460       0x8c /home/saloutos/.eclipse/com.st.stm32cube.ide.mcu.rcp.product_1.10.1_492108868_linux_gtk_x86_64/plugins/com.st.stm32cube.ide.mcu.externaltools.gnu-tools-for-stm32.10.3-2021.10.linux64_1.0.100.202210260954/tools/bin/../lib/gcc/arm-none-eabi/10.3.1/../../../../arm-none-eabi/lib/thumb/v7e-m+fp/hard/libc_nano.a(lib_a-findfp.o)
                0x000000000800e460                __sfp
 .text._fwalk_reent
                0x000000000800e4ec       0x3e /home/saloutos/.eclipse/com.st.stm32cube.ide.mcu.rcp.product_1.10.1_492108868_linux_gtk_x86_64/plugins/com.st.stm32cube.ide.mcu.externaltools.gnu-tools-for-stm32.10.3-2021.10.linux64_1.0.100.202210260954/tools/bin/../lib/gcc/arm-none-eabi/10.3.1/../../../../arm-none-eabi/lib/thumb/v7e-m+fp/hard/libc_nano.a(lib_a-fwalk.o)
                0x000000000800e4ec                _fwalk_reent
 .text.rshift   0x000000000800e52a       0xa4 /home/saloutos/.eclipse/com.st.stm32cube.ide.mcu.rcp.product_1.10.1_492108868_linux_gtk_x86_64/plugins/com.st.stm32cube.ide.mcu.externaltools.gnu-tools-for-stm32.10.3-2021.10.linux64_1.0.100.202210260954/tools/bin/../lib/gcc/arm-none-eabi/10.3.1/../../../../arm-none-eabi/lib/thumb/v7e-m+fp/hard/libc_nano.a(lib_a-gdtoa-gethex.o)
 .text.__hexdig_fun
                0x000000000800e5ce       0x2a /home/saloutos/.eclipse/com.st.stm32cube.ide.mcu.rcp.product_1.10.1_492108868_linux_gtk_x86_64/plugins/com.st.stm32cube.ide.mcu.externaltools.gnu-tools-for-stm32.10.3-2021.10.linux64_1.0.100.202210260954/tools/bin/../lib/gcc/arm-none-eabi/10.3.1/../../../../arm-none-eabi/lib/thumb/v7e-m+fp/hard/libc_nano.a(lib_a-gdtoa-gethex.o)
                0x000000000800e5ce                __hexdig_fun
 .text.__gethex
                0x000000000800e5f8      0x48c /home/saloutos/.eclipse/com.st.stm32cube.ide.mcu.rcp.product_1.10.1_492108868_linux_gtk_x86_64/plugins/com.st.stm32cube.ide.mcu.externaltools.gnu-tools-for-stm32.10.3-2021.10.linux64_1.0.100.202210260954/tools/bin/../lib/gcc/arm-none-eabi/10.3.1/../../../../arm-none-eabi/lib/thumb/v7e-m+fp/hard/libc_nano.a(lib_a-gdtoa-gethex.o)
                0x000000000800e5f8                __gethex
 .text.L_shift  0x000000000800ea84       0x24 /home/saloutos/.eclipse/com.st.stm32cube.ide.mcu.rcp.product_1.10.1_492108868_linux_gtk_x86_64/plugins/com.st.stm32cube.ide.mcu.externaltools.gnu-tools-for-stm32.10.3-2021.10.linux64_1.0.100.202210260954/tools/bin/../lib/gcc/arm-none-eabi/10.3.1/../../../../arm-none-eabi/lib/thumb/v7e-m+fp/hard/libc_nano.a(lib_a-gdtoa-hexnan.o)
 .text.__match  0x000000000800eaa8       0x28 /home/saloutos/.eclipse/com.st.stm32cube.ide.mcu.rcp.product_1.10.1_492108868_linux_gtk_x86_64/plugins/com.st.stm32cube.ide.mcu.externaltools.gnu-tools-for-stm32.10.3-2021.10.linux64_1.0.100.202210260954/tools/bin/../lib/gcc/arm-none-eabi/10.3.1/../../../../arm-none-eabi/lib/thumb/v7e-m+fp/hard/libc_nano.a(lib_a-gdtoa-hexnan.o)
                0x000000000800eaa8                __match
 .text.__hexnan
                0x000000000800ead0      0x138 /home/saloutos/.eclipse/com.st.stm32cube.ide.mcu.rcp.product_1.10.1_492108868_linux_gtk_x86_64/plugins/com.st.stm32cube.ide.mcu.externaltools.gnu-tools-for-stm32.10.3-2021.10.linux64_1.0.100.202210260954/tools/bin/../lib/gcc/arm-none-eabi/10.3.1/../../../../arm-none-eabi/lib/thumb/v7e-m+fp/hard/libc_nano.a(lib_a-gdtoa-hexnan.o)
                0x000000000800ead0                __hexnan
 .text._localeconv_r
                0x000000000800ec08        0x8 /home/saloutos/.eclipse/com.st.stm32cube.ide.mcu.rcp.product_1.10.1_492108868_linux_gtk_x86_64/plugins/com.st.stm32cube.ide.mcu.externaltools.gnu-tools-for-stm32.10.3-2021.10.linux64_1.0.100.202210260954/tools/bin/../lib/gcc/arm-none-eabi/10.3.1/../../../../arm-none-eabi/lib/thumb/v7e-m+fp/hard/libc_nano.a(lib_a-localeconv.o)
                0x000000000800ec08                _localeconv_r
 .text.__retarget_lock_init_recursive
                0x000000000800ec10        0x2 /home/saloutos/.eclipse/com.st.stm32cube.ide.mcu.rcp.product_1.10.1_492108868_linux_gtk_x86_64/plugins/com.st.stm32cube.ide.mcu.externaltools.gnu-tools-for-stm32.10.3-2021.10.linux64_1.0.100.202210260954/tools/bin/../lib/gcc/arm-none-eabi/10.3.1/../../../../arm-none-eabi/lib/thumb/v7e-m+fp/hard/libc_nano.a(lib_a-lock.o)
                0x000000000800ec10                __retarget_lock_init_recursive
 .text.__retarget_lock_acquire_recursive
                0x000000000800ec12        0x2 /home/saloutos/.eclipse/com.st.stm32cube.ide.mcu.rcp.product_1.10.1_492108868_linux_gtk_x86_64/plugins/com.st.stm32cube.ide.mcu.externaltools.gnu-tools-for-stm32.10.3-2021.10.linux64_1.0.100.202210260954/tools/bin/../lib/gcc/arm-none-eabi/10.3.1/../../../../arm-none-eabi/lib/thumb/v7e-m+fp/hard/libc_nano.a(lib_a-lock.o)
                0x000000000800ec12                __retarget_lock_acquire_recursive
 .text.__retarget_lock_release_recursive
                0x000000000800ec14        0x2 /home/saloutos/.eclipse/com.st.stm32cube.ide.mcu.rcp.product_1.10.1_492108868_linux_gtk_x86_64/plugins/com.st.stm32cube.ide.mcu.externaltools.gnu-tools-for-stm32.10.3-2021.10.linux64_1.0.100.202210260954/tools/bin/../lib/gcc/arm-none-eabi/10.3.1/../../../../arm-none-eabi/lib/thumb/v7e-m+fp/hard/libc_nano.a(lib_a-lock.o)
                0x000000000800ec14                __retarget_lock_release_recursive
 .text.__swhatbuf_r
                0x000000000800ec16       0x4a /home/saloutos/.eclipse/com.st.stm32cube.ide.mcu.rcp.product_1.10.1_492108868_linux_gtk_x86_64/plugins/com.st.stm32cube.ide.mcu.externaltools.gnu-tools-for-stm32.10.3-2021.10.linux64_1.0.100.202210260954/tools/bin/../lib/gcc/arm-none-eabi/10.3.1/../../../../arm-none-eabi/lib/thumb/v7e-m+fp/hard/libc_nano.a(lib_a-makebuf.o)
                0x000000000800ec16                __swhatbuf_r
 .text.__smakebuf_r
                0x000000000800ec60       0x80 /home/saloutos/.eclipse/com.st.stm32cube.ide.mcu.rcp.product_1.10.1_492108868_linux_gtk_x86_64/plugins/com.st.stm32cube.ide.mcu.externaltools.gnu-tools-for-stm32.10.3-2021.10.linux64_1.0.100.202210260954/tools/bin/../lib/gcc/arm-none-eabi/10.3.1/../../../../arm-none-eabi/lib/thumb/v7e-m+fp/hard/libc_nano.a(lib_a-makebuf.o)
                0x000000000800ec60                __smakebuf_r
 .text.malloc   0x000000000800ece0       0x10 /home/saloutos/.eclipse/com.st.stm32cube.ide.mcu.rcp.product_1.10.1_492108868_linux_gtk_x86_64/plugins/com.st.stm32cube.ide.mcu.externaltools.gnu-tools-for-stm32.10.3-2021.10.linux64_1.0.100.202210260954/tools/bin/../lib/gcc/arm-none-eabi/10.3.1/../../../../arm-none-eabi/lib/thumb/v7e-m+fp/hard/libc_nano.a(lib_a-malloc.o)
                0x000000000800ece0                malloc
 .text.__ascii_mbtowc
                0x000000000800ecf0       0x24 /home/saloutos/.eclipse/com.st.stm32cube.ide.mcu.rcp.product_1.10.1_492108868_linux_gtk_x86_64/plugins/com.st.stm32cube.ide.mcu.externaltools.gnu-tools-for-stm32.10.3-2021.10.linux64_1.0.100.202210260954/tools/bin/../lib/gcc/arm-none-eabi/10.3.1/../../../../arm-none-eabi/lib/thumb/v7e-m+fp/hard/libc_nano.a(lib_a-mbtowc_r.o)
                0x000000000800ecf0                __ascii_mbtowc
 .text._Balloc  0x000000000800ed14       0x80 /home/saloutos/.eclipse/com.st.stm32cube.ide.mcu.rcp.product_1.10.1_492108868_linux_gtk_x86_64/plugins/com.st.stm32cube.ide.mcu.externaltools.gnu-tools-for-stm32.10.3-2021.10.linux64_1.0.100.202210260954/tools/bin/../lib/gcc/arm-none-eabi/10.3.1/../../../../arm-none-eabi/lib/thumb/v7e-m+fp/hard/libc_nano.a(lib_a-mprec.o)
                0x000000000800ed14                _Balloc
 .text._Bfree   0x000000000800ed94       0x44 /home/saloutos/.eclipse/com.st.stm32cube.ide.mcu.rcp.product_1.10.1_492108868_linux_gtk_x86_64/plugins/com.st.stm32cube.ide.mcu.externaltools.gnu-tools-for-stm32.10.3-2021.10.linux64_1.0.100.202210260954/tools/bin/../lib/gcc/arm-none-eabi/10.3.1/../../../../arm-none-eabi/lib/thumb/v7e-m+fp/hard/libc_nano.a(lib_a-mprec.o)
                0x000000000800ed94                _Bfree
 .text.__multadd
                0x000000000800edd8       0x8c /home/saloutos/.eclipse/com.st.stm32cube.ide.mcu.rcp.product_1.10.1_492108868_linux_gtk_x86_64/plugins/com.st.stm32cube.ide.mcu.externaltools.gnu-tools-for-stm32.10.3-2021.10.linux64_1.0.100.202210260954/tools/bin/../lib/gcc/arm-none-eabi/10.3.1/../../../../arm-none-eabi/lib/thumb/v7e-m+fp/hard/libc_nano.a(lib_a-mprec.o)
                0x000000000800edd8                __multadd
 .text.__s2b    0x000000000800ee64       0x94 /home/saloutos/.eclipse/com.st.stm32cube.ide.mcu.rcp.product_1.10.1_492108868_linux_gtk_x86_64/plugins/com.st.stm32cube.ide.mcu.externaltools.gnu-tools-for-stm32.10.3-2021.10.linux64_1.0.100.202210260954/tools/bin/../lib/gcc/arm-none-eabi/10.3.1/../../../../arm-none-eabi/lib/thumb/v7e-m+fp/hard/libc_nano.a(lib_a-mprec.o)
                0x000000000800ee64                __s2b
 .text.__hi0bits
                0x000000000800eef8       0x40 /home/saloutos/.eclipse/com.st.stm32cube.ide.mcu.rcp.product_1.10.1_492108868_linux_gtk_x86_64/plugins/com.st.stm32cube.ide.mcu.externaltools.gnu-tools-for-stm32.10.3-2021.10.linux64_1.0.100.202210260954/tools/bin/../lib/gcc/arm-none-eabi/10.3.1/../../../../arm-none-eabi/lib/thumb/v7e-m+fp/hard/libc_nano.a(lib_a-mprec.o)
                0x000000000800eef8                __hi0bits
 .text.__lo0bits
                0x000000000800ef38       0x5e /home/saloutos/.eclipse/com.st.stm32cube.ide.mcu.rcp.product_1.10.1_492108868_linux_gtk_x86_64/plugins/com.st.stm32cube.ide.mcu.externaltools.gnu-tools-for-stm32.10.3-2021.10.linux64_1.0.100.202210260954/tools/bin/../lib/gcc/arm-none-eabi/10.3.1/../../../../arm-none-eabi/lib/thumb/v7e-m+fp/hard/libc_nano.a(lib_a-mprec.o)
                0x000000000800ef38                __lo0bits
 *fill*         0x000000000800ef96        0x2 
 .text.__i2b    0x000000000800ef98       0x2c /home/saloutos/.eclipse/com.st.stm32cube.ide.mcu.rcp.product_1.10.1_492108868_linux_gtk_x86_64/plugins/com.st.stm32cube.ide.mcu.externaltools.gnu-tools-for-stm32.10.3-2021.10.linux64_1.0.100.202210260954/tools/bin/../lib/gcc/arm-none-eabi/10.3.1/../../../../arm-none-eabi/lib/thumb/v7e-m+fp/hard/libc_nano.a(lib_a-mprec.o)
                0x000000000800ef98                __i2b
 .text.__multiply
                0x000000000800efc4      0x154 /home/saloutos/.eclipse/com.st.stm32cube.ide.mcu.rcp.product_1.10.1_492108868_linux_gtk_x86_64/plugins/com.st.stm32cube.ide.mcu.externaltools.gnu-tools-for-stm32.10.3-2021.10.linux64_1.0.100.202210260954/tools/bin/../lib/gcc/arm-none-eabi/10.3.1/../../../../arm-none-eabi/lib/thumb/v7e-m+fp/hard/libc_nano.a(lib_a-mprec.o)
                0x000000000800efc4                __multiply
 .text.__pow5mult
                0x000000000800f118       0xb4 /home/saloutos/.eclipse/com.st.stm32cube.ide.mcu.rcp.product_1.10.1_492108868_linux_gtk_x86_64/plugins/com.st.stm32cube.ide.mcu.externaltools.gnu-tools-for-stm32.10.3-2021.10.linux64_1.0.100.202210260954/tools/bin/../lib/gcc/arm-none-eabi/10.3.1/../../../../arm-none-eabi/lib/thumb/v7e-m+fp/hard/libc_nano.a(lib_a-mprec.o)
                0x000000000800f118                __pow5mult
 .text.__lshift
                0x000000000800f1cc       0xe0 /home/saloutos/.eclipse/com.st.stm32cube.ide.mcu.rcp.product_1.10.1_492108868_linux_gtk_x86_64/plugins/com.st.stm32cube.ide.mcu.externaltools.gnu-tools-for-stm32.10.3-2021.10.linux64_1.0.100.202210260954/tools/bin/../lib/gcc/arm-none-eabi/10.3.1/../../../../arm-none-eabi/lib/thumb/v7e-m+fp/hard/libc_nano.a(lib_a-mprec.o)
                0x000000000800f1cc                __lshift
 .text.__mcmp   0x000000000800f2ac       0x38 /home/saloutos/.eclipse/com.st.stm32cube.ide.mcu.rcp.product_1.10.1_492108868_linux_gtk_x86_64/plugins/com.st.stm32cube.ide.mcu.externaltools.gnu-tools-for-stm32.10.3-2021.10.linux64_1.0.100.202210260954/tools/bin/../lib/gcc/arm-none-eabi/10.3.1/../../../../arm-none-eabi/lib/thumb/v7e-m+fp/hard/libc_nano.a(lib_a-mprec.o)
                0x000000000800f2ac                __mcmp
 .text.__mdiff  0x000000000800f2e4      0x114 /home/saloutos/.eclipse/com.st.stm32cube.ide.mcu.rcp.product_1.10.1_492108868_linux_gtk_x86_64/plugins/com.st.stm32cube.ide.mcu.externaltools.gnu-tools-for-stm32.10.3-2021.10.linux64_1.0.100.202210260954/tools/bin/../lib/gcc/arm-none-eabi/10.3.1/../../../../arm-none-eabi/lib/thumb/v7e-m+fp/hard/libc_nano.a(lib_a-mprec.o)
                0x000000000800f2e4                __mdiff
 .text.__ulp    0x000000000800f3f8       0x58 /home/saloutos/.eclipse/com.st.stm32cube.ide.mcu.rcp.product_1.10.1_492108868_linux_gtk_x86_64/plugins/com.st.stm32cube.ide.mcu.externaltools.gnu-tools-for-stm32.10.3-2021.10.linux64_1.0.100.202210260954/tools/bin/../lib/gcc/arm-none-eabi/10.3.1/../../../../arm-none-eabi/lib/thumb/v7e-m+fp/hard/libc_nano.a(lib_a-mprec.o)
                0x000000000800f3f8                __ulp
 .text.__b2d    0x000000000800f450       0xa0 /home/saloutos/.eclipse/com.st.stm32cube.ide.mcu.rcp.product_1.10.1_492108868_linux_gtk_x86_64/plugins/com.st.stm32cube.ide.mcu.externaltools.gnu-tools-for-stm32.10.3-2021.10.linux64_1.0.100.202210260954/tools/bin/../lib/gcc/arm-none-eabi/10.3.1/../../../../arm-none-eabi/lib/thumb/v7e-m+fp/hard/libc_nano.a(lib_a-mprec.o)
                0x000000000800f450                __b2d
 .text.__d2b    0x000000000800f4f0       0xb8 /home/saloutos/.eclipse/com.st.stm32cube.ide.mcu.rcp.product_1.10.1_492108868_linux_gtk_x86_64/plugins/com.st.stm32cube.ide.mcu.externaltools.gnu-tools-for-stm32.10.3-2021.10.linux64_1.0.100.202210260954/tools/bin/../lib/gcc/arm-none-eabi/10.3.1/../../../../arm-none-eabi/lib/thumb/v7e-m+fp/hard/libc_nano.a(lib_a-mprec.o)
                0x000000000800f4f0                __d2b
 .text.__ratio  0x000000000800f5a8       0x66 /home/saloutos/.eclipse/com.st.stm32cube.ide.mcu.rcp.product_1.10.1_492108868_linux_gtk_x86_64/plugins/com.st.stm32cube.ide.mcu.externaltools.gnu-tools-for-stm32.10.3-2021.10.linux64_1.0.100.202210260954/tools/bin/../lib/gcc/arm-none-eabi/10.3.1/../../../../arm-none-eabi/lib/thumb/v7e-m+fp/hard/libc_nano.a(lib_a-mprec.o)
                0x000000000800f5a8                __ratio
 .text.__copybits
                0x000000000800f60e       0x46 /home/saloutos/.eclipse/com.st.stm32cube.ide.mcu.rcp.product_1.10.1_492108868_linux_gtk_x86_64/plugins/com.st.stm32cube.ide.mcu.externaltools.gnu-tools-for-stm32.10.3-2021.10.linux64_1.0.100.202210260954/tools/bin/../lib/gcc/arm-none-eabi/10.3.1/../../../../arm-none-eabi/lib/thumb/v7e-m+fp/hard/libc_nano.a(lib_a-mprec.o)
                0x000000000800f60e                __copybits
 .text.__any_on
                0x000000000800f654       0x42 /home/saloutos/.eclipse/com.st.stm32cube.ide.mcu.rcp.product_1.10.1_492108868_linux_gtk_x86_64/plugins/com.st.stm32cube.ide.mcu.externaltools.gnu-tools-for-stm32.10.3-2021.10.linux64_1.0.100.202210260954/tools/bin/../lib/gcc/arm-none-eabi/10.3.1/../../../../arm-none-eabi/lib/thumb/v7e-m+fp/hard/libc_nano.a(lib_a-mprec.o)
                0x000000000800f654                __any_on
 .text._calloc_r
                0x000000000800f696       0x2c /home/saloutos/.eclipse/com.st.stm32cube.ide.mcu.rcp.product_1.10.1_492108868_linux_gtk_x86_64/plugins/com.st.stm32cube.ide.mcu.externaltools.gnu-tools-for-stm32.10.3-2021.10.linux64_1.0.100.202210260954/tools/bin/../lib/gcc/arm-none-eabi/10.3.1/../../../../arm-none-eabi/lib/thumb/v7e-m+fp/hard/libc_nano.a(lib_a-nano-callocr.o)
                0x000000000800f696                _calloc_r
 *fill*         0x000000000800f6c2        0x2 
 .text._free_r  0x000000000800f6c4       0x98 /home/saloutos/.eclipse/com.st.stm32cube.ide.mcu.rcp.product_1.10.1_492108868_linux_gtk_x86_64/plugins/com.st.stm32cube.ide.mcu.externaltools.gnu-tools-for-stm32.10.3-2021.10.linux64_1.0.100.202210260954/tools/bin/../lib/gcc/arm-none-eabi/10.3.1/../../../../arm-none-eabi/lib/thumb/v7e-m+fp/hard/libc_nano.a(lib_a-nano-freer.o)
                0x000000000800f6c4                _free_r
 .text.sbrk_aligned
                0x000000000800f75c       0x40 /home/saloutos/.eclipse/com.st.stm32cube.ide.mcu.rcp.product_1.10.1_492108868_linux_gtk_x86_64/plugins/com.st.stm32cube.ide.mcu.externaltools.gnu-tools-for-stm32.10.3-2021.10.linux64_1.0.100.202210260954/tools/bin/../lib/gcc/arm-none-eabi/10.3.1/../../../../arm-none-eabi/lib/thumb/v7e-m+fp/hard/libc_nano.a(lib_a-nano-mallocr.o)
 .text._malloc_r
                0x000000000800f79c       0xe8 /home/saloutos/.eclipse/com.st.stm32cube.ide.mcu.rcp.product_1.10.1_492108868_linux_gtk_x86_64/plugins/com.st.stm32cube.ide.mcu.externaltools.gnu-tools-for-stm32.10.3-2021.10.linux64_1.0.100.202210260954/tools/bin/../lib/gcc/arm-none-eabi/10.3.1/../../../../arm-none-eabi/lib/thumb/v7e-m+fp/hard/libc_nano.a(lib_a-nano-mallocr.o)
                0x000000000800f79c                _malloc_r
 .text.__sfputc_r
                0x000000000800f884       0x2e /home/saloutos/.eclipse/com.st.stm32cube.ide.mcu.rcp.product_1.10.1_492108868_linux_gtk_x86_64/plugins/com.st.stm32cube.ide.mcu.externaltools.gnu-tools-for-stm32.10.3-2021.10.linux64_1.0.100.202210260954/tools/bin/../lib/gcc/arm-none-eabi/10.3.1/../../../../arm-none-eabi/lib/thumb/v7e-m+fp/hard/libc_nano.a(lib_a-nano-vfprintf.o)
 .text.__sfputs_r
                0x000000000800f8b2       0x24 /home/saloutos/.eclipse/com.st.stm32cube.ide.mcu.rcp.product_1.10.1_492108868_linux_gtk_x86_64/plugins/com.st.stm32cube.ide.mcu.externaltools.gnu-tools-for-stm32.10.3-2021.10.linux64_1.0.100.202210260954/tools/bin/../lib/gcc/arm-none-eabi/10.3.1/../../../../arm-none-eabi/lib/thumb/v7e-m+fp/hard/libc_nano.a(lib_a-nano-vfprintf.o)
                0x000000000800f8b2                __sfputs_r
 *fill*         0x000000000800f8d6        0x2 
 .text._vfprintf_r
                0x000000000800f8d8      0x260 /home/saloutos/.eclipse/com.st.stm32cube.ide.mcu.rcp.product_1.10.1_492108868_linux_gtk_x86_64/plugins/com.st.stm32cube.ide.mcu.externaltools.gnu-tools-for-stm32.10.3-2021.10.linux64_1.0.100.202210260954/tools/bin/../lib/gcc/arm-none-eabi/10.3.1/../../../../arm-none-eabi/lib/thumb/v7e-m+fp/hard/libc_nano.a(lib_a-nano-vfprintf.o)
                0x000000000800f8d8                _vfiprintf_r
                0x000000000800f8d8                _vfprintf_r
 .text.nan      0x000000000800fb38       0x10 /home/saloutos/.eclipse/com.st.stm32cube.ide.mcu.rcp.product_1.10.1_492108868_linux_gtk_x86_64/plugins/com.st.stm32cube.ide.mcu.externaltools.gnu-tools-for-stm32.10.3-2021.10.linux64_1.0.100.202210260954/tools/bin/../lib/gcc/arm-none-eabi/10.3.1/../../../../arm-none-eabi/lib/thumb/v7e-m+fp/hard/libc_nano.a(lib_a-s_nan.o)
                0x000000000800fb38                nan
 .text._sbrk_r  0x000000000800fb48       0x20 /home/saloutos/.eclipse/com.st.stm32cube.ide.mcu.rcp.product_1.10.1_492108868_linux_gtk_x86_64/plugins/com.st.stm32cube.ide.mcu.externaltools.gnu-tools-for-stm32.10.3-2021.10.linux64_1.0.100.202210260954/tools/bin/../lib/gcc/arm-none-eabi/10.3.1/../../../../arm-none-eabi/lib/thumb/v7e-m+fp/hard/libc_nano.a(lib_a-sbrkr.o)
                0x000000000800fb48                _sbrk_r
 .text.__sread  0x000000000800fb68       0x22 /home/saloutos/.eclipse/com.st.stm32cube.ide.mcu.rcp.product_1.10.1_492108868_linux_gtk_x86_64/plugins/com.st.stm32cube.ide.mcu.externaltools.gnu-tools-for-stm32.10.3-2021.10.linux64_1.0.100.202210260954/tools/bin/../lib/gcc/arm-none-eabi/10.3.1/../../../../arm-none-eabi/lib/thumb/v7e-m+fp/hard/libc_nano.a(lib_a-stdio.o)
                0x000000000800fb68                __sread
 .text.__swrite
                0x000000000800fb8a       0x38 /home/saloutos/.eclipse/com.st.stm32cube.ide.mcu.rcp.product_1.10.1_492108868_linux_gtk_x86_64/plugins/com.st.stm32cube.ide.mcu.externaltools.gnu-tools-for-stm32.10.3-2021.10.linux64_1.0.100.202210260954/tools/bin/../lib/gcc/arm-none-eabi/10.3.1/../../../../arm-none-eabi/lib/thumb/v7e-m+fp/hard/libc_nano.a(lib_a-stdio.o)
                0x000000000800fb8a                __swrite
 .text.__sseek  0x000000000800fbc2       0x24 /home/saloutos/.eclipse/com.st.stm32cube.ide.mcu.rcp.product_1.10.1_492108868_linux_gtk_x86_64/plugins/com.st.stm32cube.ide.mcu.externaltools.gnu-tools-for-stm32.10.3-2021.10.linux64_1.0.100.202210260954/tools/bin/../lib/gcc/arm-none-eabi/10.3.1/../../../../arm-none-eabi/lib/thumb/v7e-m+fp/hard/libc_nano.a(lib_a-stdio.o)
                0x000000000800fbc2                __sseek
 .text.__sclose
                0x000000000800fbe6        0x8 /home/saloutos/.eclipse/com.st.stm32cube.ide.mcu.rcp.product_1.10.1_492108868_linux_gtk_x86_64/plugins/com.st.stm32cube.ide.mcu.externaltools.gnu-tools-for-stm32.10.3-2021.10.linux64_1.0.100.202210260954/tools/bin/../lib/gcc/arm-none-eabi/10.3.1/../../../../arm-none-eabi/lib/thumb/v7e-m+fp/hard/libc_nano.a(lib_a-stdio.o)
                0x000000000800fbe6                __sclose
 .text.strncmp  0x000000000800fbee       0x28 /home/saloutos/.eclipse/com.st.stm32cube.ide.mcu.rcp.product_1.10.1_492108868_linux_gtk_x86_64/plugins/com.st.stm32cube.ide.mcu.externaltools.gnu-tools-for-stm32.10.3-2021.10.linux64_1.0.100.202210260954/tools/bin/../lib/gcc/arm-none-eabi/10.3.1/../../../../arm-none-eabi/lib/thumb/v7e-m+fp/hard/libc_nano.a(lib_a-strncmp.o)
                0x000000000800fbee                strncmp
 .text.__ascii_wctomb
                0x000000000800fc16       0x1a /home/saloutos/.eclipse/com.st.stm32cube.ide.mcu.rcp.product_1.10.1_492108868_linux_gtk_x86_64/plugins/com.st.stm32cube.ide.mcu.externaltools.gnu-tools-for-stm32.10.3-2021.10.linux64_1.0.100.202210260954/tools/bin/../lib/gcc/arm-none-eabi/10.3.1/../../../../arm-none-eabi/lib/thumb/v7e-m+fp/hard/libc_nano.a(lib_a-wctomb_r.o)
                0x000000000800fc16                __ascii_wctomb
 .text._write_r
                0x000000000800fc30       0x24 /home/saloutos/.eclipse/com.st.stm32cube.ide.mcu.rcp.product_1.10.1_492108868_linux_gtk_x86_64/plugins/com.st.stm32cube.ide.mcu.externaltools.gnu-tools-for-stm32.10.3-2021.10.linux64_1.0.100.202210260954/tools/bin/../lib/gcc/arm-none-eabi/10.3.1/../../../../arm-none-eabi/lib/thumb/v7e-m+fp/hard/libc_nano.a(lib_a-writer.o)
                0x000000000800fc30                _write_r
 .text.__assert_func
                0x000000000800fc54       0x3c /home/saloutos/.eclipse/com.st.stm32cube.ide.mcu.rcp.product_1.10.1_492108868_linux_gtk_x86_64/plugins/com.st.stm32cube.ide.mcu.externaltools.gnu-tools-for-stm32.10.3-2021.10.linux64_1.0.100.202210260954/tools/bin/../lib/gcc/arm-none-eabi/10.3.1/../../../../arm-none-eabi/lib/thumb/v7e-m+fp/hard/libc_nano.a(lib_a-assert.o)
                0x000000000800fc54                __assert_func
 .text._close_r
                0x000000000800fc90       0x20 /home/saloutos/.eclipse/com.st.stm32cube.ide.mcu.rcp.product_1.10.1_492108868_linux_gtk_x86_64/plugins/com.st.stm32cube.ide.mcu.externaltools.gnu-tools-for-stm32.10.3-2021.10.linux64_1.0.100.202210260954/tools/bin/../lib/gcc/arm-none-eabi/10.3.1/../../../../arm-none-eabi/lib/thumb/v7e-m+fp/hard/libc_nano.a(lib_a-closer.o)
                0x000000000800fc90                _close_r
 .text.fprintf  0x000000000800fcb0       0x24 /home/saloutos/.eclipse/com.st.stm32cube.ide.mcu.rcp.product_1.10.1_492108868_linux_gtk_x86_64/plugins/com.st.stm32cube.ide.mcu.externaltools.gnu-tools-for-stm32.10.3-2021.10.linux64_1.0.100.202210260954/tools/bin/../lib/gcc/arm-none-eabi/10.3.1/../../../../arm-none-eabi/lib/thumb/v7e-m+fp/hard/libc_nano.a(lib_a-fprintf.o)
                0x000000000800fcb0                fprintf
                0x000000000800fcb0                fiprintf
 .text._fstat_r
                0x000000000800fcd4       0x24 /home/saloutos/.eclipse/com.st.stm32cube.ide.mcu.rcp.product_1.10.1_492108868_linux_gtk_x86_64/plugins/com.st.stm32cube.ide.mcu.externaltools.gnu-tools-for-stm32.10.3-2021.10.linux64_1.0.100.202210260954/tools/bin/../lib/gcc/arm-none-eabi/10.3.1/../../../../arm-none-eabi/lib/thumb/v7e-m+fp/hard/libc_nano.a(lib_a-fstatr.o)
                0x000000000800fcd4                _fstat_r
 .text._isatty_r