../Core/Src/foc.c:16:6:set_dtc	0	static
../Core/Src/foc.c:42:6:analog_sample	8	static
../Core/Src/foc.c:73:6:abc	32	static
../Core/Src/foc.c:87:6:dq0	40	static
../Core/Src/foc.c:100:6:svm	56	static
../Core/Src/foc.c:131:6:zero_current	24	static
../Core/Src/foc.c:152:6:init_controller_params	40	static
../Core/Src/foc.c:170:6:reset_foc	0	static
../Core/Src/foc.c:189:6:reset_observer	0	static
../Core/Src/foc.c:197:6:update_observer	0	static
../Core/Src/foc.c:229:7:linearize_dtc	8	static
../Core/Src/foc.c:238:6:field_weaken	16	static
../Core/Src/foc.c:251:6:commutate	32	static
../Core/Src/foc.c:306:6:torque_control	8	static
../Core/Src/foc.c:316:6:zero_commands	0	static
