../Core/Src/position_sensor.c:16:6:ps_warmup	56	static
../Core/Src/position_sensor.c:38:6:ps_sample	32	static
../Core/Src/position_sensor.c:137:6:ps_activate	24	static
../Core/Src/position_sensor.c:152:6:ps_deactivate	24	static
../Core/Src/position_sensor.c:165:6:ps_spi_status	24	static
../Core/Src/position_sensor.c:182:6:ps_abs_reset	32	static
../Core/Src/position_sensor.c:214:6:ps_non_ver	32	static
../Core/Src/position_sensor.c:245:6:ps_set_filter	32	static
../Core/Src/position_sensor.c:276:6:ps_read_reg	32	static
../Core/Src/position_sensor.c:304:6:ps_full_status	32	static
../Core/Src/position_sensor.c:359:6:ps_print	72	static
../Core/Src/position_sensor.c:391:6:ps_zero	8	static
../Core/Src/position_sensor.c:398:6:WriteLUT	0	static
../Core/Src/position_sensor.c:402:6:ps_filter_init	0	static
