../Core/Src/position_sensor.c:16:6:ps_warmup	40	static
../Core/Src/position_sensor.c:37:6:ps_sample	32	static
../Core/Src/position_sensor.c:136:6:ps_activate	24	static
../Core/Src/position_sensor.c:151:6:ps_deactivate	24	static
../Core/Src/position_sensor.c:164:6:ps_spi_status	24	static
../Core/Src/position_sensor.c:181:6:ps_abs_reset	32	static
../Core/Src/position_sensor.c:213:6:ps_non_ver	32	static
../Core/Src/position_sensor.c:244:6:ps_set_filter	32	static
../Core/Src/position_sensor.c:275:6:ps_read_reg	32	static
../Core/Src/position_sensor.c:303:6:ps_full_status	32	static
../Core/Src/position_sensor.c:358:6:ps_print	72	static
../Core/Src/position_sensor.c:390:6:ps_zero	8	static
../Core/Src/position_sensor.c:397:6:WriteLUT	0	static
../Core/Src/position_sensor.c:401:6:ps_filter_init	0	static
