Archive member included to satisfy reference by file (symbol)

/home/saloutos/.eclipse/com.st.stm32cube.ide.mcu.rcp.product_1.10.1_492108868_linux_gtk_x86_64/plugins/com.st.stm32cube.ide.mcu.externaltools.gnu-tools-for-stm32.10.3-2021.10.linux64_1.0.100.202210260954/tools/bin/../lib/gcc/arm-none-eabi/10.3.1/../../../../arm-none-eabi/lib/thumb/v7e-m+fp/hard/libc_nano.a(lib_a-atof.o)
                              ./Core/Src/fsm.o (atof)
/home/saloutos/.eclipse/com.st.stm32cube.ide.mcu.rcp.product_1.10.1_492108868_linux_gtk_x86_64/plugins/com.st.stm32cube.ide.mcu.externaltools.gnu-tools-for-stm32.10.3-2021.10.linux64_1.0.100.202210260954/tools/bin/../lib/gcc/arm-none-eabi/10.3.1/../../../../arm-none-eabi/lib/thumb/v7e-m+fp/hard/libc_nano.a(lib_a-atoi.o)
                              ./Core/Src/fsm.o (atoi)
/home/saloutos/.eclipse/com.st.stm32cube.ide.mcu.rcp.product_1.10.1_492108868_linux_gtk_x86_64/plugins/com.st.stm32cube.ide.mcu.externaltools.gnu-tools-for-stm32.10.3-2021.10.linux64_1.0.100.202210260954/tools/bin/../lib/gcc/arm-none-eabi/10.3.1/../../../../arm-none-eabi/lib/thumb/v7e-m+fp/hard/libc_nano.a(lib_a-errno.o)
                              ./Core/Src/syscalls.o (__errno)
/home/saloutos/.eclipse/com.st.stm32cube.ide.mcu.rcp.product_1.10.1_492108868_linux_gtk_x86_64/plugins/com.st.stm32cube.ide.mcu.externaltools.gnu-tools-for-stm32.10.3-2021.10.linux64_1.0.100.202210260954/tools/bin/../lib/gcc/arm-none-eabi/10.3.1/../../../../arm-none-eabi/lib/thumb/v7e-m+fp/hard/libc_nano.a(lib_a-exit.o)
                              /home/saloutos/.eclipse/com.st.stm32cube.ide.mcu.rcp.product_1.10.1_492108868_linux_gtk_x86_64/plugins/com.st.stm32cube.ide.mcu.externaltools.gnu-tools-for-stm32.10.3-2021.10.linux64_1.0.100.202210260954/tools/bin/../lib/gcc/arm-none-eabi/10.3.1/../../../../arm-none-eabi/lib/thumb/v7e-m+fp/hard/crt0.o (exit)
/home/saloutos/.eclipse/com.st.stm32cube.ide.mcu.rcp.product_1.10.1_492108868_linux_gtk_x86_64/plugins/com.st.stm32cube.ide.mcu.externaltools.gnu-tools-for-stm32.10.3-2021.10.linux64_1.0.100.202210260954/tools/bin/../lib/gcc/arm-none-eabi/10.3.1/../../../../arm-none-eabi/lib/thumb/v7e-m+fp/hard/libc_nano.a(lib_a-impure.o)
                              /home/saloutos/.eclipse/com.st.stm32cube.ide.mcu.rcp.product_1.10.1_492108868_linux_gtk_x86_64/plugins/com.st.stm32cube.ide.mcu.externaltools.gnu-tools-for-stm32.10.3-2021.10.linux64_1.0.100.202210260954/tools/bin/../lib/gcc/arm-none-eabi/10.3.1/../../../../arm-none-eabi/lib/thumb/v7e-m+fp/hard/libc_nano.a(lib_a-exit.o) (_global_impure_ptr)
/home/saloutos/.eclipse/com.st.stm32cube.ide.mcu.rcp.product_1.10.1_492108868_linux_gtk_x86_64/plugins/com.st.stm32cube.ide.mcu.externaltools.gnu-tools-for-stm32.10.3-2021.10.linux64_1.0.100.202210260954/tools/bin/../lib/gcc/arm-none-eabi/10.3.1/../../../../arm-none-eabi/lib/thumb/v7e-m+fp/hard/libc_nano.a(lib_a-init.o)
                              /home/saloutos/.eclipse/com.st.stm32cube.ide.mcu.rcp.product_1.10.1_492108868_linux_gtk_x86_64/plugins/com.st.stm32cube.ide.mcu.externaltools.gnu-tools-for-stm32.10.3-2021.10.linux64_1.0.100.202210260954/tools/bin/../lib/gcc/arm-none-eabi/10.3.1/../../../../arm-none-eabi/lib/thumb/v7e-m+fp/hard/crt0.o (__libc_init_array)
/home/saloutos/.eclipse/com.st.stm32cube.ide.mcu.rcp.product_1.10.1_492108868_linux_gtk_x86_64/plugins/com.st.stm32cube.ide.mcu.externaltools.gnu-tools-for-stm32.10.3-2021.10.linux64_1.0.100.202210260954/tools/bin/../lib/gcc/arm-none-eabi/10.3.1/../../../../arm-none-eabi/lib/thumb/v7e-m+fp/hard/libc_nano.a(lib_a-memcpy-stub.o)
                              ./Core/Src/fsm.o (memcpy)
/home/saloutos/.eclipse/com.st.stm32cube.ide.mcu.rcp.product_1.10.1_492108868_linux_gtk_x86_64/plugins/com.st.stm32cube.ide.mcu.externaltools.gnu-tools-for-stm32.10.3-2021.10.linux64_1.0.100.202210260954/tools/bin/../lib/gcc/arm-none-eabi/10.3.1/../../../../arm-none-eabi/lib/thumb/v7e-m+fp/hard/libc_nano.a(lib_a-memmove.o)
                              ./Core/Src/position_sensor.o (memmove)
/home/saloutos/.eclipse/com.st.stm32cube.ide.mcu.rcp.product_1.10.1_492108868_linux_gtk_x86_64/plugins/com.st.stm32cube.ide.mcu.externaltools.gnu-tools-for-stm32.10.3-2021.10.linux64_1.0.100.202210260954/tools/bin/../lib/gcc/arm-none-eabi/10.3.1/../../../../arm-none-eabi/lib/thumb/v7e-m+fp/hard/libc_nano.a(lib_a-memset.o)
                              /home/saloutos/.eclipse/com.st.stm32cube.ide.mcu.rcp.product_1.10.1_492108868_linux_gtk_x86_64/plugins/com.st.stm32cube.ide.mcu.externaltools.gnu-tools-for-stm32.10.3-2021.10.linux64_1.0.100.202210260954/tools/bin/../lib/gcc/arm-none-eabi/10.3.1/../../../../arm-none-eabi/lib/thumb/v7e-m+fp/hard/crt0.o (memset)
[...]
Memory Configuration

Name             Origin             Length             Attributes
RAM              0x0000000020000000 0x0000000000020000 xrw
FLASH            0x0000000008000000 0x0000000000080000 xr
*default*        0x0000000000000000 0xffffffffffffffff

Linker script and memory map

LOAD /home/saloutos/.eclipse/com.st.stm32cube.ide.mcu.rcp.product_1.10.1_492108868_linux_gtk_x86_64/plugins/com.st.stm32cube.ide.mcu.externaltools.gnu-tools-for-stm32.10.3-2021.10.linux64_1.0.100.202210260954/tools/bin/../lib/gcc/arm-none-eabi/10.3.1/thumb/v7e-m+fp/hard/crti.o
LOAD /home/saloutos/.eclipse/com.st.stm32cube.ide.mcu.rcp.product_1.10.1_492108868_linux_gtk_x86_64/plugins/com.st.stm32cube.ide.mcu.externaltools.gnu-tools-for-stm32.10.3-2021.10.linux64_1.0.100.202210260954/tools/bin/../lib/gcc/arm-none-eabi/10.3.1/thumb/v7e-m+fp/hard/crtbegin.o
LOAD /home/saloutos/.eclipse/com.st.stm32cube.ide.mcu.rcp.product_1.10.1_492108868_linux_gtk_x86_64/plugins/com.st.stm32cube.ide.mcu.externaltools.gnu-tools-for-stm32.10.3-2021.10.linux64_1.0.100.202210260954/tools/bin/../lib/gcc/arm-none-eabi/10.3.1/../../../../arm-none-eabi/lib/thumb/v7e-m+fp/hard/crt0.o
LOAD ./Core/Src/adc.o
LOAD ./Core/Src/calibration.o
LOAD ./Core/Src/can.o
LOAD ./Core/Src/drv8323.o
LOAD ./Core/Src/flash_writer.o
LOAD ./Core/Src/foc.o
LOAD ./Core/Src/fsm.o
LOAD ./Core/Src/gpio.o
LOAD ./Core/Src/main.o
LOAD ./Core/Src/math_ops.o
LOAD ./Core/Src/position_sensor.o
LOAD ./Core/Src/preference_writer.o
LOAD ./Core/Src/spi.o
LOAD ./Core/Src/stm32f4xx_flash.o
LOAD ./Core/Src/stm32f4xx_hal_msp.o
LOAD ./Core/Src/stm32f4xx_it.o
LOAD ./Core/Src/syscalls.o
LOAD ./Core/Src/sysmem.o
LOAD ./Core/Src/system_stm32f4xx.o
LOAD ./Core/Src/tim.o
LOAD ./Core/Src/usart.o
LOAD ./Core/Startup/startup_stm32f446retx.o
LOAD ./Drivers/STM32F4xx_HAL_Driver/Src/stm32f4xx_hal.o
LOAD ./Drivers/STM32F4xx_HAL_Driver/Src/stm32f4xx_hal_adc.o
LOAD ./Drivers/STM32F4xx_HAL_Driver/Src/stm32f4xx_hal_adc_ex.o
LOAD ./Drivers/STM32F4xx_HAL_Driver/Src/stm32f4xx_hal_can.o
LOAD ./Drivers/STM32F4xx_HAL_Driver/Src/stm32f4xx_hal_cortex.o
LOAD ./Drivers/STM32F4xx_HAL_Driver/Src/stm32f4xx_hal_dma.o
LOAD ./Drivers/STM32F4xx_HAL_Driver/Src/stm32f4xx_hal_dma_ex.o
LOAD ./Drivers/STM32F4xx_HAL_Driver/Src/stm32f4xx_hal_exti.o
LOAD ./Drivers/STM32F4xx_HAL_Driver/Src/stm32f4xx_hal_flash.o
LOAD ./Drivers/STM32F4xx_HAL_Driver/Src/stm32f4xx_hal_flash_ex.o
LOAD ./Drivers/STM32F4xx_HAL_Driver/Src/stm32f4xx_hal_flash_ramfunc.o
LOAD ./Drivers/STM32F4xx_HAL_Driver/Src/stm32f4xx_hal_gpio.o
LOAD ./Drivers/STM32F4xx_HAL_Driver/Src/stm32f4xx_hal_pwr.o
LOAD ./Drivers/STM32F4xx_HAL_Driver/Src/stm32f4xx_hal_pwr_ex.o
LOAD ./Drivers/STM32F4xx_HAL_Driver/Src/stm32f4xx_hal_rcc.o
LOAD ./Drivers/STM32F4xx_HAL_Driver/Src/stm32f4xx_hal_rcc_ex.o
LOAD ./Drivers/STM32F4xx_HAL_Driver/Src/stm32f4xx_hal_spi.o
LOAD ./Drivers/STM32F4xx_HAL_Driver/Src/stm32f4xx_hal_tim.o
LOAD ./Drivers/STM32F4xx_HAL_Driver/Src/stm32f4xx_hal_tim_ex.o
LOAD ./Drivers/STM32F4xx_HAL_Driver/Src/stm32f4xx_hal_uart.o
LOAD ./Drivers/STM32F4xx_HAL_Driver/Src/stm32f4xx_ll_adc.o
START GROUP
LOAD /home/saloutos/.eclipse/com.st.stm32cube.ide.mcu.rcp.product_1.10.1_492108868_linux_gtk_x86_64/plugins/com.st.stm32cube.ide.mcu.externaltools.gnu-tools-for-stm32.10.3-2021.10.linux64_1.0.100.202210260954/tools/bin/../lib/gcc/arm-none-eabi/10.3.1/../../../../arm-none-eabi/lib/thumb/v7e-m+fp/hard/libc_nano.a
LOAD /home/saloutos/.eclipse/com.st.stm32cube.ide.mcu.rcp.product_1.10.1_492108868_linux_gtk_x86_64/plugins/com.st.stm32cube.ide.mcu.externaltools.gnu-tools-for-stm32.10.3-2021.10.linux64_1.0.100.202210260954/tools/bin/../lib/gcc/arm-none-eabi/10.3.1/../../../../arm-none-eabi/lib/thumb/v7e-m+fp/hard/libm.a
END GROUP
START GROUP
LOAD /home/saloutos/.eclipse/com.st.stm32cube.ide.mcu.rcp.product_1.10.1_492108868_linux_gtk_x86_64/plugins/com.st.stm32cube.ide.mcu.externaltools.gnu-tools-for-stm32.10.3-2021.10.linux64_1.0.100.202210260954/tools/bin/../lib/gcc/arm-none-eabi/10.3.1/thumb/v7e-m+fp/hard/libgcc.a
LOAD /home/saloutos/.eclipse/com.st.stm32cube.ide.mcu.rcp.product_1.10.1_492108868_linux_gtk_x86_64/plugins/com.st.stm32cube.ide.mcu.externaltools.gnu-tools-for-stm32.10.3-2021.10.linux64_1.0.100.202210260954/tools/bin/../lib/gcc/arm-none-eabi/10.3.1/../../../../arm-none-eabi/lib/thumb/v7e-m+fp/hard/libc_nano.a
END GROUP
START GROUP
LOAD /home/saloutos/.eclipse/com.st.stm32cube.ide.mcu.rcp.product_1.10.1_492108868_linux_gtk_x86_64/plugins/com.st.stm32cube.ide.mcu.externaltools.gnu-tools-for-stm32.10.3-2021.10.linux64_1.0.100.202210260954/tools/bin/../lib/gcc/arm-none-eabi/10.3.1/thumb/v7e-m+fp/hard/libgcc.a
LOAD /home/saloutos/.eclipse/com.st.stm32cube.ide.mcu.rcp.product_1.10.1_492108868_linux_gtk_x86_64/plugins/com.st.stm32cube.ide.mcu.externaltools.gnu-tools-for-stm32.10.3-2021.10.linux64_1.0.100.202210260954/tools/bin/../lib/gcc/arm-none-eabi/10.3.1/../../../../arm-none-eabi/lib/thumb/v7e-m+fp/hard/libc_nano.a
LOAD /home/saloutos/.eclipse/com.st.stm32cube.ide.mcu.rcp.product_1.10.1_492108868_linux_gtk_x86_64/plugins/com.st.stm32cube.ide.mcu.externaltools.gnu-tools-for-stm32.10.3-2021.10.linux64_1.0.100.202210260954/tools/bin/../lib/gcc/arm-none-eabi/10.3.1/../../../../arm-none-eabi/lib/thumb/v7e-m+fp/hard/libnosys.a
END GROUP
START GROUP
LOAD /home/saloutos/.eclipse/com.st.stm32cube.ide.mcu.rcp.product_1.10.1_492108868_linux_gtk_x86_64/plugins/com.st.stm32cube.ide.mcu.externaltools.gnu-tools-for-stm32.10.3-2021.10.linux64_1.0.100.202210260954/tools/bin/../lib/gcc/arm-none-eabi/10.3.1/thumb/v7e-m+fp/hard/libgcc.a
LOAD /home/saloutos/.eclipse/com.st.stm32cube.ide.mcu.rcp.product_1.10.1_492108868_linux_gtk_x86_64/plugins/com.st.stm32cube.ide.mcu.externaltools.gnu-tools-for-stm32.10.3-2021.10.linux64_1.0.100.202210260954/tools/bin/../lib/gcc/arm-none-eabi/10.3.1/../../../../arm-none-eabi/lib/thumb/v7e-m+fp/hard/libc_nano.a
LOAD /home/saloutos/.eclipse/com.st.stm32cube.ide.mcu.rcp.product_1.10.1_492108868_linux_gtk_x86_64/plugins/com.st.stm32cube.ide.mcu.externaltools.gnu-tools-for-stm32.10.3-2021.10.linux64_1.0.100.202210260954/tools/bin/../lib/gcc/arm-none-eabi/10.3.1/../../../../arm-none-eabi/lib/thumb/v7e-m+fp/hard/libnosys.a
END GROUP
LOAD /home/saloutos/.eclipse/com.st.stm32cube.ide.mcu.rcp.product_1.10.1_492108868_linux_gtk_x86_64/plugins/com.st.stm32cube.ide.mcu.externaltools.gnu-tools-for-stm32.10.3-2021.10.linux64_1.0.100.202210260954/tools/bin/../lib/gcc/arm-none-eabi/10.3.1/thumb/v7e-m+fp/hard/crtend.o
LOAD /home/saloutos/.eclipse/com.st.stm32cube.ide.mcu.rcp.product_1.10.1_492108868_linux_gtk_x86_64/plugins/com.st.stm32cube.ide.mcu.externaltools.gnu-tools-for-stm32.10.3-2021.10.linux64_1.0.100.202210260954/tools/bin/../lib/gcc/arm-none-eabi/10.3.1/thumb/v7e-m+fp/hard/crtn.o
                0x0000000020020000                _estack = (ORIGIN (RAM) + LENGTH (RAM))
                0x0000000000000200                _Min_Heap_Size = 0x200
                0x0000000000000400                _Min_Stack_Size = 0x400

.isr_vector     0x0000000008000000      0x1c4
                0x0000000008000000                . = ALIGN (0x4)
 *(.isr_vector)
 .isr_vector    0x0000000008000000      0x1c4 ./Core/Startup/startup_stm32f446retx.o
                0x0000000008000000                g_pfnVectors
                0x00000000080001c4                . = ALIGN (0x4)

.text           0x00000000080001d0     0xb6e4
                0x00000000080001d0                . = ALIGN (0x4)
 *(.text)
 .text          0x00000000080001d0       0x40 /home/saloutos/.eclipse/com.st.stm32cube.ide.mcu.rcp.product_1.10.1_492108868_linux_gtk_x86_64/plugins/com.st.stm32cube.ide.mcu.externaltools.gnu-tools-for-stm32.10.3-2021.10.linux64_1.0.100.202210260954/tools/bin/../lib/gcc/arm-none-eabi/10.3.1/thumb/v7e-m+fp/hard/crtbegin.o
 .text          0x0000000008000210       0x10 /home/saloutos/.eclipse/com.st.stm32cube.ide.mcu.rcp.product_1.10.1_492108868_linux_gtk_x86_64/plugins/com.st.stm32cube.ide.mcu.externaltools.gnu-tools-for-stm32.10.3-2021.10.linux64_1.0.100.202210260954/tools/bin/../lib/gcc/arm-none-eabi/10.3.1/../../../../arm-none-eabi/lib/thumb/v7e-m+fp/hard/libc_nano.a(lib_a-strlen.o)
                0x0000000008000210                strlen
 .text          0x0000000008000220       0xa0 /home/saloutos/.eclipse/com.st.stm32cube.ide.mcu.rcp.product_1.10.1_492108868_linux_gtk_x86_64/plugins/com.st.stm32cube.ide.mcu.externaltools.gnu-tools-for-stm32.10.3-2021.10.linux64_1.0.100.202210260954/tools/bin/../lib/gcc/arm-none-eabi/10.3.1/../../../../arm-none-eabi/lib/thumb/v7e-m+fp/hard/libc_nano.a(lib_a-memchr.o)
                0x0000000008000220                memchr
 .text          0x00000000080002c0      0x378 /home/saloutos/.eclipse/com.st.stm32cube.ide.mcu.rcp.product_1.10.1_492108868_linux_gtk_x86_64/plugins/com.st.stm32cube.ide.mcu.externaltools.gnu-tools-for-stm32.10.3-2021.10.linux64_1.0.100.202210260954/tools/bin/../lib/gcc/arm-none-eabi/10.3.1/thumb/v7e-m+fp/hard/libgcc.a(_arm_addsubdf3.o)
                0x00000000080002c0                __aeabi_drsub
                0x00000000080002c8                __aeabi_dsub
                0x00000000080002c8                __subdf3
                0x00000000080002cc                __adddf3
                0x00000000080002cc                __aeabi_dadd
                0x0000000008000544                __aeabi_ui2d
                0x0000000008000544                __floatunsidf
                0x0000000008000564                __floatsidf
                0x0000000008000564                __aeabi_i2d
                0x0000000008000588                __extendsfdf2
                0x0000000008000588                __aeabi_f2d
                0x00000000080005cc                __aeabi_ul2d
                0x00000000080005cc                __floatundidf
                0x00000000080005dc                __floatdidf
                0x00000000080005dc                __aeabi_l2d
 .text          0x0000000008000638      0x424 /home/saloutos/.eclipse/com.st.stm32cube.ide.mcu.rcp.product_1.10.1_492108868_linux_gtk_x86_64/plugins/com.st.stm32cube.ide.mcu.externaltools.gnu-tools-for-stm32.10.3-2021.10.linux64_1.0.100.202210260954/tools/bin/../lib/gcc/arm-none-eabi/10.3.1/thumb/v7e-m+fp/hard/libgcc.a(_arm_muldivdf3.o)
                0x0000000008000638                __aeabi_dmul
                0x0000000008000638                __muldf3
                0x000000000800088c                __aeabi_ddiv
                0x000000000800088c                __divdf3
 .text          0x0000000008000a5c      0x110 /home/saloutos/.eclipse/com.st.stm32cube.ide.mcu.rcp.product_1.10.1_492108868_linux_gtk_x86_64/plugins/com.st.stm32cube.ide.mcu.externaltools.gnu-tools-for-stm32.10.3-2021.10.linux64_1.0.100.202210260954/tools/bin/../lib/gcc/arm-none-eabi/10.3.1/thumb/v7e-m+fp/hard/libgcc.a(_arm_cmpdf2.o)
                0x0000000008000a5c                __gtdf2
                0x0000000008000a5c                __gedf2
                0x0000000008000a64                __ltdf2
                0x0000000008000a64                __ledf2
                0x0000000008000a6c                __cmpdf2
                0x0000000008000a6c                __eqdf2
                0x0000000008000a6c                __nedf2
                0x0000000008000ae8                __aeabi_cdrcmple
                0x0000000008000af8                __aeabi_cdcmple
                0x0000000008000af8                __aeabi_cdcmpeq
                0x0000000008000b08                __aeabi_dcmpeq
                0x0000000008000b1c                __aeabi_dcmplt
                0x0000000008000b30                __aeabi_dcmple
                0x0000000008000b44                __aeabi_dcmpge
                0x0000000008000b58                __aeabi_dcmpgt
 .text          0x0000000008000b6c       0x2c /home/saloutos/.eclipse/com.st.stm32cube.ide.mcu.rcp.product_1.10.1_492108868_linux_gtk_x86_64/plugins/com.st.stm32cube.ide.mcu.externaltools.gnu-tools-for-stm32.10.3-2021.10.linux64_1.0.100.202210260954/tools/bin/../lib/gcc/arm-none-eabi/10.3.1/thumb/v7e-m+fp/hard/libgcc.a(_arm_unorddf2.o)
                0x0000000008000b6c                __aeabi_dcmpun
                0x0000000008000b6c                __unorddf2
 .text          0x0000000008000b98       0x50 /home/saloutos/.eclipse/com.st.stm32cube.ide.mcu.rcp.product_1.10.1_492108868_linux_gtk_x86_64/plugins/com.st.stm32cube.ide.mcu.externaltools.gnu-tools-for-stm32.10.3-2021.10.linux64_1.0.100.202210260954/tools/bin/../lib/gcc/arm-none-eabi/10.3.1/thumb/v7e-m+fp/hard/libgcc.a(_arm_fixdfsi.o)
                0x0000000008000b98                __fixdfsi
                0x0000000008000b98                __aeabi_d2iz
 .text          0x0000000008000be8       0x40 /home/saloutos/.eclipse/com.st.stm32cube.ide.mcu.rcp.product_1.10.1_492108868_linux_gtk_x86_64/plugins/com.st.stm32cube.ide.mcu.externaltools.gnu-tools-for-stm32.10.3-2021.10.linux64_1.0.100.202210260954/tools/bin/../lib/gcc/arm-none-eabi/10.3.1/thumb/v7e-m+fp/hard/libgcc.a(_arm_fixunsdfsi.o)
                0x0000000008000be8                __fixunsdfsi
                0x0000000008000be8                __aeabi_d2uiz
 .text          0x0000000008000c28       0xa0 /home/saloutos/.eclipse/com.st.stm32cube.ide.mcu.rcp.product_1.10.1_492108868_linux_gtk_x86_64/plugins/com.st.stm32cube.ide.mcu.externaltools.gnu-tools-for-stm32.10.3-2021.10.linux64_1.0.100.202210260954/tools/bin/../lib/gcc/arm-none-eabi/10.3.1/thumb/v7e-m+fp/hard/libgcc.a(_arm_truncdfsf2.o)
                0x0000000008000c28                __aeabi_d2f
                0x0000000008000c28                __truncdfsf2
 .text          0x0000000008000cc8       0x30 /home/saloutos/.eclipse/com.st.stm32cube.ide.mcu.rcp.product_1.10.1_492108868_linux_gtk_x86_64/plugins/com.st.stm32cube.ide.mcu.externaltools.gnu-tools-for-stm32.10.3-2021.10.linux64_1.0.100.202210260954/tools/bin/../lib/gcc/arm-none-eabi/10.3.1/thumb/v7e-m+fp/hard/libgcc.a(_aeabi_uldivmod.o)
                0x0000000008000cc8                __aeabi_uldivmod
 .text          0x0000000008000cf8       0x30 /home/saloutos/.eclipse/com.st.stm32cube.ide.mcu.rcp.product_1.10.1_492108868_linux_gtk_x86_64/plugins/com.st.stm32cube.ide.mcu.externaltools.gnu-tools-for-stm32.10.3-2021.10.linux64_1.0.100.202210260954/tools/bin/../lib/gcc/arm-none-eabi/10.3.1/thumb/v7e-m+fp/hard/libgcc.a(_fixdfdi.o)
                0x0000000008000cf8                __aeabi_d2lz
                0x0000000008000cf8                __fixdfdi
 .text          0x0000000008000d28       0x3c /home/saloutos/.eclipse/com.st.stm32cube.ide.mcu.rcp.product_1.10.1_492108868_linux_gtk_x86_64/plugins/com.st.stm32cube.ide.mcu.externaltools.gnu-tools-for-stm32.10.3-2021.10.linux64_1.0.100.202210260954/tools/bin/../lib/gcc/arm-none-eabi/10.3.1/thumb/v7e-m+fp/hard/libgcc.a(_fixunsdfdi.o)
                0x0000000008000d28                __aeabi_d2ulz
                0x0000000008000d28                __fixunsdfdi
 .text          0x0000000008000d64      0x2d0 /home/saloutos/.eclipse/com.st.stm32cube.ide.mcu.rcp.product_1.10.1_492108868_linux_gtk_x86_64/plugins/com.st.stm32cube.ide.mcu.externaltools.gnu-tools-for-stm32.10.3-2021.10.linux64_1.0.100.202210260954/tools/bin/../lib/gcc/arm-none-eabi/10.3.1/thumb/v7e-m+fp/hard/libgcc.a(_udivmoddi4.o)
                0x0000000008000d64                __udivmoddi4
 .text          0x0000000008001034        0x4 /home/saloutos/.eclipse/com.st.stm32cube.ide.mcu.rcp.product_1.10.1_492108868_linux_gtk_x86_64/plugins/com.st.stm32cube.ide.mcu.externaltools.gnu-tools-for-stm32.10.3-2021.10.linux64_1.0.100.202210260954/tools/bin/../lib/gcc/arm-none-eabi/10.3.1/thumb/v7e-m+fp/hard/libgcc.a(_dvmd_tls.o)
                0x0000000008001034                __aeabi_ldiv0
                0x0000000008001034                __aeabi_idiv0
 *(.text*)
 .text.MX_ADC1_Init
                0x0000000008001038       0x8c ./Core/Src/adc.o
                0x0000000008001038                MX_ADC1_Init
 .text.MX_ADC2_Init
                0x00000000080010c4       0x60 ./Core/Src/adc.o
                0x00000000080010c4                MX_ADC2_Init
 .text.MX_ADC3_Init
                0x0000000008001124       0x5c ./Core/Src/adc.o
                0x0000000008001124                MX_ADC3_Init
 .text.HAL_ADC_MspInit
                0x0000000008001180       0xe8 ./Core/Src/adc.o
                0x0000000008001180                HAL_ADC_MspInit
 .text.order_phases
                0x0000000008001268      0x158 ./Core/Src/calibration.o
                0x0000000008001268                order_phases
 .text.calibrate_encoder
                0x00000000080013c0      0x3ac ./Core/Src/calibration.o
                0x00000000080013c0                calibrate_encoder
 .text.MX_CAN1_Init
                0x000000000800176c       0x40 ./Core/Src/can.o
                0x000000000800176c                MX_CAN1_Init
 .text.HAL_CAN_MspInit
                0x00000000080017ac       0x6c ./Core/Src/can.o
                0x00000000080017ac                HAL_CAN_MspInit
 .text.can_rx_init
                0x0000000008001818       0x30 ./Core/Src/can.o
                0x0000000008001818                can_rx_init
 .text.can_tx_init
                0x0000000008001848       0x18 ./Core/Src/can.o
                0x0000000008001848                can_tx_init
 .text.pack_reply
                0x0000000008001860       0x70 ./Core/Src/can.o
                0x0000000008001860                pack_reply
 .text.unpack_cmd
                0x00000000080018d0       0xd0 ./Core/Src/can.o
                0x00000000080018d0                unpack_cmd
 .text.drv_spi_write
                0x00000000080019a0       0x48 ./Core/Src/drv8323.o
                0x00000000080019a0                drv_spi_write
 .text.drv_write_DCR
                0x00000000080019e8       0x46 ./Core/Src/drv8323.o
                0x00000000080019e8                drv_write_DCR
 .text.drv_write_OCPCR
                0x0000000008001a2e       0x2e ./Core/Src/drv8323.o
                0x0000000008001a2e                drv_write_OCPCR
 .text.drv_write_CSACR
                0x0000000008001a5c       0x46 ./Core/Src/drv8323.o
                0x0000000008001a5c                drv_write_CSACR
 .text.drv_enable_gd
                0x0000000008001aa2       0x3c ./Core/Src/drv8323.o
                0x0000000008001aa2                drv_enable_gd
 .text.drv_disable_gd
                0x0000000008001ade       0x3c ./Core/Src/drv8323.o
                0x0000000008001ade                drv_disable_gd
 *fill*         0x0000000008001b1a        0x2 
 .text.flash_writer_init
                0x0000000008001b1c       0x1c ./Core/Src/flash_writer.o
                0x0000000008001b1c                flash_writer_init
 .text.flash_writer_open
                0x0000000008001b38       0x28 ./Core/Src/flash_writer.o
                0x0000000008001b38                flash_writer_open
 .text.flash_writer_write_int
                0x0000000008001b60       0x18 ./Core/Src/flash_writer.o
                0x0000000008001b60                flash_writer_write_int
 .text.flash_writer_write_float
                0x0000000008001b78       0x1a ./Core/Src/flash_writer.o
                0x0000000008001b78                flash_writer_write_float
 .text.flash_writer_close
                0x0000000008001b92        0xe ./Core/Src/flash_writer.o
                0x0000000008001b92                flash_writer_close
 .text.flash_read_int
                0x0000000008001ba0       0x20 ./Core/Src/flash_writer.o
                0x0000000008001ba0                flash_read_int
 .text.flash_read_float
                0x0000000008001bc0       0x24 ./Core/Src/flash_writer.o
                0x0000000008001bc0                flash_read_float
 .text.set_dtc  0x0000000008001be4       0x88 ./Core/Src/foc.o
                0x0000000008001be4                set_dtc
 .text.analog_sample
                0x0000000008001c6c       0xa8 ./Core/Src/foc.o
                0x0000000008001c6c                analog_sample
 .text.abc      0x0000000008001d14       0x88 ./Core/Src/foc.o
                0x0000000008001d14                abc
 .text.dq0      0x0000000008001d9c       0x94 ./Core/Src/foc.o
                0x0000000008001d9c                dq0
 .text.svm      0x0000000008001e30       0xec ./Core/Src/foc.o
                0x0000000008001e30                svm
 .text.zero_current
                0x0000000008001f1c       0x40 ./Core/Src/foc.o
                0x0000000008001f1c                zero_current
 .text.init_controller_params
                0x0000000008001f5c      0x118 ./Core/Src/foc.o
                0x0000000008001f5c                init_controller_params
 .text.reset_foc
                0x0000000008002074       0x70 ./Core/Src/foc.o
                0x0000000008002074                reset_foc
 .text.commutate
                0x00000000080020e4      0x24c ./Core/Src/foc.o
                0x00000000080020e4                commutate
 .text.torque_control
                0x0000000008002330       0x60 ./Core/Src/foc.o
                0x0000000008002330                torque_control
 .text.zero_commands
                0x0000000008002390       0x1c ./Core/Src/foc.o
                0x0000000008002390                zero_commands
 .text.fsm_exit_state
                0x00000000080023ac       0x7c ./Core/Src/fsm.o
                0x00000000080023ac                fsm_exit_state
 .text.enter_menu_state
                0x0000000008002428       0x60 ./Core/Src/fsm.o
                0x0000000008002428                enter_menu_state
 .text.enter_setup_state
                0x0000000008002488      0x4d0 ./Core/Src/fsm.o
                0x0000000008002488                enter_setup_state
 .text.fsm_enter_state
                0x0000000008002958       0xa0 ./Core/Src/fsm.o
                0x0000000008002958                fsm_enter_state
 .text.run_fsm  0x00000000080029f8      0x1c0 ./Core/Src/fsm.o
                0x00000000080029f8                run_fsm
 .text.process_user_input
                0x0000000008002bb8      0x54c ./Core/Src/fsm.o
                0x0000000008002bb8                process_user_input
 .text.reset_flash_values
                0x0000000008003104      0x110 ./Core/Src/fsm.o
                0x0000000008003104                reset_flash_values
 .text.update_fsm
                0x0000000008003214       0xec ./Core/Src/fsm.o
                0x0000000008003214                update_fsm
 .text.MX_GPIO_Init
                0x0000000008003300       0xd4 ./Core/Src/gpio.o
                0x0000000008003300                MX_GPIO_Init
 .text.SystemClock_Config
                0x00000000080033d4       0x9c ./Core/Src/main.o
                0x00000000080033d4                SystemClock_Config
 .text.startup.main
                0x0000000008003470      0x6b8 ./Core/Src/main.o
                0x0000000008003470                main
 .text.Error_Handler
                0x0000000008003b28        0x2 ./Core/Src/main.o
                0x0000000008003b28                Error_Handler
 .text.fast_fmaxf
                0x0000000008003b2a       0x10 ./Core/Src/math_ops.o
                0x0000000008003b2a                fast_fmaxf
 .text.fast_fminf
                0x0000000008003b3a       0x10 ./Core/Src/math_ops.o
                0x0000000008003b3a                fast_fminf
 .text.fmaxf3   0x0000000008003b4a       0x2e ./Core/Src/math_ops.o
                0x0000000008003b4a                fmaxf3
 .text.fminf3   0x0000000008003b78       0x2e ./Core/Src/math_ops.o
                0x0000000008003b78                fminf3
 .text.limit_norm
                0x0000000008003ba6       0x52 ./Core/Src/math_ops.o
                0x0000000008003ba6                limit_norm
 .text.float_to_uint
                0x0000000008003bf8       0x2a ./Core/Src/math_ops.o
                0x0000000008003bf8                float_to_uint
 .text.uint_to_float
                0x0000000008003c22       0x2a ./Core/Src/math_ops.o
                0x0000000008003c22                uint_to_float
 .text.sin_lut  0x0000000008003c4c       0x4c ./Core/Src/math_ops.o
                0x0000000008003c4c                sin_lut
 .text.cos_lut  0x0000000008003c98       0x10 ./Core/Src/math_ops.o
                0x0000000008003c98                cos_lut
 .text.ps_warmup
                0x0000000008003ca8       0x70 ./Core/Src/position_sensor.o
                0x0000000008003ca8                ps_warmup
 .text.ps_sample
                0x0000000008003d18      0x250 ./Core/Src/position_sensor.o
                0x0000000008003d18                ps_sample
 .text.ps_print
                0x0000000008003f68       0x9c ./Core/Src/position_sensor.o
                0x0000000008003f68                ps_print
 .text.preference_writer_init
                0x0000000008004004        0xe ./Core/Src/preference_writer.o
                0x0000000008004004                preference_writer_init
 .text.preference_writer_open
                0x0000000008004012        0xe ./Core/Src/preference_writer.o
                0x0000000008004012                preference_writer_open
 .text.preference_writer_ready
                0x0000000008004020        0xe ./Core/Src/preference_writer.o
                0x0000000008004020                preference_writer_ready
 *fill*         0x000000000800402e        0x2 
 .text.preference_writer_flush
                0x0000000008004030       0x48 ./Core/Src/preference_writer.o
                0x0000000008004030                preference_writer_flush
 .text.preference_writer_load
                0x0000000008004078       0x4c ./Core/Src/preference_writer.o
                0x0000000008004078                preference_writer_load
 .text.preference_writer_close
                0x00000000080040c4        0x8 ./Core/Src/preference_writer.o
                0x00000000080040c4                preference_writer_close
 .text.MX_SPI1_Init
                0x00000000080040cc       0x4c ./Core/Src/spi.o
                0x00000000080040cc                MX_SPI1_Init
 .text.MX_SPI3_Init
                0x0000000008004118       0x44 ./Core/Src/spi.o
                0x0000000008004118                MX_SPI3_Init
 .text.HAL_SPI_MspInit
                0x000000000800415c       0xc0 ./Core/Src/spi.o
                0x000000000800415c                HAL_SPI_MspInit
 .text.FLASH_Unlock
                0x000000000800421c       0x1c ./Core/Src/stm32f4xx_flash.o
                0x000000000800421c                FLASH_Unlock
 .text.FLASH_Lock
                0x0000000008004238       0x10 ./Core/Src/stm32f4xx_flash.o
                0x0000000008004238                FLASH_Lock
 .text.FLASH_ClearFlag
                0x0000000008004248        0xc ./Core/Src/stm32f4xx_flash.o
                0x0000000008004248                FLASH_ClearFlag
 .text.FLASH_GetStatus
                0x0000000008004254       0x40 ./Core/Src/stm32f4xx_flash.o
                0x0000000008004254                FLASH_GetStatus
 .text.FLASH_WaitForLastOperation2
                0x0000000008004294       0x22 ./Core/Src/stm32f4xx_flash.o
                0x0000000008004294                FLASH_WaitForLastOperation2
 *fill*         0x00000000080042b6        0x2 
 .text.FLASH_EraseSector
                0x00000000080042b8       0x6c ./Core/Src/stm32f4xx_flash.o
                0x00000000080042b8                FLASH_EraseSector
 .text.FLASH_ProgramWord
                0x0000000008004324       0x3c ./Core/Src/stm32f4xx_flash.o
                0x0000000008004324                FLASH_ProgramWord
 .text.HAL_MspInit
                0x0000000008004360       0x3c ./Core/Src/stm32f4xx_hal_msp.o
                0x0000000008004360                HAL_MspInit
 .text.NMI_Handler
                0x000000000800439c        0x2 ./Core/Src/stm32f4xx_it.o
                0x000000000800439c                NMI_Handler
 .text.HardFault_Handler
                0x000000000800439e        0x2 ./Core/Src/stm32f4xx_it.o
                0x000000000800439e                HardFault_Handler
 .text.MemManage_Handler
                0x00000000080043a0        0x2 ./Core/Src/stm32f4xx_it.o
                0x00000000080043a0                MemManage_Handler
 .text.BusFault_Handler
                0x00000000080043a2        0x2 ./Core/Src/stm32f4xx_it.o
                0x00000000080043a2                BusFault_Handler
 .text.UsageFault_Handler
                0x00000000080043a4        0x2 ./Core/Src/stm32f4xx_it.o
                0x00000000080043a4                UsageFault_Handler
 .text.SVC_Handler
                0x00000000080043a6        0x2 ./Core/Src/stm32f4xx_it.o
                0x00000000080043a6                SVC_Handler
 .text.DebugMon_Handler
                0x00000000080043a8        0x2 ./Core/Src/stm32f4xx_it.o
                0x00000000080043a8                DebugMon_Handler
 .text.PendSV_Handler
                0x00000000080043aa        0x2 ./Core/Src/stm32f4xx_it.o
                0x00000000080043aa                PendSV_Handler
 .text.SysTick_Handler
                0x00000000080043ac        0x4 ./Core/Src/stm32f4xx_it.o
                0x00000000080043ac                SysTick_Handler
 .text.USART2_IRQHandler
                0x00000000080043b0       0x2c ./Core/Src/stm32f4xx_it.o
                0x00000000080043b0                USART2_IRQHandler
 .text.can_tx_rx
                0x00000000080043dc      0x104 ./Core/Src/stm32f4xx_it.o
                0x00000000080043dc                can_tx_rx
 .text.TIM1_UP_TIM10_IRQHandler
                0x00000000080044e0       0x5c ./Core/Src/stm32f4xx_it.o
                0x00000000080044e0                TIM1_UP_TIM10_IRQHandler
 .text._getpid  0x000000000800453c        0x4 ./Core/Src/syscalls.o
                0x000000000800453c                _getpid
 .text._kill    0x0000000008004540       0x10 ./Core/Src/syscalls.o
                0x0000000008004540                _kill
 .text._exit    0x0000000008004550        0xc ./Core/Src/syscalls.o
                0x0000000008004550                _exit
 .text._read    0x000000000800455c       0x1c ./Core/Src/syscalls.o
                0x000000000800455c                _read
 .text._write   0x0000000008004578       0x1c ./Core/Src/syscalls.o
                0x0000000008004578                _write
 .text._close   0x0000000008004594        0x6 ./Core/Src/syscalls.o
                0x0000000008004594                _close
 .text._fstat   0x000000000800459a        0xa ./Core/Src/syscalls.o
                0x000000000800459a                _fstat
 .text._isatty  0x00000000080045a4        0x4 ./Core/Src/syscalls.o
                0x00000000080045a4                _isatty
 .text._lseek   0x00000000080045a8        0x4 ./Core/Src/syscalls.o
                0x00000000080045a8                _lseek
 .text._sbrk    0x00000000080045ac       0x34 ./Core/Src/sysmem.o
                0x00000000080045ac                _sbrk
 .text.SystemInit
                0x00000000080045e0       0x1c ./Core/Src/system_stm32f4xx.o
                0x00000000080045e0                SystemInit
 .text.MX_TIM2_Init
                0x00000000080045fc       0x68 ./Core/Src/tim.o
                0x00000000080045fc                MX_TIM2_Init
 .text.MX_TIM3_Init
                0x0000000008004664       0x68 ./Core/Src/tim.o
                0x0000000008004664                MX_TIM3_Init
 .text.HAL_TIM_Base_MspInit
                0x00000000080046cc       0x88 ./Core/Src/tim.o
                0x00000000080046cc                HAL_TIM_Base_MspInit
 .text.HAL_TIM_MspPostInit
                0x0000000008004754       0x5c ./Core/Src/tim.o
                0x0000000008004754                HAL_TIM_MspPostInit
 .text.MX_TIM1_Init
                0x00000000080047b0      0x100 ./Core/Src/tim.o
                0x00000000080047b0                MX_TIM1_Init
 .text.delay_us
                0x00000000080048b0       0x14 ./Core/Src/tim.o
                0x00000000080048b0                delay_us
 .text.MX_USART2_UART_Init
                0x00000000080048c4       0x38 ./Core/Src/usart.o
                0x00000000080048c4                MX_USART2_UART_Init
 .text.HAL_UART_MspInit
                0x00000000080048fc       0x7c ./Core/Src/usart.o
                0x00000000080048fc                HAL_UART_MspInit
 .text.__io_putchar
                0x0000000008004978       0x20 ./Core/Src/usart.o
                0x0000000008004978                __io_putchar
 .text.HAL_UART_RxCpltCallback
                0x0000000008004998       0x14 ./Core/Src/usart.o
                0x0000000008004998                HAL_UART_RxCpltCallback
 .text.Reset_Handler
                0x00000000080049ac       0x50 ./Core/Startup/startup_stm32f446retx.o
                0x00000000080049ac                Reset_Handler
 .text.Default_Handler
                0x00000000080049fc        0x2 ./Core/Startup/startup_stm32f446retx.o
                0x00000000080049fc                RTC_Alarm_IRQHandler
                0x00000000080049fc                EXTI2_IRQHandler
                0x00000000080049fc                TIM8_CC_IRQHandler
                0x00000000080049fc                FMPI2C1_EV_IRQHandler
                0x00000000080049fc                SPI4_IRQHandler
                0x00000000080049fc                TIM1_CC_IRQHandler
                0x00000000080049fc                DMA2_Stream5_IRQHandler
                0x00000000080049fc                DMA1_Stream5_IRQHandler
                0x00000000080049fc                PVD_IRQHandler
                0x00000000080049fc                SDIO_IRQHandler
                0x00000000080049fc                TAMP_STAMP_IRQHandler
                0x00000000080049fc                CAN2_RX1_IRQHandler
                0x00000000080049fc                EXTI3_IRQHandler
                0x00000000080049fc                TIM8_TRG_COM_TIM14_IRQHandler
                0x00000000080049fc                TIM8_UP_TIM13_IRQHandler
                0x00000000080049fc                I2C3_ER_IRQHandler
                0x00000000080049fc                EXTI0_IRQHandler
                0x00000000080049fc                I2C2_EV_IRQHandler
                0x00000000080049fc                DMA1_Stream2_IRQHandler
                0x00000000080049fc                CAN1_RX0_IRQHandler
                0x00000000080049fc                FPU_IRQHandler
                0x00000000080049fc                OTG_HS_WKUP_IRQHandler
                0x00000000080049fc                CAN2_SCE_IRQHandler
                0x00000000080049fc                DMA2_Stream2_IRQHandler
                0x00000000080049fc                SPI1_IRQHandler
                0x00000000080049fc                TIM6_DAC_IRQHandler
                0x00000000080049fc                TIM1_BRK_TIM9_IRQHandler
                0x00000000080049fc                DCMI_IRQHandler
                0x00000000080049fc                CAN2_RX0_IRQHandler
                0x00000000080049fc                DMA2_Stream3_IRQHandler
                0x00000000080049fc                SAI2_IRQHandler
                0x00000000080049fc                USART6_IRQHandler
                0x00000000080049fc                USART3_IRQHandler
                0x00000000080049fc                CAN1_RX1_IRQHandler
                0x00000000080049fc                UART5_IRQHandler
                0x00000000080049fc                DMA2_Stream0_IRQHandler
                0x00000000080049fc                TIM4_IRQHandler
                0x00000000080049fc                QUADSPI_IRQHandler
                0x00000000080049fc                I2C1_EV_IRQHandler
                0x00000000080049fc                DMA1_Stream6_IRQHandler
                0x00000000080049fc                DMA1_Stream1_IRQHandler
                0x00000000080049fc                UART4_IRQHandler
                0x00000000080049fc                TIM3_IRQHandler
                0x00000000080049fc                RCC_IRQHandler
                0x00000000080049fc                TIM8_BRK_TIM12_IRQHandler
                0x00000000080049fc                Default_Handler
                0x00000000080049fc                CEC_IRQHandler
                0x00000000080049fc                EXTI15_10_IRQHandler
                0x00000000080049fc                ADC_IRQHandler
                0x00000000080049fc                DMA1_Stream7_IRQHandler
                0x00000000080049fc                TIM7_IRQHandler
                0x00000000080049fc                CAN2_TX_IRQHandler
                0x00000000080049fc                TIM5_IRQHandler
                0x00000000080049fc                DMA2_Stream7_IRQHandler
                0x00000000080049fc                I2C3_EV_IRQHandler
                0x00000000080049fc                EXTI9_5_IRQHandler
                0x00000000080049fc                RTC_WKUP_IRQHandler
                0x00000000080049fc                SPDIF_RX_IRQHandler
                0x00000000080049fc                SPI2_IRQHandler
                0x00000000080049fc                OTG_HS_EP1_IN_IRQHandler
                0x00000000080049fc                DMA1_Stream0_IRQHandler
                0x00000000080049fc                CAN1_TX_IRQHandler
                0x00000000080049fc                FMPI2C1_ER_IRQHandler
                0x00000000080049fc                EXTI4_IRQHandler
                0x00000000080049fc                OTG_HS_EP1_OUT_IRQHandler
                0x00000000080049fc                WWDG_IRQHandler
                0x00000000080049fc                TIM2_IRQHandler
                0x00000000080049fc                OTG_FS_WKUP_IRQHandler
                0x00000000080049fc                TIM1_TRG_COM_TIM11_IRQHandler
                0x00000000080049fc                OTG_HS_IRQHandler
                0x00000000080049fc                EXTI1_IRQHandler
                0x00000000080049fc                I2C2_ER_IRQHandler
                0x00000000080049fc                DMA2_Stream1_IRQHandler
                0x00000000080049fc                CAN1_SCE_IRQHandler
                0x00000000080049fc                FLASH_IRQHandler
                0x00000000080049fc                DMA2_Stream4_IRQHandler
                0x00000000080049fc                USART1_IRQHandler
                0x00000000080049fc                OTG_FS_IRQHandler
                0x00000000080049fc                SPI3_IRQHandler
                0x00000000080049fc                DMA1_Stream4_IRQHandler
                0x00000000080049fc                I2C1_ER_IRQHandler
                0x00000000080049fc                FMC_IRQHandler
                0x00000000080049fc                DMA2_Stream6_IRQHandler
                0x00000000080049fc                SAI1_IRQHandler
                0x00000000080049fc                DMA1_Stream3_IRQHandler
 *fill*         0x00000000080049fe        0x2 
 .text.HAL_InitTick
                0x0000000008004a00       0x48 ./Drivers/STM32F4xx_HAL_Driver/Src/stm32f4xx_hal.o
                0x0000000008004a00                HAL_InitTick
 .text.HAL_Init
                0x0000000008004a48       0x34 ./Drivers/STM32F4xx_HAL_Driver/Src/stm32f4xx_hal.o
                0x0000000008004a48                HAL_Init
 .text.HAL_IncTick
                0x0000000008004a7c       0x18 ./Drivers/STM32F4xx_HAL_Driver/Src/stm32f4xx_hal.o
                0x0000000008004a7c                HAL_IncTick
 .text.HAL_GetTick
                0x0000000008004a94        0xc ./Drivers/STM32F4xx_HAL_Driver/Src/stm32f4xx_hal.o
                0x0000000008004a94                HAL_GetTick
 .text.HAL_Delay
                0x0000000008004aa0       0x28 ./Drivers/STM32F4xx_HAL_Driver/Src/stm32f4xx_hal.o
                0x0000000008004aa0                HAL_Delay
 .text.HAL_ADC_Init
                0x0000000008004ac8      0x14c ./Drivers/STM32F4xx_HAL_Driver/Src/stm32f4xx_hal_adc.o
                0x0000000008004ac8                HAL_ADC_Init
 .text.HAL_ADC_Start
                0x0000000008004c14      0x108 ./Drivers/STM32F4xx_HAL_Driver/Src/stm32f4xx_hal_adc.o
                0x0000000008004c14                HAL_ADC_Start
 .text.HAL_ADC_PollForConversion
                0x0000000008004d1c       0xa6 ./Drivers/STM32F4xx_HAL_Driver/Src/stm32f4xx_hal_adc.o
                0x0000000008004d1c                HAL_ADC_PollForConversion
 .text.HAL_ADC_GetValue
                0x0000000008004dc2        0x6 ./Drivers/STM32F4xx_HAL_Driver/Src/stm32f4xx_hal_adc.o
                0x0000000008004dc2                HAL_ADC_GetValue
 .text.HAL_ADC_ConfigChannel
                0x0000000008004dc8      0x138 ./Drivers/STM32F4xx_HAL_Driver/Src/stm32f4xx_hal_adc.o
                0x0000000008004dc8                HAL_ADC_ConfigChannel
 .text.HAL_ADCEx_MultiModeConfigChannel
                0x0000000008004f00       0x50 ./Drivers/STM32F4xx_HAL_Driver/Src/stm32f4xx_hal_adc_ex.o
                0x0000000008004f00                HAL_ADCEx_MultiModeConfigChannel
 .text.HAL_CAN_Init
                0x0000000008004f50       0xf6 ./Drivers/STM32F4xx_HAL_Driver/Src/stm32f4xx_hal_can.o
                0x0000000008004f50                HAL_CAN_Init
 *fill*         0x0000000008005046        0x2 
 .text.HAL_CAN_ConfigFilter
                0x0000000008005048      0x110 ./Drivers/STM32F4xx_HAL_Driver/Src/stm32f4xx_hal_can.o
                0x0000000008005048                HAL_CAN_ConfigFilter
 .text.HAL_CAN_Start
                0x0000000008005158       0x5c ./Drivers/STM32F4xx_HAL_Driver/Src/stm32f4xx_hal_can.o
                0x0000000008005158                HAL_CAN_Start
 .text.HAL_CAN_AddTxMessage
                0x00000000080051b4       0xa0 ./Drivers/STM32F4xx_HAL_Driver/Src/stm32f4xx_hal_can.o
                0x00000000080051b4                HAL_CAN_AddTxMessage
 .text.HAL_CAN_GetRxMessage
                0x0000000008005254       0xee ./Drivers/STM32F4xx_HAL_Driver/Src/stm32f4xx_hal_can.o
                0x0000000008005254                HAL_CAN_GetRxMessage
 *fill*         0x0000000008005342        0x2 
 .text.HAL_NVIC_SetPriorityGrouping
                0x0000000008005344       0x24 ./Drivers/STM32F4xx_HAL_Driver/Src/stm32f4xx_hal_cortex.o
                0x0000000008005344                HAL_NVIC_SetPriorityGrouping
 .text.HAL_NVIC_SetPriority
                0x0000000008005368       0x64 ./Drivers/STM32F4xx_HAL_Driver/Src/stm32f4xx_hal_cortex.o
                0x0000000008005368                HAL_NVIC_SetPriority
 .text.HAL_NVIC_EnableIRQ
                0x00000000080053cc       0x1c ./Drivers/STM32F4xx_HAL_Driver/Src/stm32f4xx_hal_cortex.o
                0x00000000080053cc                HAL_NVIC_EnableIRQ
 .text.HAL_SYSTICK_Config
                0x00000000080053e8       0x28 ./Drivers/STM32F4xx_HAL_Driver/Src/stm32f4xx_hal_cortex.o
                0x00000000080053e8                HAL_SYSTICK_Config
 .text.HAL_DMA_Abort
                0x0000000008005410       0x88 ./Drivers/STM32F4xx_HAL_Driver/Src/stm32f4xx_hal_dma.o
                0x0000000008005410                HAL_DMA_Abort
 .text.HAL_DMA_Abort_IT
                0x0000000008005498       0x24 ./Drivers/STM32F4xx_HAL_Driver/Src/stm32f4xx_hal_dma.o
                0x0000000008005498                HAL_DMA_Abort_IT
 .text.HAL_GPIO_Init
                0x00000000080054bc      0x1a8 ./Drivers/STM32F4xx_HAL_Driver/Src/stm32f4xx_hal_gpio.o
                0x00000000080054bc                HAL_GPIO_Init
 .text.HAL_GPIO_WritePin
                0x0000000008005664        0xa ./Drivers/STM32F4xx_HAL_Driver/Src/stm32f4xx_hal_gpio.o
                0x0000000008005664                HAL_GPIO_WritePin
 *fill*         0x000000000800566e        0x2 
 .text.HAL_PWREx_EnableOverDrive
                0x0000000008005670       0x74 ./Drivers/STM32F4xx_HAL_Driver/Src/stm32f4xx_hal_pwr_ex.o
                0x0000000008005670                HAL_PWREx_EnableOverDrive
 .text.HAL_RCC_ClockConfig
                0x00000000080056e4      0x138 ./Drivers/STM32F4xx_HAL_Driver/Src/stm32f4xx_hal_rcc.o
                0x00000000080056e4                HAL_RCC_ClockConfig
 .text.HAL_RCC_GetPCLK1Freq
                0x000000000800581c       0x20 ./Drivers/STM32F4xx_HAL_Driver/Src/stm32f4xx_hal_rcc.o
                0x000000000800581c                HAL_RCC_GetPCLK1Freq
 .text.HAL_RCC_GetPCLK2Freq
                0x000000000800583c       0x20 ./Drivers/STM32F4xx_HAL_Driver/Src/stm32f4xx_hal_rcc.o
                0x000000000800583c                HAL_RCC_GetPCLK2Freq
 .text.HAL_RCC_GetSysClockFreq
                0x000000000800585c       0x90 ./Drivers/STM32F4xx_HAL_Driver/Src/stm32f4xx_hal_rcc_ex.o
                0x000000000800585c                HAL_RCC_GetSysClockFreq
 .text.HAL_RCC_OscConfig
                0x00000000080058ec      0x390 ./Drivers/STM32F4xx_HAL_Driver/Src/stm32f4xx_hal_rcc_ex.o
                0x00000000080058ec                HAL_RCC_OscConfig
 .text.SPI_WaitFlagStateUntilTimeout.constprop.0
                0x0000000008005c7c       0xa8 ./Drivers/STM32F4xx_HAL_Driver/Src/stm32f4xx_hal_spi.o
 .text.SPI_EndRxTxTransaction
                0x0000000008005d24       0x58 ./Drivers/STM32F4xx_HAL_Driver/Src/stm32f4xx_hal_spi.o
 .text.HAL_SPI_Init
                0x0000000008005d7c       0xb8 ./Drivers/STM32F4xx_HAL_Driver/Src/stm32f4xx_hal_spi.o
                0x0000000008005d7c                HAL_SPI_Init
 .text.HAL_SPI_TransmitReceive
                0x0000000008005e34      0x1e8 ./Drivers/STM32F4xx_HAL_Driver/Src/stm32f4xx_hal_spi.o
                0x0000000008005e34                HAL_SPI_TransmitReceive
 .text.HAL_SPI_GetState
                0x000000000800601c        0x6 ./Drivers/STM32F4xx_HAL_Driver/Src/stm32f4xx_hal_spi.o
                0x000000000800601c                HAL_SPI_GetState
 *fill*         0x0000000008006022        0x2 
 .text.TIM_OC1_SetConfig
                0x0000000008006024       0x64 ./Drivers/STM32F4xx_HAL_Driver/Src/stm32f4xx_hal_tim.o
 .text.TIM_OC3_SetConfig
                0x0000000008006088       0x6c ./Drivers/STM32F4xx_HAL_Driver/Src/stm32f4xx_hal_tim.o
 .text.TIM_OC4_SetConfig
                0x00000000080060f4       0x4c ./Drivers/STM32F4xx_HAL_Driver/Src/stm32f4xx_hal_tim.o
 .text.HAL_TIM_Base_Start
                0x0000000008006140       0x6c ./Drivers/STM32F4xx_HAL_Driver/Src/stm32f4xx_hal_tim.o
                0x0000000008006140                HAL_TIM_Base_Start
 .text.HAL_TIM_Base_Start_IT
                0x00000000080061ac       0x74 ./Drivers/STM32F4xx_HAL_Driver/Src/stm32f4xx_hal_tim.o
                0x00000000080061ac                HAL_TIM_Base_Start_IT
 .text.HAL_TIM_PWM_MspInit
                0x0000000008006220        0x2 ./Drivers/STM32F4xx_HAL_Driver/Src/stm32f4xx_hal_tim.o
                0x0000000008006220                HAL_TIM_PWM_MspInit
 .text.HAL_TIM_PeriodElapsedCallback
                0x0000000008006222        0x2 ./Drivers/STM32F4xx_HAL_Driver/Src/stm32f4xx_hal_tim.o
                0x0000000008006222                HAL_TIM_PeriodElapsedCallback
 .text.HAL_TIM_OC_DelayElapsedCallback
                0x0000000008006224        0x2 ./Drivers/STM32F4xx_HAL_Driver/Src/stm32f4xx_hal_tim.o
                0x0000000008006224                HAL_TIM_OC_DelayElapsedCallback
 .text.HAL_TIM_IC_CaptureCallback
                0x0000000008006226        0x2 ./Drivers/STM32F4xx_HAL_Driver/Src/stm32f4xx_hal_tim.o
                0x0000000008006226                HAL_TIM_IC_CaptureCallback
 .text.HAL_TIM_PWM_PulseFinishedCallback
                0x0000000008006228        0x2 ./Drivers/STM32F4xx_HAL_Driver/Src/stm32f4xx_hal_tim.o
                0x0000000008006228                HAL_TIM_PWM_PulseFinishedCallback
 .text.HAL_TIM_TriggerCallback
                0x000000000800622a        0x2 ./Drivers/STM32F4xx_HAL_Driver/Src/stm32f4xx_hal_tim.o
                0x000000000800622a                HAL_TIM_TriggerCallback
 .text.HAL_TIM_IRQHandler
                0x000000000800622c      0x144 ./Drivers/STM32F4xx_HAL_Driver/Src/stm32f4xx_hal_tim.o
                0x000000000800622c                HAL_TIM_IRQHandler
 .text.TIM_Base_SetConfig
                0x0000000008006370       0xcc ./Drivers/STM32F4xx_HAL_Driver/Src/stm32f4xx_hal_tim.o
                0x0000000008006370                TIM_Base_SetConfig
 .text.HAL_TIM_Base_Init
                0x000000000800643c       0x58 ./Drivers/STM32F4xx_HAL_Driver/Src/stm32f4xx_hal_tim.o
                0x000000000800643c                HAL_TIM_Base_Init
 .text.HAL_TIM_PWM_Init
                0x0000000008006494       0x58 ./Drivers/STM32F4xx_HAL_Driver/Src/stm32f4xx_hal_tim.o
                0x0000000008006494                HAL_TIM_PWM_Init
 .text.TIM_OC2_SetConfig
                0x00000000080064ec       0x6c ./Drivers/STM32F4xx_HAL_Driver/Src/stm32f4xx_hal_tim.o
                0x00000000080064ec                TIM_OC2_SetConfig
 .text.HAL_TIM_PWM_ConfigChannel
                0x0000000008006558       0xb8 ./Drivers/STM32F4xx_HAL_Driver/Src/stm32f4xx_hal_tim.o
                0x0000000008006558                HAL_TIM_PWM_ConfigChannel
 .text.TIM_ETR_SetConfig
                0x0000000008006610       0x14 ./Drivers/STM32F4xx_HAL_Driver/Src/stm32f4xx_hal_tim.o
                0x0000000008006610                TIM_ETR_SetConfig
 .text.HAL_TIM_ConfigClockSource
                0x0000000008006624      0x138 ./Drivers/STM32F4xx_HAL_Driver/Src/stm32f4xx_hal_tim.o
                0x0000000008006624                HAL_TIM_ConfigClockSource
 .text.TIM_CCxChannelCmd
                0x000000000800675c       0x1c ./Drivers/STM32F4xx_HAL_Driver/Src/stm32f4xx_hal_tim.o
                0x000000000800675c                TIM_CCxChannelCmd
 .text.HAL_TIM_OC_Start
                0x0000000008006778       0xd0 ./Drivers/STM32F4xx_HAL_Driver/Src/stm32f4xx_hal_tim.o
                0x0000000008006778                HAL_TIM_OC_Start
 .text.HAL_TIM_PWM_Start
                0x0000000008006848        0x4 ./Drivers/STM32F4xx_HAL_Driver/Src/stm32f4xx_hal_tim.o
                0x0000000008006848                HAL_TIM_PWM_Start
 .text.HAL_TIMEx_MasterConfigSynchronization
                0x000000000800684c       0x7c ./Drivers/STM32F4xx_HAL_Driver/Src/stm32f4xx_hal_tim_ex.o
                0x000000000800684c                HAL_TIMEx_MasterConfigSynchronization
 .text.HAL_TIMEx_ConfigBreakDeadTime
                0x00000000080068c8       0x4c ./Drivers/STM32F4xx_HAL_Driver/Src/stm32f4xx_hal_tim_ex.o
                0x00000000080068c8                HAL_TIMEx_ConfigBreakDeadTime
 .text.HAL_TIMEx_CommutCallback
                0x0000000008006914        0x2 ./Drivers/STM32F4xx_HAL_Driver/Src/stm32f4xx_hal_tim_ex.o
                0x0000000008006914                HAL_TIMEx_CommutCallback
 .text.HAL_TIMEx_BreakCallback
                0x0000000008006916        0x2 ./Drivers/STM32F4xx_HAL_Driver/Src/stm32f4xx_hal_tim_ex.o
                0x0000000008006916                HAL_TIMEx_BreakCallback
 .text.UART_EndRxTransfer
                0x0000000008006918       0x5c ./Drivers/STM32F4xx_HAL_Driver/Src/stm32f4xx_hal_uart.o
 .text.UART_SetConfig
                0x0000000008006974       0xbc ./Drivers/STM32F4xx_HAL_Driver/Src/stm32f4xx_hal_uart.o
 .text.UART_WaitOnFlagUntilTimeout.constprop.0
                0x0000000008006a30       0x6c ./Drivers/STM32F4xx_HAL_Driver/Src/stm32f4xx_hal_uart.o
 .text.HAL_UART_Init
                0x0000000008006a9c       0x5c ./Drivers/STM32F4xx_HAL_Driver/Src/stm32f4xx_hal_uart.o
                0x0000000008006a9c                HAL_UART_Init
 .text.HAL_UART_Transmit
                0x0000000008006af8       0xaa ./Drivers/STM32F4xx_HAL_Driver/Src/stm32f4xx_hal_uart.o
                0x0000000008006af8                HAL_UART_Transmit
 .text.HAL_UART_TxCpltCallback
                0x0000000008006ba2        0x2 ./Drivers/STM32F4xx_HAL_Driver/Src/stm32f4xx_hal_uart.o
                0x0000000008006ba2                HAL_UART_TxCpltCallback
 .text.HAL_UART_ErrorCallback
                0x0000000008006ba4        0x2 ./Drivers/STM32F4xx_HAL_Driver/Src/stm32f4xx_hal_uart.o
                0x0000000008006ba4                HAL_UART_ErrorCallback
 .text.UART_DMAAbortOnError
                0x0000000008006ba6       0x10 ./Drivers/STM32F4xx_HAL_Driver/Src/stm32f4xx_hal_uart.o
 .text.HAL_UARTEx_RxEventCallback
                0x0000000008006bb6        0x2 ./Drivers/STM32F4xx_HAL_Driver/Src/stm32f4xx_hal_uart.o
                0x0000000008006bb6                HAL_UARTEx_RxEventCallback
 .text.UART_Receive_IT.part.0.isra.0
                0x0000000008006bb8       0xac ./Drivers/STM32F4xx_HAL_Driver/Src/stm32f4xx_hal_uart.o
 .text.HAL_UART_IRQHandler
                0x0000000008006c64      0x2a0 ./Drivers/STM32F4xx_HAL_Driver/Src/stm32f4xx_hal_uart.o
                0x0000000008006c64                HAL_UART_IRQHandler
 .text.UART_Start_Receive_IT
                0x0000000008006f04       0x36 ./Drivers/STM32F4xx_HAL_Driver/Src/stm32f4xx_hal_uart.o
                0x0000000008006f04                UART_Start_Receive_IT
 .text.HAL_UART_Receive_IT
                0x0000000008006f3a       0x30 ./Drivers/STM32F4xx_HAL_Driver/Src/stm32f4xx_hal_uart.o
                0x0000000008006f3a                HAL_UART_Receive_IT
 .text.atof     0x0000000008006f6a        0x6 /home/saloutos/.eclipse/com.st.stm32cube.ide.mcu.rcp.product_1.10.1_492108868_linux_gtk_x86_64/plugins/com.st.stm32cube.ide.mcu.externaltools.gnu-tools-for-stm32.10.3-2021.10.linux64_1.0.100.202210260954/tools/bin/../lib/gcc/arm-none-eabi/10.3.1/../../../../arm-none-eabi/lib/thumb/v7e-m+fp/hard/libc_nano.a(lib_a-atof.o)
                0x0000000008006f6a                atof
 .text.atoi     0x0000000008006f70        0x8 /home/saloutos/.eclipse/com.st.stm32cube.ide.mcu.rcp.product_1.10.1_492108868_linux_gtk_x86_64/plugins/com.st.stm32cube.ide.mcu.externaltools.gnu-tools-for-stm32.10.3-2021.10.linux64_1.0.100.202210260954/tools/bin/../lib/gcc/arm-none-eabi/10.3.1/../../../../arm-none-eabi/lib/thumb/v7e-m+fp/hard/libc_nano.a(lib_a-atoi.o)
                0x0000000008006f70                atoi
 .text.__errno  0x0000000008006f78        0xc /home/saloutos/.eclipse/com.st.stm32cube.ide.mcu.rcp.product_1.10.1_492108868_linux_gtk_x86_64/plugins/com.st.stm32cube.ide.mcu.externaltools.gnu-tools-for-stm32.10.3-2021.10.linux64_1.0.100.202210260954/tools/bin/../lib/gcc/arm-none-eabi/10.3.1/../../../../arm-none-eabi/lib/thumb/v7e-m+fp/hard/libc_nano.a(lib_a-errno.o)
                0x0000000008006f78                __errno
 .text.__libc_init_array
                0x0000000008006f84       0x48 /home/saloutos/.eclipse/com.st.stm32cube.ide.mcu.rcp.product_1.10.1_492108868_linux_gtk_x86_64/plugins/com.st.stm32cube.ide.mcu.externaltools.gnu-tools-for-stm32.10.3-2021.10.linux64_1.0.100.202210260954/tools/bin/../lib/gcc/arm-none-eabi/10.3.1/../../../../arm-none-eabi/lib/thumb/v7e-m+fp/hard/libc_nano.a(lib_a-init.o)
                0x0000000008006f84                __libc_init_array
 .text.memcpy   0x0000000008006fcc       0x1c /home/saloutos/.eclipse/com.st.stm32cube.ide.mcu.rcp.product_1.10.1_492108868_linux_gtk_x86_64/plugins/com.st.stm32cube.ide.mcu.externaltools.gnu-tools-for-stm32.10.3-2021.10.linux64_1.0.100.202210260954/tools/bin/../lib/gcc/arm-none-eabi/10.3.1/../../../../arm-none-eabi/lib/thumb/v7e-m+fp/hard/libc_nano.a(lib_a-memcpy-stub.o)
                0x0000000008006fcc                memcpy
 .text.memmove  0x0000000008006fe8       0x34 /home/saloutos/.eclipse/com.st.stm32cube.ide.mcu.rcp.product_1.10.1_492108868_linux_gtk_x86_64/plugins/com.st.stm32cube.ide.mcu.externaltools.gnu-tools-for-stm32.10.3-2021.10.linux64_1.0.100.202210260954/tools/bin/../lib/gcc/arm-none-eabi/10.3.1/../../../../arm-none-eabi/lib/thumb/v7e-m+fp/hard/libc_nano.a(lib_a-memmove.o)
                0x0000000008006fe8                memmove
 .text.memset   0x000000000800701c       0x10 /home/saloutos/.eclipse/com.st.stm32cube.ide.mcu.rcp.product_1.10.1_492108868_linux_gtk_x86_64/plugins/com.st.stm32cube.ide.mcu.externaltools.gnu-tools-for-stm32.10.3-2021.10.linux64_1.0.100.202210260954/tools/bin/../lib/gcc/arm-none-eabi/10.3.1/../../../../arm-none-eabi/lib/thumb/v7e-m+fp/hard/libc_nano.a(lib_a-memset.o)
                0x000000000800701c                memset
 .text.__cvt    0x000000000800702c       0xc4 /home/saloutos/.eclipse/com.st.stm32cube.ide.mcu.rcp.product_1.10.1_492108868_linux_gtk_x86_64/plugins/com.st.stm32cube.ide.mcu.externaltools.gnu-tools-for-stm32.10.3-2021.10.linux64_1.0.100.202210260954/tools/bin/../lib/gcc/arm-none-eabi/10.3.1/../../../../arm-none-eabi/lib/thumb/v7e-m+fp/hard/libc_nano.a(lib_a-nano-vfprintf_float.o)
                0x000000000800702c                __cvt
 .text.__exponent
                0x00000000080070f0       0x7c /home/saloutos/.eclipse/com.st.stm32cube.ide.mcu.rcp.product_1.10.1_492108868_linux_gtk_x86_64/plugins/com.st.stm32cube.ide.mcu.externaltools.gnu-tools-for-stm32.10.3-2021.10.linux64_1.0.100.202210260954/tools/bin/../lib/gcc/arm-none-eabi/10.3.1/../../../../arm-none-eabi/lib/thumb/v7e-m+fp/hard/libc_nano.a(lib_a-nano-vfprintf_float.o)
                0x00000000080070f0                __exponent
 .text._printf_float
                0x000000000800716c      0x46c /home/saloutos/.eclipse/com.st.stm32cube.ide.mcu.rcp.product_1.10.1_492108868_linux_gtk_x86_64/plugins/com.st.stm32cube.ide.mcu.externaltools.gnu-tools-for-stm32.10.3-2021.10.linux64_1.0.100.202210260954/tools/bin/../lib/gcc/arm-none-eabi/10.3.1/../../../../arm-none-eabi/lib/thumb/v7e-m+fp/hard/libc_nano.a(lib_a-nano-vfprintf_float.o)
                0x000000000800716c                _printf_float
 .text._printf_common
                0x00000000080075d8       0xda /home/saloutos/.eclipse/com.st.stm32cube.ide.mcu.rcp.product_1.10.1_492108868_linux_gtk_x86_64/plugins/com.st.stm32cube.ide.mcu.externaltools.gnu-tools-for-stm32.10.3-2021.10.linux64_1.0.100.202210260954/tools/bin/../lib/gcc/arm-none-eabi/10.3.1/../../../../arm-none-eabi/lib/thumb/v7e-m+fp/hard/libc_nano.a(lib_a-nano-vfprintf_i.o)
                0x00000000080075d8                _printf_common
 *fill*         0x00000000080076b2        0x2 
 .text._printf_i
                0x00000000080076b4      0x24c /home/saloutos/.eclipse/com.st.stm32cube.ide.mcu.rcp.product_1.10.1_492108868_linux_gtk_x86_64/plugins/com.st.stm32cube.ide.mcu.externaltools.gnu-tools-for-stm32.10.3-2021.10.linux64_1.0.100.202210260954/tools/bin/../lib/gcc/arm-none-eabi/10.3.1/../../../../arm-none-eabi/lib/thumb/v7e-m+fp/hard/libc_nano.a(lib_a-nano-vfprintf_i.o)
                0x00000000080076b4                _printf_i
 .text.printf   0x0000000008007900       0x30 /home/saloutos/.eclipse/com.st.stm32cube.ide.mcu.rcp.product_1.10.1_492108868_linux_gtk_x86_64/plugins/com.st.stm32cube.ide.mcu.externaltools.gnu-tools-for-stm32.10.3-2021.10.linux64_1.0.100.202210260954/tools/bin/../lib/gcc/arm-none-eabi/10.3.1/../../../../arm-none-eabi/lib/thumb/v7e-m+fp/hard/libc_nano.a(lib_a-printf.o)
                0x0000000008007900                printf
                0x0000000008007900                iprintf
 .text._puts_r  0x0000000008007930       0xdc /home/saloutos/.eclipse/com.st.stm32cube.ide.mcu.rcp.product_1.10.1_492108868_linux_gtk_x86_64/plugins/com.st.stm32cube.ide.mcu.externaltools.gnu-tools-for-stm32.10.3-2021.10.linux64_1.0.100.202210260954/tools/bin/../lib/gcc/arm-none-eabi/10.3.1/../../../../arm-none-eabi/lib/thumb/v7e-m+fp/hard/libc_nano.a(lib_a-puts.o)
                0x0000000008007930                _puts_r
 .text.puts     0x0000000008007a0c       0x10 /home/saloutos/.eclipse/com.st.stm32cube.ide.mcu.rcp.product_1.10.1_492108868_linux_gtk_x86_64/plugins/com.st.stm32cube.ide.mcu.externaltools.gnu-tools-for-stm32.10.3-2021.10.linux64_1.0.100.202210260954/tools/bin/../lib/gcc/arm-none-eabi/10.3.1/../../../../arm-none-eabi/lib/thumb/v7e-m+fp/hard/libc_nano.a(lib_a-puts.o)
                0x0000000008007a0c                puts
 .text.sulp     0x0000000008007a1c       0x38 /home/saloutos/.eclipse/com.st.stm32cube.ide.mcu.rcp.product_1.10.1_492108868_linux_gtk_x86_64/plugins/com.st.stm32cube.ide.mcu.externaltools.gnu-tools-for-stm32.10.3-2021.10.linux64_1.0.100.202210260954/tools/bin/../lib/gcc/arm-none-eabi/10.3.1/../../../../arm-none-eabi/lib/thumb/v7e-m+fp/hard/libc_nano.a(lib_a-strtod.o)
 *fill*         0x0000000008007a54        0x4 
 .text._strtod_l
                0x0000000008007a58      0xc0c /home/saloutos/.eclipse/com.st.stm32cube.ide.mcu.rcp.product_1.10.1_492108868_linux_gtk_x86_64/plugins/com.st.stm32cube.ide.mcu.externaltools.gnu-tools-for-stm32.10.3-2021.10.linux64_1.0.100.202210260954/tools/bin/../lib/gcc/arm-none-eabi/10.3.1/../../../../arm-none-eabi/lib/thumb/v7e-m+fp/hard/libc_nano.a(lib_a-strtod.o)
                0x0000000008007a58                _strtod_l
 .text.strtod   0x0000000008008664       0x18 /home/saloutos/.eclipse/com.st.stm32cube.ide.mcu.rcp.product_1.10.1_492108868_linux_gtk_x86_64/plugins/com.st.stm32cube.ide.mcu.externaltools.gnu-tools-for-stm32.10.3-2021.10.linux64_1.0.100.202210260954/tools/bin/../lib/gcc/arm-none-eabi/10.3.1/../../../../arm-none-eabi/lib/thumb/v7e-m+fp/hard/libc_nano.a(lib_a-strtod.o)
                0x0000000008008664                strtod
 .text._strtol_l.constprop.0
                0x000000000800867c      0x104 /home/saloutos/.eclipse/com.st.stm32cube.ide.mcu.rcp.product_1.10.1_492108868_linux_gtk_x86_64/plugins/com.st.stm32cube.ide.mcu.externaltools.gnu-tools-for-stm32.10.3-2021.10.linux64_1.0.100.202210260954/tools/bin/../lib/gcc/arm-none-eabi/10.3.1/../../../../arm-none-eabi/lib/thumb/v7e-m+fp/hard/libc_nano.a(lib_a-strtol.o)
 .text.strtol   0x0000000008008780       0x14 /home/saloutos/.eclipse/com.st.stm32cube.ide.mcu.rcp.product_1.10.1_492108868_linux_gtk_x86_64/plugins/com.st.stm32cube.ide.mcu.externaltools.gnu-tools-for-stm32.10.3-2021.10.linux64_1.0.100.202210260954/tools/bin/../lib/gcc/arm-none-eabi/10.3.1/../../../../arm-none-eabi/lib/thumb/v7e-m+fp/hard/libc_nano.a(lib_a-strtol.o)
                0x0000000008008780                strtol
 .text.__swbuf_r
                0x0000000008008794       0xa4 /home/saloutos/.eclipse/com.st.stm32cube.ide.mcu.rcp.product_1.10.1_492108868_linux_gtk_x86_64/plugins/com.st.stm32cube.ide.mcu.externaltools.gnu-tools-for-stm32.10.3-2021.10.linux64_1.0.100.202210260954/tools/bin/../lib/gcc/arm-none-eabi/10.3.1/../../../../arm-none-eabi/lib/thumb/v7e-m+fp/hard/libc_nano.a(lib_a-wbuf.o)
                0x0000000008008794                __swbuf_r
 .text.__swsetup_r
                0x0000000008008838       0xdc /home/saloutos/.eclipse/com.st.stm32cube.ide.mcu.rcp.product_1.10.1_492108868_linux_gtk_x86_64/plugins/com.st.stm32cube.ide.mcu.externaltools.gnu-tools-for-stm32.10.3-2021.10.linux64_1.0.100.202210260954/tools/bin/../lib/gcc/arm-none-eabi/10.3.1/../../../../arm-none-eabi/lib/thumb/v7e-m+fp/hard/libc_nano.a(lib_a-wsetup.o)
                0x0000000008008838                __swsetup_r
 .text.quorem   0x0000000008008914      0x116 /home/saloutos/.eclipse/com.st.stm32cube.ide.mcu.rcp.product_1.10.1_492108868_linux_gtk_x86_64/plugins/com.st.stm32cube.ide.mcu.externaltools.gnu-tools-for-stm32.10.3-2021.10.linux64_1.0.100.202210260954/tools/bin/../lib/gcc/arm-none-eabi/10.3.1/../../../../arm-none-eabi/lib/thumb/v7e-m+fp/hard/libc_nano.a(lib_a-dtoa.o)
 *fill*         0x0000000008008a2a        0x6 
 .text._dtoa_r  0x0000000008008a30      0xbdc /home/saloutos/.eclipse/com.st.stm32cube.ide.mcu.rcp.product_1.10.1_492108868_linux_gtk_x86_64/plugins/com.st.stm32cube.ide.mcu.externaltools.gnu-tools-for-stm32.10.3-2021.10.linux64_1.0.100.202210260954/tools/bin/../lib/gcc/arm-none-eabi/10.3.1/../../../../arm-none-eabi/lib/thumb/v7e-m+fp/hard/libc_nano.a(lib_a-dtoa.o)
                0x0000000008008a30                _dtoa_r
 .text.__sflush_r
                0x000000000800960c      0x10c /home/saloutos/.eclipse/com.st.stm32cube.ide.mcu.rcp.product_1.10.1_492108868_linux_gtk_x86_64/plugins/com.st.stm32cube.ide.mcu.externaltools.gnu-tools-for-stm32.10.3-2021.10.linux64_1.0.100.202210260954/tools/bin/../lib/gcc/arm-none-eabi/10.3.1/../../../../arm-none-eabi/lib/thumb/v7e-m+fp/hard/libc_nano.a(lib_a-fflush.o)
                0x000000000800960c                __sflush_r
 .text._fflush_r
                0x0000000008009718       0x78 /home/saloutos/.eclipse/com.st.stm32cube.ide.mcu.rcp.product_1.10.1_492108868_linux_gtk_x86_64/plugins/com.st.stm32cube.ide.mcu.externaltools.gnu-tools-for-stm32.10.3-2021.10.linux64_1.0.100.202210260954/tools/bin/../lib/gcc/arm-none-eabi/10.3.1/../../../../arm-none-eabi/lib/thumb/v7e-m+fp/hard/libc_nano.a(lib_a-fflush.o)
                0x0000000008009718                _fflush_r
 .text.std      0x0000000008009790       0x48 /home/saloutos/.eclipse/com.st.stm32cube.ide.mcu.rcp.product_1.10.1_492108868_linux_gtk_x86_64/plugins/com.st.stm32cube.ide.mcu.externaltools.gnu-tools-for-stm32.10.3-2021.10.linux64_1.0.100.202210260954/tools/bin/../lib/gcc/arm-none-eabi/10.3.1/../../../../arm-none-eabi/lib/thumb/v7e-m+fp/hard/libc_nano.a(lib_a-findfp.o)
 .text._cleanup_r
                0x00000000080097d8        0xc /home/saloutos/.eclipse/com.st.stm32cube.ide.mcu.rcp.product_1.10.1_492108868_linux_gtk_x86_64/plugins/com.st.stm32cube.ide.mcu.externaltools.gnu-tools-for-stm32.10.3-2021.10.linux64_1.0.100.202210260954/tools/bin/../lib/gcc/arm-none-eabi/10.3.1/../../../../arm-none-eabi/lib/thumb/v7e-m+fp/hard/libc_nano.a(lib_a-findfp.o)
                0x00000000080097d8                _cleanup_r
 .text.__sfmoreglue
                0x00000000080097e4       0x2c /home/saloutos/.eclipse/com.st.stm32cube.ide.mcu.rcp.product_1.10.1_492108868_linux_gtk_x86_64/plugins/com.st.stm32cube.ide.mcu.externaltools.gnu-tools-for-stm32.10.3-2021.10.linux64_1.0.100.202210260954/tools/bin/../lib/gcc/arm-none-eabi/10.3.1/../../../../arm-none-eabi/lib/thumb/v7e-m+fp/hard/libc_nano.a(lib_a-findfp.o)
                0x00000000080097e4                __sfmoreglue
 .text.__sfp_lock_acquire
                0x0000000008009810        0xc /home/saloutos/.eclipse/com.st.stm32cube.ide.mcu.rcp.product_1.10.1_492108868_linux_gtk_x86_64/plugins/com.st.stm32cube.ide.mcu.externaltools.gnu-tools-for-stm32.10.3-2021.10.linux64_1.0.100.202210260954/tools/bin/../lib/gcc/arm-none-eabi/10.3.1/../../../../arm-none-eabi/lib/thumb/v7e-m+fp/hard/libc_nano.a(lib_a-findfp.o)
                0x0000000008009810                __sfp_lock_acquire
 .text.__sfp_lock_release
                0x000000000800981c        0xc /home/saloutos/.eclipse/com.st.stm32cube.ide.mcu.rcp.product_1.10.1_492108868_linux_gtk_x86_64/plugins/com.st.stm32cube.ide.mcu.externaltools.gnu-tools-for-stm32.10.3-2021.10.linux64_1.0.100.202210260954/tools/bin/../lib/gcc/arm-none-eabi/10.3.1/../../../../arm-none-eabi/lib/thumb/v7e-m+fp/hard/libc_nano.a(lib_a-findfp.o)
                0x000000000800981c                __sfp_lock_release
 .text.__sinit_lock_acquire
                0x0000000008009828        0xc /home/saloutos/.eclipse/com.st.stm32cube.ide.mcu.rcp.product_1.10.1_492108868_linux_gtk_x86_64/plugins/com.st.stm32cube.ide.mcu.externaltools.gnu-tools-for-stm32.10.3-2021.10.linux64_1.0.100.202210260954/tools/bin/../lib/gcc/arm-none-eabi/10.3.1/../../../../arm-none-eabi/lib/thumb/v7e-m+fp/hard/libc_nano.a(lib_a-findfp.o)
                0x0000000008009828                __sinit_lock_acquire
 .text.__sinit_lock_release
                0x0000000008009834        0xc /home/saloutos/.eclipse/com.st.stm32cube.ide.mcu.rcp.product_1.10.1_492108868_linux_gtk_x86_64/plugins/com.st.stm32cube.ide.mcu.externaltools.gnu-tools-for-stm32.10.3-2021.10.linux64_1.0.100.202210260954/tools/bin/../lib/gcc/arm-none-eabi/10.3.1/../../../../arm-none-eabi/lib/thumb/v7e-m+fp/hard/libc_nano.a(lib_a-findfp.o)
                0x0000000008009834                __sinit_lock_release
 .text.__sinit  0x0000000008009840       0x70 /home/saloutos/.eclipse/com.st.stm32cube.ide.mcu.rcp.product_1.10.1_492108868_linux_gtk_x86_64/plugins/com.st.stm32cube.ide.mcu.externaltools.gnu-tools-for-stm32.10.3-2021.10.linux64_1.0.100.202210260954/tools/bin/../lib/gcc/arm-none-eabi/10.3.1/../../../../arm-none-eabi/lib/thumb/v7e-m+fp/hard/libc_nano.a(lib_a-findfp.o)
                0x0000000008009840                __sinit
 .text.__sfp    0x00000000080098b0       0x8c /home/saloutos/.eclipse/com.st.stm32cube.ide.mcu.rcp.product_1.10.1_492108868_linux_gtk_x86_64/plugins/com.st.stm32cube.ide.mcu.externaltools.gnu-tools-for-stm32.10.3-2021.10.linux64_1.0.100.202210260954/tools/bin/../lib/gcc/arm-none-eabi/10.3.1/../../../../arm-none-eabi/lib/thumb/v7e-m+fp/hard/libc_nano.a(lib_a-findfp.o)
                0x00000000080098b0                __sfp
 .text._fwalk_reent
                0x000000000800993c       0x3e /home/saloutos/.eclipse/com.st.stm32cube.ide.mcu.rcp.product_1.10.1_492108868_linux_gtk_x86_64/plugins/com.st.stm32cube.ide.mcu.externaltools.gnu-tools-for-stm32.10.3-2021.10.linux64_1.0.100.202210260954/tools/bin/../lib/gcc/arm-none-eabi/10.3.1/../../../../arm-none-eabi/lib/thumb/v7e-m+fp/hard/libc_nano.a(lib_a-fwalk.o)
                0x000000000800993c                _fwalk_reent
 .text.rshift   0x000000000800997a       0xa4 /home/saloutos/.eclipse/com.st.stm32cube.ide.mcu.rcp.product_1.10.1_492108868_linux_gtk_x86_64/plugins/com.st.stm32cube.ide.mcu.externaltools.gnu-tools-for-stm32.10.3-2021.10.linux64_1.0.100.202210260954/tools/bin/../lib/gcc/arm-none-eabi/10.3.1/../../../../arm-none-eabi/lib/thumb/v7e-m+fp/hard/libc_nano.a(lib_a-gdtoa-gethex.o)
 .text.__hexdig_fun
                0x0000000008009a1e       0x2a /home/saloutos/.eclipse/com.st.stm32cube.ide.mcu.rcp.product_1.10.1_492108868_linux_gtk_x86_64/plugins/com.st.stm32cube.ide.mcu.externaltools.gnu-tools-for-stm32.10.3-2021.10.linux64_1.0.100.202210260954/tools/bin/../lib/gcc/arm-none-eabi/10.3.1/../../../../arm-none-eabi/lib/thumb/v7e-m+fp/hard/libc_nano.a(lib_a-gdtoa-gethex.o)
                0x0000000008009a1e                __hexdig_fun
 .text.__gethex
                0x0000000008009a48      0x48c /home/saloutos/.eclipse/com.st.stm32cube.ide.mcu.rcp.product_1.10.1_492108868_linux_gtk_x86_64/plugins/com.st.stm32cube.ide.mcu.externaltools.gnu-tools-for-stm32.10.3-2021.10.linux64_1.0.100.202210260954/tools/bin/../lib/gcc/arm-none-eabi/10.3.1/../../../../arm-none-eabi/lib/thumb/v7e-m+fp/hard/libc_nano.a(lib_a-gdtoa-gethex.o)
                0x0000000008009a48                __gethex
 .text.L_shift  0x0000000008009ed4       0x24 /home/saloutos/.eclipse/com.st.stm32cube.ide.mcu.rcp.product_1.10.1_492108868_linux_gtk_x86_64/plugins/com.st.stm32cube.ide.mcu.externaltools.gnu-tools-for-stm32.10.3-2021.10.linux64_1.0.100.202210260954/tools/bin/../lib/gcc/arm-none-eabi/10.3.1/../../../../arm-none-eabi/lib/thumb/v7e-m+fp/hard/libc_nano.a(lib_a-gdtoa-hexnan.o)
 .text.__match  0x0000000008009ef8       0x28 /home/saloutos/.eclipse/com.st.stm32cube.ide.mcu.rcp.product_1.10.1_492108868_linux_gtk_x86_64/plugins/com.st.stm32cube.ide.mcu.externaltools.gnu-tools-for-stm32.10.3-2021.10.linux64_1.0.100.202210260954/tools/bin/../lib/gcc/arm-none-eabi/10.3.1/../../../../arm-none-eabi/lib/thumb/v7e-m+fp/hard/libc_nano.a(lib_a-gdtoa-hexnan.o)
                0x0000000008009ef8                __match
 .text.__hexnan
                0x0000000008009f20      0x138 /home/saloutos/.eclipse/com.st.stm32cube.ide.mcu.rcp.product_1.10.1_492108868_linux_gtk_x86_64/plugins/com.st.stm32cube.ide.mcu.externaltools.gnu-tools-for-stm32.10.3-2021.10.linux64_1.0.100.202210260954/tools/bin/../lib/gcc/arm-none-eabi/10.3.1/../../../../arm-none-eabi/lib/thumb/v7e-m+fp/hard/libc_nano.a(lib_a-gdtoa-hexnan.o)
                0x0000000008009f20                __hexnan
 .text._localeconv_r
                0x000000000800a058        0x8 /home/saloutos/.eclipse/com.st.stm32cube.ide.mcu.rcp.product_1.10.1_492108868_linux_gtk_x86_64/plugins/com.st.stm32cube.ide.mcu.externaltools.gnu-tools-for-stm32.10.3-2021.10.linux64_1.0.100.202210260954/tools/bin/../lib/gcc/arm-none-eabi/10.3.1/../../../../arm-none-eabi/lib/thumb/v7e-m+fp/hard/libc_nano.a(lib_a-localeconv.o)
                0x000000000800a058                _localeconv_r
 .text.__retarget_lock_init_recursive
                0x000000000800a060        0x2 /home/saloutos/.eclipse/com.st.stm32cube.ide.mcu.rcp.product_1.10.1_492108868_linux_gtk_x86_64/plugins/com.st.stm32cube.ide.mcu.externaltools.gnu-tools-for-stm32.10.3-2021.10.linux64_1.0.100.202210260954/tools/bin/../lib/gcc/arm-none-eabi/10.3.1/../../../../arm-none-eabi/lib/thumb/v7e-m+fp/hard/libc_nano.a(lib_a-lock.o)
                0x000000000800a060                __retarget_lock_init_recursive
 .text.__retarget_lock_acquire_recursive
                0x000000000800a062        0x2 /home/saloutos/.eclipse/com.st.stm32cube.ide.mcu.rcp.product_1.10.1_492108868_linux_gtk_x86_64/plugins/com.st.stm32cube.ide.mcu.externaltools.gnu-tools-for-stm32.10.3-2021.10.linux64_1.0.100.202210260954/tools/bin/../lib/gcc/arm-none-eabi/10.3.1/../../../../arm-none-eabi/lib/thumb/v7e-m+fp/hard/libc_nano.a(lib_a-lock.o)
                0x000000000800a062                __retarget_lock_acquire_recursive
 .text.__retarget_lock_release_recursive
                0x000000000800a064        0x2 /home/saloutos/.eclipse/com.st.stm32cube.ide.mcu.rcp.product_1.10.1_492108868_linux_gtk_x86_64/plugins/com.st.stm32cube.ide.mcu.externaltools.gnu-tools-for-stm32.10.3-2021.10.linux64_1.0.100.202210260954/tools/bin/../lib/gcc/arm-none-eabi/10.3.1/../../../../arm-none-eabi/lib/thumb/v7e-m+fp/hard/libc_nano.a(lib_a-lock.o)
                0x000000000800a064                __retarget_lock_release_recursive
 .text.__swhatbuf_r
                0x000000000800a066       0x4a /home/saloutos/.eclipse/com.st.stm32cube.ide.mcu.rcp.product_1.10.1_492108868_linux_gtk_x86_64/plugins/com.st.stm32cube.ide.mcu.externaltools.gnu-tools-for-stm32.10.3-2021.10.linux64_1.0.100.202210260954/tools/bin/../lib/gcc/arm-none-eabi/10.3.1/../../../../arm-none-eabi/lib/thumb/v7e-m+fp/hard/libc_nano.a(lib_a-makebuf.o)
                0x000000000800a066                __swhatbuf_r
 .text.__smakebuf_r
                0x000000000800a0b0       0x80 /home/saloutos/.eclipse/com.st.stm32cube.ide.mcu.rcp.product_1.10.1_492108868_linux_gtk_x86_64/plugins/com.st.stm32cube.ide.mcu.externaltools.gnu-tools-for-stm32.10.3-2021.10.linux64_1.0.100.202210260954/tools/bin/../lib/gcc/arm-none-eabi/10.3.1/../../../../arm-none-eabi/lib/thumb/v7e-m+fp/hard/libc_nano.a(lib_a-makebuf.o)
                0x000000000800a0b0                __smakebuf_r
 .text.malloc   0x000000000800a130       0x10 /home/saloutos/.eclipse/com.st.stm32cube.ide.mcu.rcp.product_1.10.1_492108868_linux_gtk_x86_64/plugins/com.st.stm32cube.ide.mcu.externaltools.gnu-tools-for-stm32.10.3-2021.10.linux64_1.0.100.202210260954/tools/bin/../lib/gcc/arm-none-eabi/10.3.1/../../../../arm-none-eabi/lib/thumb/v7e-m+fp/hard/libc_nano.a(lib_a-malloc.o)
                0x000000000800a130                malloc
 .text.__ascii_mbtowc
                0x000000000800a140       0x24 /home/saloutos/.eclipse/com.st.stm32cube.ide.mcu.rcp.product_1.10.1_492108868_linux_gtk_x86_64/plugins/com.st.stm32cube.ide.mcu.externaltools.gnu-tools-for-stm32.10.3-2021.10.linux64_1.0.100.202210260954/tools/bin/../lib/gcc/arm-none-eabi/10.3.1/../../../../arm-none-eabi/lib/thumb/v7e-m+fp/hard/libc_nano.a(lib_a-mbtowc_r.o)
                0x000000000800a140                __ascii_mbtowc
 .text._Balloc  0x000000000800a164       0x80 /home/saloutos/.eclipse/com.st.stm32cube.ide.mcu.rcp.product_1.10.1_492108868_linux_gtk_x86_64/plugins/com.st.stm32cube.ide.mcu.externaltools.gnu-tools-for-stm32.10.3-2021.10.linux64_1.0.100.202210260954/tools/bin/../lib/gcc/arm-none-eabi/10.3.1/../../../../arm-none-eabi/lib/thumb/v7e-m+fp/hard/libc_nano.a(lib_a-mprec.o)
                0x000000000800a164                _Balloc
 .text._Bfree   0x000000000800a1e4       0x44 /home/saloutos/.eclipse/com.st.stm32cube.ide.mcu.rcp.product_1.10.1_492108868_linux_gtk_x86_64/plugins/com.st.stm32cube.ide.mcu.externaltools.gnu-tools-for-stm32.10.3-2021.10.linux64_1.0.100.202210260954/tools/bin/../lib/gcc/arm-none-eabi/10.3.1/../../../../arm-none-eabi/lib/thumb/v7e-m+fp/hard/libc_nano.a(lib_a-mprec.o)
                0x000000000800a1e4                _Bfree
 .text.__multadd
                0x000000000800a228       0x8c /home/saloutos/.eclipse/com.st.stm32cube.ide.mcu.rcp.product_1.10.1_492108868_linux_gtk_x86_64/plugins/com.st.stm32cube.ide.mcu.externaltools.gnu-tools-for-stm32.10.3-2021.10.linux64_1.0.100.202210260954/tools/bin/../lib/gcc/arm-none-eabi/10.3.1/../../../../arm-none-eabi/lib/thumb/v7e-m+fp/hard/libc_nano.a(lib_a-mprec.o)
                0x000000000800a228                __multadd
 .text.__s2b    0x000000000800a2b4       0x94 /home/saloutos/.eclipse/com.st.stm32cube.ide.mcu.rcp.product_1.10.1_492108868_linux_gtk_x86_64/plugins/com.st.stm32cube.ide.mcu.externaltools.gnu-tools-for-stm32.10.3-2021.10.linux64_1.0.100.202210260954/tools/bin/../lib/gcc/arm-none-eabi/10.3.1/../../../../arm-none-eabi/lib/thumb/v7e-m+fp/hard/libc_nano.a(lib_a-mprec.o)
                0x000000000800a2b4                __s2b
 .text.__hi0bits
                0x000000000800a348       0x40 /home/saloutos/.eclipse/com.st.stm32cube.ide.mcu.rcp.product_1.10.1_492108868_linux_gtk_x86_64/plugins/com.st.stm32cube.ide.mcu.externaltools.gnu-tools-for-stm32.10.3-2021.10.linux64_1.0.100.202210260954/tools/bin/../lib/gcc/arm-none-eabi/10.3.1/../../../../arm-none-eabi/lib/thumb/v7e-m+fp/hard/libc_nano.a(lib_a-mprec.o)
                0x000000000800a348                __hi0bits
 .text.__lo0bits
                0x000000000800a388       0x5e /home/saloutos/.eclipse/com.st.stm32cube.ide.mcu.rcp.product_1.10.1_492108868_linux_gtk_x86_64/plugins/com.st.stm32cube.ide.mcu.externaltools.gnu-tools-for-stm32.10.3-2021.10.linux64_1.0.100.202210260954/tools/bin/../lib/gcc/arm-none-eabi/10.3.1/../../../../arm-none-eabi/lib/thumb/v7e-m+fp/hard/libc_nano.a(lib_a-mprec.o)
                0x000000000800a388                __lo0bits
 *fill*         0x000000000800a3e6        0x2 
 .text.__i2b    0x000000000800a3e8       0x2c /home/saloutos/.eclipse/com.st.stm32cube.ide.mcu.rcp.product_1.10.1_492108868_linux_gtk_x86_64/plugins/com.st.stm32cube.ide.mcu.externaltools.gnu-tools-for-stm32.10.3-2021.10.linux64_1.0.100.202210260954/tools/bin/../lib/gcc/arm-none-eabi/10.3.1/../../../../arm-none-eabi/lib/thumb/v7e-m+fp/hard/libc_nano.a(lib_a-mprec.o)
                0x000000000800a3e8                __i2b
 .text.__multiply
                0x000000000800a414      0x154 /home/saloutos/.eclipse/com.st.stm32cube.ide.mcu.rcp.product_1.10.1_492108868_linux_gtk_x86_64/plugins/com.st.stm32cube.ide.mcu.externaltools.gnu-tools-for-stm32.10.3-2021.10.linux64_1.0.100.202210260954/tools/bin/../lib/gcc/arm-none-eabi/10.3.1/../../../../arm-none-eabi/lib/thumb/v7e-m+fp/hard/libc_nano.a(lib_a-mprec.o)
                0x000000000800a414                __multiply
 .text.__pow5mult
                0x000000000800a568       0xb4 /home/saloutos/.eclipse/com.st.stm32cube.ide.mcu.rcp.product_1.10.1_492108868_linux_gtk_x86_64/plugins/com.st.stm32cube.ide.mcu.externaltools.gnu-tools-for-stm32.10.3-2021.10.linux64_1.0.100.202210260954/tools/bin/../lib/gcc/arm-none-eabi/10.3.1/../../../../arm-none-eabi/lib/thumb/v7e-m+fp/hard/libc_nano.a(lib_a-mprec.o)
                0x000000000800a568                __pow5mult
 .text.__lshift
                0x000000000800a61c       0xe0 /home/saloutos/.eclipse/com.st.stm32cube.ide.mcu.rcp.product_1.10.1_492108868_linux_gtk_x86_64/plugins/com.st.stm32cube.ide.mcu.externaltools.gnu-tools-for-stm32.10.3-2021.10.linux64_1.0.100.202210260954/tools/bin/../lib/gcc/arm-none-eabi/10.3.1/../../../../arm-none-eabi/lib/thumb/v7e-m+fp/hard/libc_nano.a(lib_a-mprec.o)
                0x000000000800a61c                __lshift
 .text.__mcmp   0x000000000800a6fc       0x38 /home/saloutos/.eclipse/com.st.stm32cube.ide.mcu.rcp.product_1.10.1_492108868_linux_gtk_x86_64/plugins/com.st.stm32cube.ide.mcu.externaltools.gnu-tools-for-stm32.10.3-2021.10.linux64_1.0.100.202210260954/tools/bin/../lib/gcc/arm-none-eabi/10.3.1/../../../../arm-none-eabi/lib/thumb/v7e-m+fp/hard/libc_nano.a(lib_a-mprec.o)
                0x000000000800a6fc                __mcmp
 .text.__mdiff  0x000000000800a734      0x114 /home/saloutos/.eclipse/com.st.stm32cube.ide.mcu.rcp.product_1.10.1_492108868_linux_gtk_x86_64/plugins/com.st.stm32cube.ide.mcu.externaltools.gnu-tools-for-stm32.10.3-2021.10.linux64_1.0.100.202210260954/tools/bin/../lib/gcc/arm-none-eabi/10.3.1/../../../../arm-none-eabi/lib/thumb/v7e-m+fp/hard/libc_nano.a(lib_a-mprec.o)
                0x000000000800a734                __mdiff
 .text.__ulp    0x000000000800a848       0x58 /home/saloutos/.eclipse/com.st.stm32cube.ide.mcu.rcp.product_1.10.1_492108868_linux_gtk_x86_64/plugins/com.st.stm32cube.ide.mcu.externaltools.gnu-tools-for-stm32.10.3-2021.10.linux64_1.0.100.202210260954/tools/bin/../lib/gcc/arm-none-eabi/10.3.1/../../../../arm-none-eabi/lib/thumb/v7e-m+fp/hard/libc_nano.a(lib_a-mprec.o)
                0x000000000800a848                __ulp
 .text.__b2d    0x000000000800a8a0       0xa0 /home/saloutos/.eclipse/com.st.stm32cube.ide.mcu.rcp.product_1.10.1_492108868_linux_gtk_x86_64/plugins/com.st.stm32cube.ide.mcu.externaltools.gnu-tools-for-stm32.10.3-2021.10.linux64_1.0.100.202210260954/tools/bin/../lib/gcc/arm-none-eabi/10.3.1/../../../../arm-none-eabi/lib/thumb/v7e-m+fp/hard/libc_nano.a(lib_a-mprec.o)
                0x000000000800a8a0                __b2d
 .text.__d2b    0x000000000800a940       0xb8 /home/saloutos/.eclipse/com.st.stm32cube.ide.mcu.rcp.product_1.10.1_492108868_linux_gtk_x86_64/plugins/com.st.stm32cube.ide.mcu.externaltools.gnu-tools-for-stm32.10.3-2021.10.linux64_1.0.100.202210260954/tools/bin/../lib/gcc/arm-none-eabi/10.3.1/../../../../arm-none-eabi/lib/thumb/v7e-m+fp/hard/libc_nano.a(lib_a-mprec.o)
                0x000000000800a940                __d2b
 .text.__ratio  0x000000000800a9f8       0x66 /home/saloutos/.eclipse/com.st.stm32cube.ide.mcu.rcp.product_1.10.1_492108868_linux_gtk_x86_64/plugins/com.st.stm32cube.ide.mcu.externaltools.gnu-tools-for-stm32.10.3-2021.10.linux64_1.0.100.202210260954/tools/bin/../lib/gcc/arm-none-eabi/10.3.1/../../../../arm-none-eabi/lib/thumb/v7e-m+fp/hard/libc_nano.a(lib_a-mprec.o)
                0x000000000800a9f8                __ratio
 .text.__copybits
                0x000000000800aa5e       0x46 /home/saloutos/.eclipse/com.st.stm32cube.ide.mcu.rcp.product_1.10.1_492108868_linux_gtk_x86_64/plugins/com.st.stm32cube.ide.mcu.externaltools.gnu-tools-for-stm32.10.3-2021.10.linux64_1.0.100.202210260954/tools/bin/../lib/gcc/arm-none-eabi/10.3.1/../../../../arm-none-eabi/lib/thumb/v7e-m+fp/hard/libc_nano.a(lib_a-mprec.o)
                0x000000000800aa5e                __copybits
 .text.__any_on
                0x000000000800aaa4       0x42 /home/saloutos/.eclipse/com.st.stm32cube.ide.mcu.rcp.product_1.10.1_492108868_linux_gtk_x86_64/plugins/com.st.stm32cube.ide.mcu.externaltools.gnu-tools-for-stm32.10.3-2021.10.linux64_1.0.100.202210260954/tools/bin/../lib/gcc/arm-none-eabi/10.3.1/../../../../arm-none-eabi/lib/thumb/v7e-m+fp/hard/libc_nano.a(lib_a-mprec.o)
                0x000000000800aaa4                __any_on
 .text._calloc_r
                0x000000000800aae6       0x2c /home/saloutos/.eclipse/com.st.stm32cube.ide.mcu.rcp.product_1.10.1_492108868_linux_gtk_x86_64/plugins/com.st.stm32cube.ide.mcu.externaltools.gnu-tools-for-stm32.10.3-2021.10.linux64_1.0.100.202210260954/tools/bin/../lib/gcc/arm-none-eabi/10.3.1/../../../../arm-none-eabi/lib/thumb/v7e-m+fp/hard/libc_nano.a(lib_a-nano-callocr.o)
                0x000000000800aae6                _calloc_r
 *fill*         0x000000000800ab12        0x2 
 .text._free_r  0x000000000800ab14       0x98 /home/saloutos/.eclipse/com.st.stm32cube.ide.mcu.rcp.product_1.10.1_492108868_linux_gtk_x86_64/plugins/com.st.stm32cube.ide.mcu.externaltools.gnu-tools-for-stm32.10.3-2021.10.linux64_1.0.100.202210260954/tools/bin/../lib/gcc/arm-none-eabi/10.3.1/../../../../arm-none-eabi/lib/thumb/v7e-m+fp/hard/libc_nano.a(lib_a-nano-freer.o)
                0x000000000800ab14                _free_r
 .text.sbrk_aligned
                0x000000000800abac       0x40 /home/saloutos/.eclipse/com.st.stm32cube.ide.mcu.rcp.product_1.10.1_492108868_linux_gtk_x86_64/plugins/com.st.stm32cube.ide.mcu.externaltools.gnu-tools-for-stm32.10.3-2021.10.linux64_1.0.100.202210260954/tools/bin/../lib/gcc/arm-none-eabi/10.3.1/../../../../arm-none-eabi/lib/thumb/v7e-m+fp/hard/libc_nano.a(lib_a-nano-mallocr.o)
 .text._malloc_r
                0x000000000800abec       0xe8 /home/saloutos/.eclipse/com.st.stm32cube.ide.mcu.rcp.product_1.10.1_492108868_linux_gtk_x86_64/plugins/com.st.stm32cube.ide.mcu.externaltools.gnu-tools-for-stm32.10.3-2021.10.linux64_1.0.100.202210260954/tools/bin/../lib/gcc/arm-none-eabi/10.3.1/../../../../arm-none-eabi/lib/thumb/v7e-m+fp/hard/libc_nano.a(lib_a-nano-mallocr.o)
                0x000000000800abec                _malloc_r
 .text.__sfputc_r
                0x000000000800acd4       0x2e /home/saloutos/.eclipse/com.st.stm32cube.ide.mcu.rcp.product_1.10.1_492108868_linux_gtk_x86_64/plugins/com.st.stm32cube.ide.mcu.externaltools.gnu-tools-for-stm32.10.3-2021.10.linux64_1.0.100.202210260954/tools/bin/../lib/gcc/arm-none-eabi/10.3.1/../../../../arm-none-eabi/lib/thumb/v7e-m+fp/hard/libc_nano.a(lib_a-nano-vfprintf.o)
 .text.__sfputs_r
                0x000000000800ad02       0x24 /home/saloutos/.eclipse/com.st.stm32cube.ide.mcu.rcp.product_1.10.1_492108868_linux_gtk_x86_64/plugins/com.st.stm32cube.ide.mcu.externaltools.gnu-tools-for-stm32.10.3-2021.10.linux64_1.0.100.202210260954/tools/bin/../lib/gcc/arm-none-eabi/10.3.1/../../../../arm-none-eabi/lib/thumb/v7e-m+fp/hard/libc_nano.a(lib_a-nano-vfprintf.o)
                0x000000000800ad02                __sfputs_r
 *fill*         0x000000000800ad26        0x2 
 .text._vfprintf_r
                0x000000000800ad28      0x260 /home/saloutos/.eclipse/com.st.stm32cube.ide.mcu.rcp.product_1.10.1_492108868_linux_gtk_x86_64/plugins/com.st.stm32cube.ide.mcu.externaltools.gnu-tools-for-stm32.10.3-2021.10.linux64_1.0.100.202210260954/tools/bin/../lib/gcc/arm-none-eabi/10.3.1/../../../../arm-none-eabi/lib/thumb/v7e-m+fp/hard/libc_nano.a(lib_a-nano-vfprintf.o)
                0x000000000800ad28                _vfiprintf_r
                0x000000000800ad28                _vfprintf_r
 .text.nan      0x000000000800af88       0x10 /home/saloutos/.eclipse/com.st.stm32cube.ide.mcu.rcp.product_1.10.1_492108868_linux_gtk_x86_64/plugins/com.st.stm32cube.ide.mcu.externaltools.gnu-tools-for-stm32.10.3-2021.10.linux64_1.0.100.202210260954/tools/bin/../lib/gcc/arm-none-eabi/10.3.1/../../../../arm-none-eabi/lib/thumb/v7e-m+fp/hard/libc_nano.a(lib_a-s_nan.o)
                0x000000000800af88                nan
 .text._sbrk_r  0x000000000800af98       0x20 /home/saloutos/.eclipse/com.st.stm32cube.ide.mcu.rcp.product_1.10.1_492108868_linux_gtk_x86_64/plugins/com.st.stm32cube.ide.mcu.externaltools.gnu-tools-for-stm32.10.3-2021.10.linux64_1.0.100.202210260954/tools/bin/../lib/gcc/arm-none-eabi/10.3.1/../../../../arm-none-eabi/lib/thumb/v7e-m+fp/hard/libc_nano.a(lib_a-sbrkr.o)
                0x000000000800af98                _sbrk_r
 .text.__sread  0x000000000800afb8       0x22 /home/saloutos/.eclipse/com.st.stm32cube.ide.mcu.rcp.product_1.10.1_492108868_linux_gtk_x86_64/plugins/com.st.stm32cube.ide.mcu.externaltools.gnu-tools-for-stm32.10.3-2021.10.linux64_1.0.100.202210260954/tools/bin/../lib/gcc/arm-none-eabi/10.3.1/../../../../arm-none-eabi/lib/thumb/v7e-m+fp/hard/libc_nano.a(lib_a-stdio.o)
                0x000000000800afb8                __sread
 .text.__swrite
                0x000000000800afda       0x38 /home/saloutos/.eclipse/com.st.stm32cube.ide.mcu.rcp.product_1.10.1_492108868_linux_gtk_x86_64/plugins/com.st.stm32cube.ide.mcu.externaltools.gnu-tools-for-stm32.10.3-2021.10.linux64_1.0.100.202210260954/tools/bin/../lib/gcc/arm-none-eabi/10.3.1/../../../../arm-none-eabi/lib/thumb/v7e-m+fp/hard/libc_nano.a(lib_a-stdio.o)
                0x000000000800afda                __swrite
 .text.__sseek  0x000000000800b012       0x24 /home/saloutos/.eclipse/com.st.stm32cube.ide.mcu.rcp.product_1.10.1_492108868_linux_gtk_x86_64/plugins/com.st.stm32cube.ide.mcu.externaltools.gnu-tools-for-stm32.10.3-2021.10.linux64_1.0.100.202210260954/tools/bin/../lib/gcc/arm-none-eabi/10.3.1/../../../../arm-none-eabi/lib/thumb/v7e-m+fp/hard/libc_nano.a(lib_a-stdio.o)
                0x000000000800b012                __sseek
 .text.__sclose
                0x000000000800b036        0x8 /home/saloutos/.eclipse/com.st.stm32cube.ide.mcu.rcp.product_1.10.1_492108868_linux_gtk_x86_64/plugins/com.st.stm32cube.ide.mcu.externaltools.gnu-tools-for-stm32.10.3-2021.10.linux64_1.0.100.202210260954/tools/bin/../lib/gcc/arm-none-eabi/10.3.1/../../../../arm-none-eabi/lib/thumb/v7e-m+fp/hard/libc_nano.a(lib_a-stdio.o)
                0x000000000800b036                __sclose
 .text.strncmp  0x000000000800b03e       0x28 /home/saloutos/.eclipse/com.st.stm32cube.ide.mcu.rcp.product_1.10.1_492108868_linux_gtk_x86_64/plugins/com.st.stm32cube.ide.mcu.externaltools.gnu-tools-for-stm32.10.3-2021.10.linux64_1.0.100.202210260954/tools/bin/../lib/gcc/arm-none-eabi/10.3.1/../../../../arm-none-eabi/lib/thumb/v7e-m+fp/hard/libc_nano.a(lib_a-strncmp.o)
                0x000000000800b03e                strncmp
 .text.__ascii_wctomb
                0x000000000800b066       0x1a /home/saloutos/.eclipse/com.st.stm32cube.ide.mcu.rcp.product_1.10.1_492108868_linux_gtk_x86_64/plugins/com.st.stm32cube.ide.mcu.externaltools.gnu-tools-for-stm32.10.3-2021.10.linux64_1.0.100.202210260954/tools/bin/../lib/gcc/arm-none-eabi/10.3.1/../../../../arm-none-eabi/lib/thumb/v7e-m+fp/hard/libc_nano.a(lib_a-wctomb_r.o)
                0x000000000800b066                __ascii_wctomb
 .text._write_r
                0x000000000800b080       0x24 /home/saloutos/.eclipse/com.st.stm32cube.ide.mcu.rcp.product_1.10.1_492108868_linux_gtk_x86_64/plugins/com.st.stm32cube.ide.mcu.externaltools.gnu-tools-for-stm32.10.3-2021.10.linux64_1.0.100.202210260954/tools/bin/../lib/gcc/arm-none-eabi/10.3.1/../../../../arm-none-eabi/lib/thumb/v7e-m+fp/hard/libc_nano.a(lib_a-writer.o)
                0x000000000800b080                _write_r
 .text.__assert_func
                0x000000000800b0a4       0x3c /home/saloutos/.eclipse/com.st.stm32cube.ide.mcu.rcp.product_1.10.1_492108868_linux_gtk_x86_64/plugins/com.st.stm32cube.ide.mcu.externaltools.gnu-tools-for-stm32.10.3-2021.10.linux64_1.0.100.202210260954/tools/bin/../lib/gcc/arm-none-eabi/10.3.1/../../../../arm-none-eabi/lib/thumb/v7e-m+fp/hard/libc_nano.a(lib_a-assert.o)
                0x000000000800b0a4                __assert_func
 .text._close_r
                0x000000000800b0e0       0x20 /home/saloutos/.eclipse/com.st.stm32cube.ide.mcu.rcp.product_1.10.1_492108868_linux_gtk_x86_64/plugins/com.st.stm32cube.ide.mcu.externaltools.gnu-tools-for-stm32.10.3-2021.10.linux64_1.0.100.202210260954/tools/bin/../lib/gcc/arm-none-eabi/10.3.1/../../../../arm-none-eabi/lib/thumb/v7e-m+fp/hard/libc_nano.a(lib_a-closer.o)
                0x000000000800b0e0                _close_r
 .text.fprintf  0x000000000800b100       0x24 /home/saloutos/.eclipse/com.st.stm32cube.ide.mcu.rcp.product_1.10.1_492108868_linux_gtk_x86_64/plugins/com.st.stm32cube.ide.mcu.externaltools.gnu-tools-for-stm32.10.3-2021.10.linux64_1.0.100.202210260954/tools/bin/../lib/gcc/arm-none-eabi/10.3.1/../../../../arm-none-eabi/lib/thumb/v7e-m+fp/hard/libc_nano.a(lib_a-fprintf.o)
                0x000000000800b100                fprintf
                0x000000000800b100                fiprintf
 .text._fstat_r
                0x000000000800b124       0x24 /home/saloutos/.eclipse/com.st.stm32cube.ide.mcu.rcp.product_1.10.1_492108868_linux_gtk_x86_64/plugins/com.st.stm32cube.ide.mcu.externaltools.gnu-tools-for-stm32.10.3-2021.10.linux64_1.0.100.202210260954/tools/bin/../lib/gcc/arm-none-eabi/10.3.1/../../../../arm-none-eabi/lib/thumb/v7e-m+fp/hard/libc_nano.a(lib_a-fstatr.o)
                0x000000000800b124                _fstat_r
 .text._isatty_r
                0x000000000800b148       0x20 /home/saloutos/.eclipse/com.st.stm32cube.ide.mcu.rcp.product_1.10.1_492108868_linux_gtk_x86_64/plugins/com.st.stm32cube.ide.mcu.externaltools.gnu-tools-for-stm32.10.3-2021.10.linux64_1.0.100.202210260954/tools/bin/../lib/gcc/arm-none-eabi/10.3.1/../../../../arm-none-eabi/lib/thumb/v7e-m+fp/hard/libc_nano.a(lib_a-isattyr.o)
                0x000000000800b148                _isatty_r
 .text._lseek_r
                0x000000000800b168       0x24 /home/saloutos/.eclipse/com.st.stm32cube.ide.mcu.rcp.product_1.10.1_492108868_linux_gtk_x86_64/plugins/com.st.stm32cube.ide.mcu.externaltools.gnu-tools-for-stm32.10.3-2021.10.linux64_1.0.100.202210260954/tools/bin/../lib/gcc/arm-none-eabi/10.3.1/../../../../arm-none-eabi/lib/thumb/v7e-m+fp/hard/libc_nano.a(lib_a-lseekr.o)
                0x000000000800b168                _lseek_r
 .text.__malloc_lock
                0x000000000800b18c        0xc /home/saloutos/.eclipse/com.st.stm32cube.ide.mcu.rcp.product_1.10.1_492108868_linux_gtk_x86_64/plugins/com.st.stm32cube.ide.mcu.externaltools.gnu-tools-for-stm32.10.3-2021.10.linux64_1.0.100.202210260954/tools/bin/../lib/gcc/arm-none-eabi/10.3.1/../../../../arm-none-eabi/lib/thumb/v7e-m+fp/hard/libc_nano.a(lib_a-mlock.o)
                0x000000000800b18c                __malloc_lock
 .text.__malloc_unlock
                0x000000000800b198        0xc /home/saloutos/.eclipse/com.st.stm32cube.ide.mcu.rcp.product_1.10.1_492108868_linux_gtk_x86_64/plugins/com.st.stm32cube.ide.mcu.externaltools.gnu-tools-for-stm32.10.3-2021.10.linux64_1.0.100.202210260954/tools/bin/../lib/gcc/arm-none-eabi/10.3.1/../../../../arm-none-eabi/lib/thumb/v7e-m+fp/hard/libc_nano.a(lib_a-mlock.o)
                0x000000000800b198                __malloc_unlock
 .text._read_r  0x000000000800b1a4       0x24 /home/saloutos/.eclipse/com.st.stm32cube.ide.mcu.rcp.product_1.10.1_492108868_linux_gtk_x86_64/plugins/com.st.stm32cube.ide.mcu.externaltools.gnu-tools-for-stm32.10.3-2021.10.linux64_1.0.100.202210260954/tools/bin/../lib/gcc/arm-none-eabi/10.3.1/../../../../arm-none-eabi/lib/thumb/v7e-m+fp/hard/libc_nano.a(lib_a-readr.o)
                0x000000000800b1a4                _read_r
 .text.abort    0x000000000800b1c8        0xe /home/saloutos/.eclipse/com.st.stm32cube.ide.mcu.rcp.product_1.10.1_492108868_linux_gtk_x86_64/plugins/com.st.stm32cube.ide.mcu.externaltools.gnu-tools-for-stm32.10.3-2021.10.linux64_1.0.100.202210260954/tools/bin/../lib/gcc/arm-none-eabi/10.3.1/../../../../arm-none-eabi/lib/thumb/v7e-m+fp/hard/libc_nano.a(lib_a-abort.o)
                0x000000000800b1c8                abort
 .text._raise_r